../Core/Src/main.c:191:13:on_vesc_values	16	static
../Core/Src/main.c:209:6:HAL_UART_RxCpltCallback	16	static
../Core/Src/main.c:265:5:main	16	static
../Core/Src/main.c:415:6:SystemClock_Config	88	static
../Core/Src/main.c:473:13:MX_ETH_Init	8	static
../Core/Src/main.c:522:13:MX_I2C1_Init	8	static
../Core/Src/main.c:570:13:MX_UART5_Init	8	static
../Core/Src/main.c:605:13:MX_USART1_UART_Init	8	static
../Core/Src/main.c:640:13:MX_USART2_UART_Init	8	static
../Core/Src/main.c:675:13:MX_USART3_UART_Init	8	static
../Core/Src/main.c:710:13:MX_GPIO_Init	64	static
../Core/Src/main.c:805:13:MX_UART4_Init	8	static
../Core/Src/main.c:828:13:MX_UART7_Init	8	static
../Core/Src/main.c:850:6:MPU_Config	24	static
../Core/Src/main.c:881:6:Error_Handler	4	static,ignoring_inline_asm
