../Core/Src/main.c:212:13:on_vesc_values	16	static
../Core/Src/main.c:226:6:HAL_UART_RxCpltCallback	16	static
../Core/Src/main.c:250:13:handle_drive	32	static
../Core/Src/main.c:268:13:handle_drive_stop	16	static
../Core/Src/main.c:276:13:handle_estop_assert	24	static
../Core/Src/main.c:284:13:handle_estop_clear	16	static
../Core/Src/main.c:292:13:handle_estop_query	24	static
../Core/Src/main.c:302:13:handle_status_req	32	static
../Core/Src/main.c:341:13:handle_heartbeat	16	static
../Core/Src/main.c:349:13:handle_ping	16	static
../Core/Src/main.c:355:13:handle_fault_report	24	static
../Core/Src/main.c:371:5:main	32	static
../Core/Src/main.c:558:6:SystemClock_Config	88	static
../Core/Src/main.c:616:13:MX_ADC1_Init	24	static
../Core/Src/main.c:688:13:MX_ETH_Init	8	static
../Core/Src/main.c:737:13:MX_I2C1_Init	8	static
../Core/Src/main.c:785:13:MX_TIM3_Init	64	static
../Core/Src/main.c:844:13:MX_UART5_Init	8	static
../Core/Src/main.c:879:13:MX_USART1_UART_Init	8	static
../Core/Src/main.c:914:13:MX_USART2_UART_Init	8	static
../Core/Src/main.c:949:13:MX_USART3_UART_Init	8	static
../Core/Src/main.c:982:13:MX_DMA_Init	16	static
../Core/Src/main.c:1000:13:MX_GPIO_Init	64	static
../Core/Src/main.c:1107:13:MX_UART4_Init	40	static
../Core/Src/main.c:1156:13:MX_UART7_Init	40	static
../Core/Src/main.c:1196:13:MX_ESTOP_GPIO_Init	32	static
../Core/Src/main.c:1215:6:MPU_Config	24	static
../Core/Src/main.c:1246:6:Error_Handler	4	static,ignoring_inline_asm
