../Core/Src/ui.c:56:13:UI_StatePtr	4	static
../Core/Src/ui.c:61:13:ui_set_screen	16	static
../Core/Src/ui.c:70:13:ui_title	24	static
../Core/Src/ui.c:82:13:ui_speed_bar	40	static
../Core/Src/ui.c:108:20:fault_name	16	static
../Core/Src/ui.c:125:13:ui_log_fault	24	static
../Core/Src/ui.c:143:20:dir_label	16	static
../Core/Src/ui.c:159:13:ui_draw_splash	24	static
../Core/Src/ui.c:195:13:ui_draw_main_menu	24	static
../Core/Src/ui.c:247:13:ui_draw_status_monitor	80	static
../Core/Src/ui.c:332:13:ui_draw_motor_control	56	static
../Core/Src/ui.c:394:13:ui_draw_robot_arm	16	static
../Core/Src/ui.c:412:13:ui_draw_info	56	static
../Core/Src/ui.c:447:13:ui_handle_splash	16	static
../Core/Src/ui.c:455:13:ui_handle_main_menu	24	static
../Core/Src/ui.c:481:13:ui_handle_status_monitor	24	static
../Core/Src/ui.c:492:13:ui_handle_motor_control	24	static
../Core/Src/ui.c:562:13:ui_handle_robot_arm	16	static
../Core/Src/ui.c:570:13:ui_handle_power	24	static
../Core/Src/ui.c:580:13:ui_handle_estop	24	static
../Core/Src/ui.c:591:13:ui_handle_info	24	static
../Core/Src/ui.c:610:6:UI_Init	8	static
../Core/Src/ui.c:624:6:UI_Update	24	static
../Core/Src/ui.c:729:6:UI_TelemetryUpdate	16	static
../Core/Src/ui.c:744:6:UI_ForceRedraw	4	static
