../Core/Src/ui.c:55:13:ui_set_screen	16	static
../Core/Src/ui.c:64:13:ui_title	24	static
../Core/Src/ui.c:76:13:ui_speed_bar	40	static
../Core/Src/ui.c:102:20:fault_name	16	static
../Core/Src/ui.c:119:13:ui_log_fault	24	static
../Core/Src/ui.c:137:20:dir_label	16	static
../Core/Src/ui.c:153:13:ui_draw_splash	24	static
../Core/Src/ui.c:184:13:ui_draw_main_menu	24	static
../Core/Src/ui.c:235:13:ui_draw_status_monitor	64	static
../Core/Src/ui.c:332:13:ui_draw_motor_control	56	static
../Core/Src/ui.c:394:13:ui_draw_robot_arm	16	static
../Core/Src/ui.c:412:13:ui_draw_info	56	static
../Core/Src/ui.c:447:13:ui_handle_splash	16	static
../Core/Src/ui.c:455:13:ui_handle_main_menu	24	static
../Core/Src/ui.c:478:13:ui_handle_status_monitor	24	static
../Core/Src/ui.c:489:13:ui_handle_motor_control	24	static
../Core/Src/ui.c:559:13:ui_handle_robot_arm	16	static
../Core/Src/ui.c:566:13:ui_handle_info	24	static
../Core/Src/ui.c:585:6:UI_Init	8	static
../Core/Src/ui.c:599:6:UI_Update	24	static
../Core/Src/ui.c:675:6:UI_TelemetryUpdate	16	static
../Core/Src/ui.c:690:6:UI_ForceRedraw	4	static
