../Core/Src/ui.c:54:13:UI_StatePtr	4	static
../Core/Src/ui.c:59:13:ui_set_screen	16	static
../Core/Src/ui.c:68:13:ui_title	24	static
../Core/Src/ui.c:80:13:ui_speed_bar	40	static
../Core/Src/ui.c:106:20:fault_name	16	static
../Core/Src/ui.c:123:13:ui_log_fault	24	static
../Core/Src/ui.c:141:20:dir_label	16	static
../Core/Src/ui.c:157:13:ui_draw_splash	24	static
../Core/Src/ui.c:193:13:ui_draw_main_menu	24	static
../Core/Src/ui.c:245:13:ui_draw_status_monitor	80	static
../Core/Src/ui.c:329:13:ui_draw_motor_control	56	static
../Core/Src/ui.c:391:13:ui_draw_robot_arm	16	static
../Core/Src/ui.c:409:13:ui_draw_info	56	static
../Core/Src/ui.c:444:13:ui_handle_splash	16	static
../Core/Src/ui.c:452:13:ui_handle_main_menu	24	static
../Core/Src/ui.c:478:13:ui_handle_status_monitor	24	static
../Core/Src/ui.c:489:13:ui_handle_motor_control	24	static
../Core/Src/ui.c:559:13:ui_handle_robot_arm	16	static
../Core/Src/ui.c:567:13:ui_handle_power	24	static
../Core/Src/ui.c:575:13:ui_handle_info	24	static
../Core/Src/ui.c:594:6:UI_Init	8	static
../Core/Src/ui.c:608:6:UI_Update	24	static
../Core/Src/ui.c:691:6:UI_TelemetryUpdate	16	static
../Core/Src/ui.c:706:6:UI_ForceRedraw	4	static
