../Core/Src/ui.c:43:13:ui_set_screen	16	static
../Core/Src/ui.c:52:13:ui_title	24	static
../Core/Src/ui.c:64:13:ui_speed_bar	40	static
../Core/Src/ui.c:86:20:fault_name	16	static
../Core/Src/ui.c:106:13:ui_log_fault	24	static
../Core/Src/ui.c:124:20:dir_label	16	static
../Core/Src/ui.c:140:13:ui_draw_splash	24	static
../Core/Src/ui.c:171:13:ui_draw_main_menu	24	static
../Core/Src/ui.c:206:13:ui_draw_status_monitor	56	static
../Core/Src/ui.c:263:13:ui_draw_motor_control	56	static
../Core/Src/ui.c:325:13:ui_draw_robot_arm	16	static
../Core/Src/ui.c:343:13:ui_draw_info	56	static
../Core/Src/ui.c:378:13:ui_handle_splash	16	static
../Core/Src/ui.c:386:13:ui_handle_main_menu	24	static
../Core/Src/ui.c:409:13:ui_handle_status_monitor	24	static
../Core/Src/ui.c:420:13:ui_handle_motor_control	24	static
../Core/Src/ui.c:490:13:ui_handle_robot_arm	16	static
../Core/Src/ui.c:497:13:ui_handle_info	24	static
../Core/Src/ui.c:516:6:UI_Init	8	static
../Core/Src/ui.c:530:6:UI_Update	24	static
../Core/Src/ui.c:606:6:UI_TelemetryUpdate	16	static
../Core/Src/ui.c:621:6:UI_ForceRedraw	4	static
