../Core/Src/ui.c:56:13:ui_set_screen	16	static
../Core/Src/ui.c:65:13:ui_title	24	static
../Core/Src/ui.c:77:13:ui_speed_bar	40	static
../Core/Src/ui.c:103:20:fault_name	16	static
../Core/Src/ui.c:120:13:ui_log_fault	24	static
../Core/Src/ui.c:138:20:dir_label	16	static
../Core/Src/ui.c:154:13:ui_draw_splash	24	static
../Core/Src/ui.c:190:13:ui_draw_main_menu	24	static
../Core/Src/ui.c:242:13:ui_draw_status_monitor	64	static
../Core/Src/ui.c:339:13:ui_draw_motor_control	56	static
../Core/Src/ui.c:401:13:ui_draw_robot_arm	16	static
../Core/Src/ui.c:419:13:ui_draw_info	56	static
../Core/Src/ui.c:454:13:ui_handle_splash	16	static
../Core/Src/ui.c:462:13:ui_handle_main_menu	24	static
../Core/Src/ui.c:488:13:ui_handle_status_monitor	24	static
../Core/Src/ui.c:499:13:ui_handle_motor_control	24	static
../Core/Src/ui.c:569:13:ui_handle_robot_arm	16	static
../Core/Src/ui.c:579:13:ui_handle_stepper	24	static
../Core/Src/ui.c:587:13:ui_handle_info	24	static
../Core/Src/ui.c:606:6:UI_Init	8	static
../Core/Src/ui.c:620:6:UI_Update	24	static
../Core/Src/ui.c:699:6:UI_TelemetryUpdate	16	static
../Core/Src/ui.c:714:6:UI_ForceRedraw	4	static
