../Core/Src/vesc.c:42:13:send_packet_left	16	static
../Core/Src/vesc.c:55:13:send_packet_right	16	static
../Core/Src/vesc.c:65:14:clamp_duty	16	static
../Core/Src/vesc.c:81:13:set_duty_left	16	static
../Core/Src/vesc.c:88:13:set_duty_right	16	static
../Core/Src/vesc.c:99:6:VESC_Init	8	static
../Core/Src/vesc.c:106:6:VESC_TankDrive	32	static
../Core/Src/vesc.c:127:6:VESC_JoystickDrive	24	static
../Core/Src/vesc.c:142:6:VESC_Stop	8	static
../Core/Src/vesc.c:150:6:VESC_SetValuesCallback	16	static
../Core/Src/vesc.c:159:6:VESC_RequestValues	8	static
../Core/Src/vesc.c:167:6:VESC_ProcessRxByte	16	static
