../Drivers/CMSIS/Include/bldc_interface1.c:75:6:bldc_interface_init1	16	static
../Drivers/CMSIS/Include/bldc_interface1.c:79:6:bldc_interface_set_forward_func1	16	static
../Drivers/CMSIS/Include/bldc_interface1.c:92:6:bldc_interface_send_packet1	16	static
../Drivers/CMSIS/Include/bldc_interface1.c:107:6:bldc_interface_process_packet1	32	static
../Drivers/CMSIS/Include/bldc_interface1.c:491:6:bldc_interface_set_rx_value_func1	16	static
../Drivers/CMSIS/Include/bldc_interface1.c:495:6:bldc_interface_set_rx_printf_func1	16	static
../Drivers/CMSIS/Include/bldc_interface1.c:499:6:bldc_interface_set_rx_fw_func1	16	static
../Drivers/CMSIS/Include/bldc_interface1.c:503:6:bldc_interface_set_rx_rotor_pos_func1	16	static
../Drivers/CMSIS/Include/bldc_interface1.c:507:6:bldc_interface_set_rx_mcconf_func1	16	static
../Drivers/CMSIS/Include/bldc_interface1.c:511:6:bldc_interface_set_rx_appconf_func1	16	static
../Drivers/CMSIS/Include/bldc_interface1.c:515:6:bldc_interface_set_rx_detect_func1	16	static
../Drivers/CMSIS/Include/bldc_interface1.c:520:6:bldc_interface_set_rx_dec_ppm_func1	16	static
../Drivers/CMSIS/Include/bldc_interface1.c:524:6:bldc_interface_set_rx_dec_adc_func1	16	static
../Drivers/CMSIS/Include/bldc_interface1.c:528:6:bldc_interface_set_rx_dec_chuk_func1	16	static
../Drivers/CMSIS/Include/bldc_interface1.c:532:6:bldc_interface_set_rx_mcconf_received_func1	16	static
../Drivers/CMSIS/Include/bldc_interface1.c:536:6:bldc_interface_set_rx_appconf_received_func1	16	static
../Drivers/CMSIS/Include/bldc_interface1.c:540:6:bldc_interface_set_sim_control_function1	16	static
../Drivers/CMSIS/Include/bldc_interface1.c:544:6:bldc_interface_set_sim_values_func1	16	static
../Drivers/CMSIS/Include/bldc_interface1.c:549:6:bldc_interface_terminal_cmd1	24	static
../Drivers/CMSIS/Include/bldc_interface1.c:556:6:bldc_interface_set_duty_cycle1	24	static
../Drivers/CMSIS/Include/bldc_interface1.c:567:6:bldc_interface_set_current1	24	static
../Drivers/CMSIS/Include/bldc_interface1.c:578:6:bldc_interface_set_current_brake1	24	static
../Drivers/CMSIS/Include/bldc_interface1.c:589:6:bldc_interface_set_rpm1	24	static
../Drivers/CMSIS/Include/bldc_interface1.c:600:6:bldc_interface_set_pos1	24	static
../Drivers/CMSIS/Include/bldc_interface1.c:611:6:bldc_interface_set_handbrake1	24	static
../Drivers/CMSIS/Include/bldc_interface1.c:618:6:bldc_interface_set_servo_pos1	24	static
../Drivers/CMSIS/Include/bldc_interface1.c:625:6:bldc_interface_set_mcconf1	24	static
../Drivers/CMSIS/Include/bldc_interface1.c:738:6:bldc_interface_set_appconf1	24	static
../Drivers/CMSIS/Include/bldc_interface1.c:818:6:bldc_interface_get_fw_version1	16	static
../Drivers/CMSIS/Include/bldc_interface1.c:824:6:bldc_interface_get_values1	16	static
../Drivers/CMSIS/Include/bldc_interface1.c:834:6:bldc_interface_get_mcconf1	16	static
../Drivers/CMSIS/Include/bldc_interface1.c:840:6:bldc_interface_get_appconf1	16	static
../Drivers/CMSIS/Include/bldc_interface1.c:846:6:bldc_interface_get_decoded_ppm1	16	static
../Drivers/CMSIS/Include/bldc_interface1.c:852:6:bldc_interface_get_decoded_adc1	16	static
../Drivers/CMSIS/Include/bldc_interface1.c:858:6:bldc_interface_get_decoded_chuk1	16	static
../Drivers/CMSIS/Include/bldc_interface1.c:865:6:bldc_interface_detect_motor_param1	32	static
../Drivers/CMSIS/Include/bldc_interface1.c:874:6:bldc_interface_reboot1	16	static
../Drivers/CMSIS/Include/bldc_interface1.c:880:6:bldc_interface_send_alive1	16	static
../Drivers/CMSIS/Include/bldc_interface1.c:886:6:send_values_to_receiver1	16	static
../Drivers/CMSIS/Include/bldc_interface1.c:893:13:bldc_interface_fault_to_string1	16	static
../Drivers/CMSIS/Include/bldc_interface1.c:907:6:send_packet_no_fwd1	16	static
