Archive member included to satisfy reference by file (symbol)

C:/ST/STM32CubeIDE_2.0.0/STM32CubeIDE/plugins/com.st.stm32cube.ide.mcu.externaltools.gnu-tools-for-stm32.13.3.rel1.win32_1.0.100.202509120712/tools/bin/../lib/gcc/arm-none-eabi/13.3.1/../../../../arm-none-eabi/lib/thumb/v7e-m+dp/hard\libc_nano.a(libc_a-exit.o)
                              C:/ST/STM32CubeIDE_2.0.0/STM32CubeIDE/plugins/com.st.stm32cube.ide.mcu.externaltools.gnu-tools-for-stm32.13.3.rel1.win32_1.0.100.202509120712/tools/bin/../lib/gcc/arm-none-eabi/13.3.1/../../../../arm-none-eabi/lib/thumb/v7e-m+dp/hard/crt0.o (exit)
C:/ST/STM32CubeIDE_2.0.0/STM32CubeIDE/plugins/com.st.stm32cube.ide.mcu.externaltools.gnu-tools-for-stm32.13.3.rel1.win32_1.0.100.202509120712/tools/bin/../lib/gcc/arm-none-eabi/13.3.1/../../../../arm-none-eabi/lib/thumb/v7e-m+dp/hard\libc_nano.a(libc_a-findfp.o)
                              C:/ST/STM32CubeIDE_2.0.0/STM32CubeIDE/plugins/com.st.stm32cube.ide.mcu.externaltools.gnu-tools-for-stm32.13.3.rel1.win32_1.0.100.202509120712/tools/bin/../lib/gcc/arm-none-eabi/13.3.1/../../../../arm-none-eabi/lib/thumb/v7e-m+dp/hard\libc_nano.a(libc_a-exit.o) (__stdio_exit_handler)
C:/ST/STM32CubeIDE_2.0.0/STM32CubeIDE/plugins/com.st.stm32cube.ide.mcu.externaltools.gnu-tools-for-stm32.13.3.rel1.win32_1.0.100.202509120712/tools/bin/../lib/gcc/arm-none-eabi/13.3.1/../../../../arm-none-eabi/lib/thumb/v7e-m+dp/hard\libc_nano.a(libc_a-fwalk.o)
                              C:/ST/STM32CubeIDE_2.0.0/STM32CubeIDE/plugins/com.st.stm32cube.ide.mcu.externaltools.gnu-tools-for-stm32.13.3.rel1.win32_1.0.100.202509120712/tools/bin/../lib/gcc/arm-none-eabi/13.3.1/../../../../arm-none-eabi/lib/thumb/v7e-m+dp/hard\libc_nano.a(libc_a-findfp.o) (_fwalk_sglue)
C:/ST/STM32CubeIDE_2.0.0/STM32CubeIDE/plugins/com.st.stm32cube.ide.mcu.externaltools.gnu-tools-for-stm32.13.3.rel1.win32_1.0.100.202509120712/tools/bin/../lib/gcc/arm-none-eabi/13.3.1/../../../../arm-none-eabi/lib/thumb/v7e-m+dp/hard\libc_nano.a(libc_a-snprintf.o)
                              ./Core/Src/lcd.o (snprintf)
C:/ST/STM32CubeIDE_2.0.0/STM32CubeIDE/plugins/com.st.stm32cube.ide.mcu.externaltools.gnu-tools-for-stm32.13.3.rel1.win32_1.0.100.202509120712/tools/bin/../lib/gcc/arm-none-eabi/13.3.1/../../../../arm-none-eabi/lib/thumb/v7e-m+dp/hard\libc_nano.a(libc_a-stdio.o)
                              C:/ST/STM32CubeIDE_2.0.0/STM32CubeIDE/plugins/com.st.stm32cube.ide.mcu.externaltools.gnu-tools-for-stm32.13.3.rel1.win32_1.0.100.202509120712/tools/bin/../lib/gcc/arm-none-eabi/13.3.1/../../../../arm-none-eabi/lib/thumb/v7e-m+dp/hard\libc_nano.a(libc_a-findfp.o) (__sread)
C:/ST/STM32CubeIDE_2.0.0/STM32CubeIDE/plugins/com.st.stm32cube.ide.mcu.externaltools.gnu-tools-for-stm32.13.3.rel1.win32_1.0.100.202509120712/tools/bin/../lib/gcc/arm-none-eabi/13.3.1/../../../../arm-none-eabi/lib/thumb/v7e-m+dp/hard\libc_nano.a(libc_a-memset.o)
                              C:/ST/STM32CubeIDE_2.0.0/STM32CubeIDE/plugins/com.st.stm32cube.ide.mcu.externaltools.gnu-tools-for-stm32.13.3.rel1.win32_1.0.100.202509120712/tools/bin/../lib/gcc/arm-none-eabi/13.3.1/../../../../arm-none-eabi/lib/thumb/v7e-m+dp/hard/crt0.o (memset)
C:/ST/STM32CubeIDE_2.0.0/STM32CubeIDE/plugins/com.st.stm32cube.ide.mcu.externaltools.gnu-tools-for-stm32.13.3.rel1.win32_1.0.100.202509120712/tools/bin/../lib/gcc/arm-none-eabi/13.3.1/../../../../arm-none-eabi/lib/thumb/v7e-m+dp/hard\libc_nano.a(libc_a-closer.o)
                              C:/ST/STM32CubeIDE_2.0.0/STM32CubeIDE/plugins/com.st.stm32cube.ide.mcu.externaltools.gnu-tools-for-stm32.13.3.rel1.win32_1.0.100.202509120712/tools/bin/../lib/gcc/arm-none-eabi/13.3.1/../../../../arm-none-eabi/lib/thumb/v7e-m+dp/hard\libc_nano.a(libc_a-stdio.o) (_close_r)
C:/ST/STM32CubeIDE_2.0.0/STM32CubeIDE/plugins/com.st.stm32cube.ide.mcu.externaltools.gnu-tools-for-stm32.13.3.rel1.win32_1.0.100.202509120712/tools/bin/../lib/gcc/arm-none-eabi/13.3.1/../../../../arm-none-eabi/lib/thumb/v7e-m+dp/hard\libc_nano.a(libc_a-reent.o)
                              C:/ST/STM32CubeIDE_2.0.0/STM32CubeIDE/plugins/com.st.stm32cube.ide.mcu.externaltools.gnu-tools-for-stm32.13.3.rel1.win32_1.0.100.202509120712/tools/bin/../lib/gcc/arm-none-eabi/13.3.1/../../../../arm-none-eabi/lib/thumb/v7e-m+dp/hard\libc_nano.a(libc_a-closer.o) (errno)
C:/ST/STM32CubeIDE_2.0.0/STM32CubeIDE/plugins/com.st.stm32cube.ide.mcu.externaltools.gnu-tools-for-stm32.13.3.rel1.win32_1.0.100.202509120712/tools/bin/../lib/gcc/arm-none-eabi/13.3.1/../../../../arm-none-eabi/lib/thumb/v7e-m+dp/hard\libc_nano.a(libc_a-impure.o)
                              C:/ST/STM32CubeIDE_2.0.0/STM32CubeIDE/plugins/com.st.stm32cube.ide.mcu.externaltools.gnu-tools-for-stm32.13.3.rel1.win32_1.0.100.202509120712/tools/bin/../lib/gcc/arm-none-eabi/13.3.1/../../../../arm-none-eabi/lib/thumb/v7e-m+dp/hard\libc_nano.a(libc_a-snprintf.o) (_impure_ptr)
[...]
Memory Configuration

Name             Origin             Length             Attributes
RAM              0x20000000         0x00080000         xrw
FLASH            0x08000000         0x00200000         xr
*default*        0x00000000         0xffffffff

Linker script and memory map

LOAD C:/ST/STM32CubeIDE_2.0.0/STM32CubeIDE/plugins/com.st.stm32cube.ide.mcu.externaltools.gnu-tools-for-stm32.13.3.rel1.win32_1.0.100.202509120712/tools/bin/../lib/gcc/arm-none-eabi/13.3.1/thumb/v7e-m+dp/hard/crti.o
LOAD C:/ST/STM32CubeIDE_2.0.0/STM32CubeIDE/plugins/com.st.stm32cube.ide.mcu.externaltools.gnu-tools-for-stm32.13.3.rel1.win32_1.0.100.202509120712/tools/bin/../lib/gcc/arm-none-eabi/13.3.1/thumb/v7e-m+dp/hard/crtbegin.o
LOAD C:/ST/STM32CubeIDE_2.0.0/STM32CubeIDE/plugins/com.st.stm32cube.ide.mcu.externaltools.gnu-tools-for-stm32.13.3.rel1.win32_1.0.100.202509120712/tools/bin/../lib/gcc/arm-none-eabi/13.3.1/../../../../arm-none-eabi/lib/thumb/v7e-m+dp/hard/crt0.o
LOAD ./Core/Src/bldc_interface.o
LOAD ./Core/Src/bldc_interface_uart.o
LOAD ./Core/Src/buffer.o
LOAD ./Core/Src/crc.o
LOAD ./Core/Src/keypad.o
LOAD ./Core/Src/lcd.o
LOAD ./Core/Src/main.o
LOAD ./Core/Src/oled.o
LOAD ./Core/Src/packet.o
LOAD ./Core/Src/screen_stepper.o
LOAD ./Core/Src/ssd1306.o
LOAD ./Core/Src/ssd1306_fonts.o
LOAD ./Core/Src/stepper.o
LOAD ./Core/Src/stm32f7xx_hal_msp.o
LOAD ./Core/Src/stm32f7xx_it.o
LOAD ./Core/Src/syscalls.o
LOAD ./Core/Src/sysmem.o
LOAD ./Core/Src/system_stm32f7xx.o
LOAD ./Core/Src/ui.o
LOAD ./Core/Src/vesc.o
LOAD ./Core/Startup/startup_stm32f767zitx.o
LOAD ./Drivers/STM32F7xx_HAL_Driver/Src/stm32f7xx_hal.o
LOAD ./Drivers/STM32F7xx_HAL_Driver/Src/stm32f7xx_hal_adc.o
LOAD ./Drivers/STM32F7xx_HAL_Driver/Src/stm32f7xx_hal_adc_ex.o
LOAD ./Drivers/STM32F7xx_HAL_Driver/Src/stm32f7xx_hal_cortex.o
LOAD ./Drivers/STM32F7xx_HAL_Driver/Src/stm32f7xx_hal_dma.o
LOAD ./Drivers/STM32F7xx_HAL_Driver/Src/stm32f7xx_hal_dma_ex.o
LOAD ./Drivers/STM32F7xx_HAL_Driver/Src/stm32f7xx_hal_eth.o
LOAD ./Drivers/STM32F7xx_HAL_Driver/Src/stm32f7xx_hal_exti.o
LOAD ./Drivers/STM32F7xx_HAL_Driver/Src/stm32f7xx_hal_flash.o
LOAD ./Drivers/STM32F7xx_HAL_Driver/Src/stm32f7xx_hal_flash_ex.o
LOAD ./Drivers/STM32F7xx_HAL_Driver/Src/stm32f7xx_hal_gpio.o
LOAD ./Drivers/STM32F7xx_HAL_Driver/Src/stm32f7xx_hal_i2c.o
LOAD ./Drivers/STM32F7xx_HAL_Driver/Src/stm32f7xx_hal_i2c_ex.o
LOAD ./Drivers/STM32F7xx_HAL_Driver/Src/stm32f7xx_hal_pwr.o
LOAD ./Drivers/STM32F7xx_HAL_Driver/Src/stm32f7xx_hal_pwr_ex.o
LOAD ./Drivers/STM32F7xx_HAL_Driver/Src/stm32f7xx_hal_rcc.o
LOAD ./Drivers/STM32F7xx_HAL_Driver/Src/stm32f7xx_hal_rcc_ex.o
LOAD ./Drivers/STM32F7xx_HAL_Driver/Src/stm32f7xx_hal_tim.o
LOAD ./Drivers/STM32F7xx_HAL_Driver/Src/stm32f7xx_hal_tim_ex.o
LOAD ./Drivers/STM32F7xx_HAL_Driver/Src/stm32f7xx_hal_uart.o
LOAD ./Drivers/STM32F7xx_HAL_Driver/Src/stm32f7xx_hal_uart_ex.o
START GROUP
LOAD C:/ST/STM32CubeIDE_2.0.0/STM32CubeIDE/plugins/com.st.stm32cube.ide.mcu.externaltools.gnu-tools-for-stm32.13.3.rel1.win32_1.0.100.202509120712/tools/bin/../lib/gcc/arm-none-eabi/13.3.1/../../../../arm-none-eabi/lib/thumb/v7e-m+dp/hard\libc_nano.a
LOAD C:/ST/STM32CubeIDE_2.0.0/STM32CubeIDE/plugins/com.st.stm32cube.ide.mcu.externaltools.gnu-tools-for-stm32.13.3.rel1.win32_1.0.100.202509120712/tools/bin/../lib/gcc/arm-none-eabi/13.3.1/../../../../arm-none-eabi/lib/thumb/v7e-m+dp/hard\libm.a
END GROUP
START GROUP
LOAD C:/ST/STM32CubeIDE_2.0.0/STM32CubeIDE/plugins/com.st.stm32cube.ide.mcu.externaltools.gnu-tools-for-stm32.13.3.rel1.win32_1.0.100.202509120712/tools/bin/../lib/gcc/arm-none-eabi/13.3.1/thumb/v7e-m+dp/hard\libgcc.a
LOAD C:/ST/STM32CubeIDE_2.0.0/STM32CubeIDE/plugins/com.st.stm32cube.ide.mcu.externaltools.gnu-tools-for-stm32.13.3.rel1.win32_1.0.100.202509120712/tools/bin/../lib/gcc/arm-none-eabi/13.3.1/../../../../arm-none-eabi/lib/thumb/v7e-m+dp/hard\libc_nano.a
END GROUP
START GROUP
LOAD C:/ST/STM32CubeIDE_2.0.0/STM32CubeIDE/plugins/com.st.stm32cube.ide.mcu.externaltools.gnu-tools-for-stm32.13.3.rel1.win32_1.0.100.202509120712/tools/bin/../lib/gcc/arm-none-eabi/13.3.1/thumb/v7e-m+dp/hard\libgcc.a
LOAD C:/ST/STM32CubeIDE_2.0.0/STM32CubeIDE/plugins/com.st.stm32cube.ide.mcu.externaltools.gnu-tools-for-stm32.13.3.rel1.win32_1.0.100.202509120712/tools/bin/../lib/gcc/arm-none-eabi/13.3.1/../../../../arm-none-eabi/lib/thumb/v7e-m+dp/hard\libc_nano.a
LOAD C:/ST/STM32CubeIDE_2.0.0/STM32CubeIDE/plugins/com.st.stm32cube.ide.mcu.externaltools.gnu-tools-for-stm32.13.3.rel1.win32_1.0.100.202509120712/tools/bin/../lib/gcc/arm-none-eabi/13.3.1/../../../../arm-none-eabi/lib/thumb/v7e-m+dp/hard\libnosys.a
END GROUP
START GROUP
LOAD C:/ST/STM32CubeIDE_2.0.0/STM32CubeIDE/plugins/com.st.stm32cube.ide.mcu.externaltools.gnu-tools-for-stm32.13.3.rel1.win32_1.0.100.202509120712/tools/bin/../lib/gcc/arm-none-eabi/13.3.1/thumb/v7e-m+dp/hard\libgcc.a
LOAD C:/ST/STM32CubeIDE_2.0.0/STM32CubeIDE/plugins/com.st.stm32cube.ide.mcu.externaltools.gnu-tools-for-stm32.13.3.rel1.win32_1.0.100.202509120712/tools/bin/../lib/gcc/arm-none-eabi/13.3.1/../../../../arm-none-eabi/lib/thumb/v7e-m+dp/hard\libc_nano.a
LOAD C:/ST/STM32CubeIDE_2.0.0/STM32CubeIDE/plugins/com.st.stm32cube.ide.mcu.externaltools.gnu-tools-for-stm32.13.3.rel1.win32_1.0.100.202509120712/tools/bin/../lib/gcc/arm-none-eabi/13.3.1/../../../../arm-none-eabi/lib/thumb/v7e-m+dp/hard\libnosys.a
END GROUP
LOAD C:/ST/STM32CubeIDE_2.0.0/STM32CubeIDE/plugins/com.st.stm32cube.ide.mcu.externaltools.gnu-tools-for-stm32.13.3.rel1.win32_1.0.100.202509120712/tools/bin/../lib/gcc/arm-none-eabi/13.3.1/thumb/v7e-m+dp/hard/crtend.o
LOAD C:/ST/STM32CubeIDE_2.0.0/STM32CubeIDE/plugins/com.st.stm32cube.ide.mcu.externaltools.gnu-tools-for-stm32.13.3.rel1.win32_1.0.100.202509120712/tools/bin/../lib/gcc/arm-none-eabi/13.3.1/thumb/v7e-m+dp/hard/crtn.o
                0x20080000                        _estack = (ORIGIN (RAM) + LENGTH (RAM))
                0x00000200                        _Min_Heap_Size = 0x200
                0x00000400                        _Min_Stack_Size = 0x400

.isr_vector     0x08000000      0x1f8
                0x08000000                        . = ALIGN (0x4)
 *(.isr_vector)
 .isr_vector    0x08000000      0x1f8 ./Core/Startup/startup_stm32f767zitx.o
                0x08000000                g_pfnVectors
                0x080001f8                        . = ALIGN (0x4)

.text           0x08000200     0xcde4
                0x08000200                        . = ALIGN (0x4)
 *(.text)
 .text          0x08000200       0x40 C:/ST/STM32CubeIDE_2.0.0/STM32CubeIDE/plugins/com.st.stm32cube.ide.mcu.externaltools.gnu-tools-for-stm32.13.3.rel1.win32_1.0.100.202509120712/tools/bin/../lib/gcc/arm-none-eabi/13.3.1/thumb/v7e-m+dp/hard/crtbegin.o
 .text          0x08000240       0xa0 C:/ST/STM32CubeIDE_2.0.0/STM32CubeIDE/plugins/com.st.stm32cube.ide.mcu.externaltools.gnu-tools-for-stm32.13.3.rel1.win32_1.0.100.202509120712/tools/bin/../lib/gcc/arm-none-eabi/13.3.1/../../../../arm-none-eabi/lib/thumb/v7e-m+dp/hard\libc_nano.a(libc_a-memchr.o)
                0x08000240                memchr
 .text          0x080002e0       0x30 C:/ST/STM32CubeIDE_2.0.0/STM32CubeIDE/plugins/com.st.stm32cube.ide.mcu.externaltools.gnu-tools-for-stm32.13.3.rel1.win32_1.0.100.202509120712/tools/bin/../lib/gcc/arm-none-eabi/13.3.1/thumb/v7e-m+dp/hard\libgcc.a(_aeabi_uldivmod.o)
                0x080002e0                __aeabi_uldivmod
 .text          0x08000310      0x2f8 C:/ST/STM32CubeIDE_2.0.0/STM32CubeIDE/plugins/com.st.stm32cube.ide.mcu.externaltools.gnu-tools-for-stm32.13.3.rel1.win32_1.0.100.202509120712/tools/bin/../lib/gcc/arm-none-eabi/13.3.1/thumb/v7e-m+dp/hard\libgcc.a(_udivmoddi4.o)
                0x08000310                __udivmoddi4
 .text          0x08000608        0x4 C:/ST/STM32CubeIDE_2.0.0/STM32CubeIDE/plugins/com.st.stm32cube.ide.mcu.externaltools.gnu-tools-for-stm32.13.3.rel1.win32_1.0.100.202509120712/tools/bin/../lib/gcc/arm-none-eabi/13.3.1/thumb/v7e-m+dp/hard\libgcc.a(_dvmd_tls.o)
                0x08000608                __aeabi_idiv0
                0x08000608                __aeabi_ldiv0
 *(.text*)
 .text.bldc_interface_init
                0x0800060c       0x20 ./Core/Src/bldc_interface.o
                0x0800060c                bldc_interface_init
 .text.bldc_interface_send_packet
                0x0800062c       0x28 ./Core/Src/bldc_interface.o
                0x0800062c                bldc_interface_send_packet
 .text.bldc_interface_process_packet
                0x08000654     0x14a0 ./Core/Src/bldc_interface.o
                0x08000654                bldc_interface_process_packet
 .text.bldc_interface_set_rx_value_func
                0x08001af4       0x20 ./Core/Src/bldc_interface.o
                0x08001af4                bldc_interface_set_rx_value_func
 .text.bldc_interface_set_duty_cycle
                0x08001b14       0x60 ./Core/Src/bldc_interface.o
                0x08001b14                bldc_interface_set_duty_cycle
 .text.bldc_interface_get_values
                0x08001b74       0x40 ./Core/Src/bldc_interface.o
                0x08001b74                bldc_interface_get_values
 .text.send_packet_no_fwd
                0x08001bb4       0x28 ./Core/Src/bldc_interface.o
                0x08001bb4                send_packet_no_fwd
 .text.bldc_interface_uart_init
                0x08001bdc       0x28 ./Core/Src/bldc_interface_uart.o
                0x08001bdc                bldc_interface_uart_init
 .text.bldc_interface_uart_process_byte
                0x08001c04       0x1c ./Core/Src/bldc_interface_uart.o
                0x08001c04                bldc_interface_uart_process_byte
 .text.bldc_interface_uart_run_timer
                0x08001c20        0xc ./Core/Src/bldc_interface_uart.o
                0x08001c20                bldc_interface_uart_run_timer
 .text.process_packet
                0x08001c2c       0x1a ./Core/Src/bldc_interface_uart.o
 .text.send_packet_bldc_interface
                0x08001c46       0x1c ./Core/Src/bldc_interface_uart.o
 .text.buffer_append_int32
                0x08001c62       0x76 ./Core/Src/buffer.o
                0x08001c62                buffer_append_int32
 .text.buffer_append_float32
                0x08001cd8       0x36 ./Core/Src/buffer.o
                0x08001cd8                buffer_append_float32
 .text.buffer_get_int16
                0x08001d0e       0x48 ./Core/Src/buffer.o
                0x08001d0e                buffer_get_int16
 .text.buffer_get_uint16
                0x08001d56       0x48 ./Core/Src/buffer.o
                0x08001d56                buffer_get_uint16
 .text.buffer_get_int32
                0x08001d9e       0x60 ./Core/Src/buffer.o
                0x08001d9e                buffer_get_int32
 .text.buffer_get_uint32
                0x08001dfe       0x60 ./Core/Src/buffer.o
                0x08001dfe                buffer_get_uint32
 .text.buffer_get_float16
                0x08001e5e       0x36 ./Core/Src/buffer.o
                0x08001e5e                buffer_get_float16
 .text.buffer_get_float32
                0x08001e94       0x34 ./Core/Src/buffer.o
                0x08001e94                buffer_get_float32
 .text.buffer_get_float32_auto
                0x08001ec8       0xa8 ./Core/Src/buffer.o
                0x08001ec8                buffer_get_float32_auto
 .text.crc16    0x08001f70       0x60 ./Core/Src/crc.o
                0x08001f70                crc16
 .text.KEYPAD_Init
                0x08001fd0       0xc8 ./Core/Src/keypad.o
                0x08001fd0                KEYPAD_Init
 .text.KEYPAD_Scan
                0x08002098      0x2bc ./Core/Src/keypad.o
                0x08002098                KEYPAD_Scan
 .text.on_vesc_values
                0x08002354       0x16 ./Core/Src/main.o
 *fill*         0x0800236a        0x2 
 .text.HAL_UART_RxCpltCallback
                0x0800236c       0xf0 ./Core/Src/main.o
                0x0800236c                HAL_UART_RxCpltCallback
 .text.main     0x0800245c      0x1c0 ./Core/Src/main.o
                0x0800245c                main
 .text.SystemClock_Config
                0x0800261c       0xe4 ./Core/Src/main.o
                0x0800261c                SystemClock_Config
 .text.MX_ADC1_Init
                0x08002700      0x150 ./Core/Src/main.o
 .text.MX_ETH_Init
                0x08002850       0x9c ./Core/Src/main.o
 .text.MX_I2C1_Init
                0x080028ec       0x80 ./Core/Src/main.o
 .text.MX_TIM3_Init
                0x0800296c       0xf0 ./Core/Src/main.o
 .text.MX_UART5_Init
                0x08002a5c       0x60 ./Core/Src/main.o
 .text.MX_USART1_UART_Init
                0x08002abc       0x60 ./Core/Src/main.o
 .text.MX_USART2_UART_Init
                0x08002b1c       0x60 ./Core/Src/main.o
 .text.MX_USART3_UART_Init
                0x08002b7c       0x60 ./Core/Src/main.o
 .text.MX_DMA_Init
                0x08002bdc       0x3c ./Core/Src/main.o
 .text.MX_GPIO_Init
                0x08002c18      0x238 ./Core/Src/main.o
 .text.MX_UART4_Init
                0x08002e50       0xdc ./Core/Src/main.o
 .text.MX_UART7_Init
                0x08002f2c       0xd0 ./Core/Src/main.o
 .text.MPU_Config
                0x08002ffc       0x58 ./Core/Src/main.o
 .text.Error_Handler
                0x08003054        0xc ./Core/Src/main.o
                0x08003054                Error_Handler
 .text.packet_init
                0x08003060       0x44 ./Core/Src/packet.o
                0x08003060                packet_init
 .text.packet_send_packet
                0x080030a4      0x1b4 ./Core/Src/packet.o
                0x080030a4                packet_send_packet
 .text.packet_timerfunc
                0x08003258       0x88 ./Core/Src/packet.o
                0x08003258                packet_timerfunc
 .text.packet_process_byte
                0x080032e0      0x470 ./Core/Src/packet.o
                0x080032e0                packet_process_byte
 .text.abs32_local
                0x08003750       0x1c ./Core/Src/screen_stepper.o
 .text.pot_pct  0x0800376c       0x40 ./Core/Src/screen_stepper.o
 .text.ScreenStepper_Draw
                0x080037ac      0x1e0 ./Core/Src/screen_stepper.o
                0x080037ac                ScreenStepper_Draw
 .text.ScreenStepper_HandleKey
                0x0800398c       0x30 ./Core/Src/screen_stepper.o
                0x0800398c                ScreenStepper_HandleKey
 .text.ssd1306_Reset
                0x080039bc        0xe ./Core/Src/ssd1306.o
                0x080039bc                ssd1306_Reset
 *fill*         0x080039ca        0x2 
 .text.ssd1306_WriteCommand
                0x080039cc       0x30 ./Core/Src/ssd1306.o
                0x080039cc                ssd1306_WriteCommand
 .text.ssd1306_WriteData
                0x080039fc       0x34 ./Core/Src/ssd1306.o
                0x080039fc                ssd1306_WriteData
 .text.ssd1306_Init
                0x08003a30       0xd4 ./Core/Src/ssd1306.o
                0x08003a30                ssd1306_Init
 .text.ssd1306_Fill
                0x08003b04       0x30 ./Core/Src/ssd1306.o
                0x08003b04                ssd1306_Fill
 .text.ssd1306_UpdateScreen
                0x08003b34       0x50 ./Core/Src/ssd1306.o
                0x08003b34                ssd1306_UpdateScreen
 .text.ssd1306_DrawPixel
                0x08003b84       0xa8 ./Core/Src/ssd1306.o
                0x08003b84                ssd1306_DrawPixel
 .text.ssd1306_WriteChar
                0x08003c2c      0x124 ./Core/Src/ssd1306.o
                0x08003c2c                ssd1306_WriteChar
 .text.ssd1306_WriteString
                0x08003d50       0x4c ./Core/Src/ssd1306.o
                0x08003d50                ssd1306_WriteString
 .text.ssd1306_SetCursor
                0x08003d9c       0x30 ./Core/Src/ssd1306.o
                0x08003d9c                ssd1306_SetCursor
 .text.ssd1306_Line
                0x08003dcc       0xd8 ./Core/Src/ssd1306.o
                0x08003dcc                ssd1306_Line
 .text.ssd1306_DrawRectangle
                0x08003ea4       0x6e ./Core/Src/ssd1306.o
                0x08003ea4                ssd1306_DrawRectangle
 .text.ssd1306_FillRectangle
                0x08003f12       0x9c ./Core/Src/ssd1306.o
                0x08003f12                ssd1306_FillRectangle
 *fill*         0x08003fae        0x2 
 .text.ssd1306_InvertRectangle
                0x08003fb0      0x178 ./Core/Src/ssd1306.o
                0x08003fb0                ssd1306_InvertRectangle
 .text.ssd1306_SetContrast
                0x08004128       0x26 ./Core/Src/ssd1306.o
                0x08004128                ssd1306_SetContrast
 *fill*         0x0800414e        0x2 
 .text.ssd1306_SetDisplayOn
                0x08004150       0x3c ./Core/Src/ssd1306.o
                0x08004150                ssd1306_SetDisplayOn
 .text.abs32    0x0800418c       0x1c ./Core/Src/stepper.o
 .text.clamp32  0x080041a8       0x32 ./Core/Src/stepper.o
 *fill*         0x080041da        0x2 
 .text.apply_to_hardware
                0x080041dc       0xa0 ./Core/Src/stepper.o
 .text.STEPPER_Init
                0x0800427c       0x38 ./Core/Src/stepper.o
                0x0800427c                STEPPER_Init
 .text.map_pot_to_freq
                0x080042b4       0x40 ./Core/Src/stepper.o
 .text.STEPPER_Update
                0x080042f4      0x100 ./Core/Src/stepper.o
                0x080042f4                STEPPER_Update
 .text.STEPPER_Stop
                0x080043f4       0x28 ./Core/Src/stepper.o
                0x080043f4                STEPPER_Stop
 .text.STEPPER_GetStatus
                0x0800441c       0x60 ./Core/Src/stepper.o
                0x0800441c                STEPPER_GetStatus
 .text.HAL_MspInit
                0x0800447c       0x48 ./Core/Src/stm32f7xx_hal_msp.o
                0x0800447c                HAL_MspInit
 .text.HAL_ADC_MspInit
                0x080044c4       0xe8 ./Core/Src/stm32f7xx_hal_msp.o
                0x080044c4                HAL_ADC_MspInit
 .text.HAL_ETH_MspInit
                0x080045ac      0x170 ./Core/Src/stm32f7xx_hal_msp.o
                0x080045ac                HAL_ETH_MspInit
 .text.HAL_I2C_MspInit
                0x0800471c       0xc0 ./Core/Src/stm32f7xx_hal_msp.o
                0x0800471c                HAL_I2C_MspInit
 .text.HAL_TIM_Base_MspInit
                0x080047dc       0x40 ./Core/Src/stm32f7xx_hal_msp.o
                0x080047dc                HAL_TIM_Base_MspInit
 .text.HAL_TIM_MspPostInit
                0x0800481c       0x70 ./Core/Src/stm32f7xx_hal_msp.o
                0x0800481c                HAL_TIM_MspPostInit
 .text.HAL_UART_MspInit
                0x0800488c      0x30c ./Core/Src/stm32f7xx_hal_msp.o
                0x0800488c                HAL_UART_MspInit
 .text.NMI_Handler
                0x08004b98        0x8 ./Core/Src/stm32f7xx_it.o
                0x08004b98                NMI_Handler
 .text.HardFault_Handler
                0x08004ba0        0x8 ./Core/Src/stm32f7xx_it.o
                0x08004ba0                HardFault_Handler
 .text.MemManage_Handler
                0x08004ba8        0x8 ./Core/Src/stm32f7xx_it.o
                0x08004ba8                MemManage_Handler
 .text.BusFault_Handler
                0x08004bb0        0x8 ./Core/Src/stm32f7xx_it.o
                0x08004bb0                BusFault_Handler
 .text.UsageFault_Handler
                0x08004bb8        0x8 ./Core/Src/stm32f7xx_it.o
                0x08004bb8                UsageFault_Handler
 .text.SVC_Handler
                0x08004bc0        0xe ./Core/Src/stm32f7xx_it.o
                0x08004bc0                SVC_Handler
 .text.DebugMon_Handler
                0x08004bce        0xe ./Core/Src/stm32f7xx_it.o
                0x08004bce                DebugMon_Handler
 .text.PendSV_Handler
                0x08004bdc        0xe ./Core/Src/stm32f7xx_it.o
                0x08004bdc                PendSV_Handler
 .text.SysTick_Handler
                0x08004bea        0xc ./Core/Src/stm32f7xx_it.o
                0x08004bea                SysTick_Handler
 *fill*         0x08004bf6        0x2 
 .text.USART1_IRQHandler
                0x08004bf8       0x14 ./Core/Src/stm32f7xx_it.o
                0x08004bf8                USART1_IRQHandler
 .text.DMA2_Stream0_IRQHandler
                0x08004c0c       0x14 ./Core/Src/stm32f7xx_it.o
                0x08004c0c                DMA2_Stream0_IRQHandler
 .text.UART4_IRQHandler
                0x08004c20       0x14 ./Core/Src/stm32f7xx_it.o
                0x08004c20                UART4_IRQHandler
 .text.UART5_IRQHandler
                0x08004c34       0x14 ./Core/Src/stm32f7xx_it.o
                0x08004c34                UART5_IRQHandler
 .text.UART7_IRQHandler
                0x08004c48       0x14 ./Core/Src/stm32f7xx_it.o
                0x08004c48                UART7_IRQHandler
 .text._sbrk    0x08004c5c       0x6c ./Core/Src/sysmem.o
                0x08004c5c                _sbrk
 .text.SystemInit
                0x08004cc8       0x24 ./Core/Src/system_stm32f7xx.o
                0x08004cc8                SystemInit
 .text.ui_set_screen
                0x08004cec       0x28 ./Core/Src/ui.o
 .text.ui_title
                0x08004d14       0x3c ./Core/Src/ui.o
 .text.ui_speed_bar
                0x08004d50       0xa0 ./Core/Src/ui.o
 .text.fault_name
                0x08004df0       0x80 ./Core/Src/ui.o
 .text.ui_log_fault
                0x08004e70       0x9c ./Core/Src/ui.o
 .text.dir_label
                0x08004f0c       0x5c ./Core/Src/ui.o
 .text.ui_draw_splash
                0x08004f68       0xd8 ./Core/Src/ui.o
 .text.ui_draw_main_menu
                0x08005040       0xd4 ./Core/Src/ui.o
 .text.ui_draw_status_monitor
                0x08005114      0x278 ./Core/Src/ui.o
 .text.ui_draw_motor_control
                0x0800538c      0x1f4 ./Core/Src/ui.o
 .text.ui_draw_robot_arm
                0x08005580       0x78 ./Core/Src/ui.o
 .text.ui_draw_info
                0x080055f8      0x11c ./Core/Src/ui.o
 .text.ui_handle_splash
                0x08005714       0x1e ./Core/Src/ui.o
 *fill*         0x08005732        0x2 
 .text.ui_handle_main_menu
                0x08005734      0x100 ./Core/Src/ui.o
 .text.ui_handle_status_monitor
                0x08005834       0x3c ./Core/Src/ui.o
 .text.ui_handle_motor_control
                0x08005870      0x1c4 ./Core/Src/ui.o
 .text.ui_handle_robot_arm
                0x08005a34       0x22 ./Core/Src/ui.o
 .text.ui_handle_stepper
                0x08005a56       0x2a ./Core/Src/ui.o
 .text.ui_handle_info
                0x08005a80       0x58 ./Core/Src/ui.o
 .text.UI_Init  0x08005ad8       0x48 ./Core/Src/ui.o
                0x08005ad8                UI_Init
 .text.UI_Update
                0x08005b20      0x1b4 ./Core/Src/ui.o
                0x08005b20                UI_Update
 .text.UI_TelemetryUpdate
                0x08005cd4       0x68 ./Core/Src/ui.o
                0x08005cd4                UI_TelemetryUpdate
 .text.UI_ForceRedraw
                0x08005d3c       0x1c ./Core/Src/ui.o
                0x08005d3c                UI_ForceRedraw
 .text.send_packet_left
                0x08005d58       0x24 ./Core/Src/vesc.o
 .text.send_packet_right
                0x08005d7c       0x24 ./Core/Src/vesc.o
 .text.clamp_duty
                0x08005da0       0x50 ./Core/Src/vesc.o
 .text.set_duty_left
                0x08005df0       0x24 ./Core/Src/vesc.o
 .text.set_duty_right
                0x08005e14       0x30 ./Core/Src/vesc.o
 .text.VESC_Init
                0x08005e44       0x14 ./Core/Src/vesc.o
                0x08005e44                VESC_Init
 .text.VESC_TankDrive
                0x08005e58       0xcc ./Core/Src/vesc.o
                0x08005e58                VESC_TankDrive
 .text.VESC_JoystickDrive
                0x08005f24       0x6e ./Core/Src/vesc.o
                0x08005f24                VESC_JoystickDrive
 *fill*         0x08005f92        0x2 
 .text.VESC_Stop
                0x08005f94       0x1c ./Core/Src/vesc.o
                0x08005f94                VESC_Stop
 .text.VESC_SetValuesCallback
                0x08005fb0       0x16 ./Core/Src/vesc.o
                0x08005fb0                VESC_SetValuesCallback
 *fill*         0x08005fc6        0x2 
 .text.VESC_RequestValues
                0x08005fc8       0x18 ./Core/Src/vesc.o
                0x08005fc8                VESC_RequestValues
 .text.VESC_ProcessRxByte
                0x08005fe0       0x1a ./Core/Src/vesc.o
                0x08005fe0                VESC_ProcessRxByte
 *fill*         0x08005ffa        0x2 
 .text.Reset_Handler
                0x08005ffc       0x50 ./Core/Startup/startup_stm32f767zitx.o
                0x08005ffc                Reset_Handler
 .text.Default_Handler
                0x0800604c        0x2 ./Core/Startup/startup_stm32f767zitx.o
                0x0800604c                RTC_Alarm_IRQHandler
                0x0800604c                EXTI2_IRQHandler
                0x0800604c                TIM8_CC_IRQHandler
                0x0800604c                UART8_IRQHandler
                0x0800604c                SPI4_IRQHandler
                0x0800604c                TIM1_CC_IRQHandler
                0x0800604c                DMA2_Stream5_IRQHandler
                0x0800604c                JPEG_IRQHandler
                0x0800604c                DMA1_Stream5_IRQHandler
                0x0800604c                CAN3_RX1_IRQHandler
                0x0800604c                PVD_IRQHandler
                0x0800604c                TAMP_STAMP_IRQHandler
                0x0800604c                CAN2_RX1_IRQHandler
                0x0800604c                EXTI3_IRQHandler
                0x0800604c                TIM8_TRG_COM_TIM14_IRQHandler
                0x0800604c                DFSDM1_FLT1_IRQHandler
                0x0800604c                TIM1_UP_TIM10_IRQHandler
                0x0800604c                TIM8_UP_TIM13_IRQHandler
                0x0800604c                I2C3_ER_IRQHandler
                0x0800604c                DFSDM1_FLT2_IRQHandler
                0x0800604c                EXTI0_IRQHandler
                0x0800604c                I2C2_EV_IRQHandler
                0x0800604c                DMA1_Stream2_IRQHandler
                0x0800604c                CAN1_RX0_IRQHandler
                0x0800604c                FPU_IRQHandler
                0x0800604c                OTG_HS_WKUP_IRQHandler
                0x0800604c                CAN3_SCE_IRQHandler
                0x0800604c                LTDC_ER_IRQHandler
                0x0800604c                CAN2_SCE_IRQHandler
                0x0800604c                DMA2_Stream2_IRQHandler
                0x0800604c                SPI1_IRQHandler
                0x0800604c                TIM6_DAC_IRQHandler
                0x0800604c                TIM1_BRK_TIM9_IRQHandler
                0x0800604c                DCMI_IRQHandler
                0x0800604c                CAN2_RX0_IRQHandler
                0x0800604c                DMA2_Stream3_IRQHandler
                0x0800604c                SAI2_IRQHandler
                0x0800604c                DFSDM1_FLT3_IRQHandler
                0x0800604c                USART6_IRQHandler
                0x0800604c                CAN3_RX0_IRQHandler
                0x0800604c                USART3_IRQHandler
                0x0800604c                CAN1_RX1_IRQHandler
                0x0800604c                TIM4_IRQHandler
                0x0800604c                QUADSPI_IRQHandler
                0x0800604c                I2C1_EV_IRQHandler
                0x0800604c                DMA1_Stream6_IRQHandler
                0x0800604c                DMA1_Stream1_IRQHandler
                0x0800604c                TIM3_IRQHandler
                0x0800604c                RCC_IRQHandler
                0x0800604c                TIM8_BRK_TIM12_IRQHandler
                0x0800604c                Default_Handler
                0x0800604c                CEC_IRQHandler
                0x0800604c                EXTI15_10_IRQHandler
                0x0800604c                ADC_IRQHandler
                0x0800604c                DMA1_Stream7_IRQHandler
                0x0800604c                SPI5_IRQHandler
                0x0800604c                TIM7_IRQHandler
                0x0800604c                SDMMC1_IRQHandler
                0x0800604c                CAN2_TX_IRQHandler
                0x0800604c                TIM5_IRQHandler
                0x0800604c                DMA2_Stream7_IRQHandler
                0x0800604c                I2C3_EV_IRQHandler
                0x0800604c                EXTI9_5_IRQHandler
                0x0800604c                RTC_WKUP_IRQHandler
                0x0800604c                LTDC_IRQHandler
                0x0800604c                ETH_WKUP_IRQHandler
                0x0800604c                SPDIF_RX_IRQHandler
                0x0800604c                SPI2_IRQHandler
                0x0800604c                OTG_HS_EP1_IN_IRQHandler
                0x0800604c                DMA1_Stream0_IRQHandler
                0x0800604c                CAN1_TX_IRQHandler
                0x0800604c                EXTI4_IRQHandler
                0x0800604c                RNG_IRQHandler
                0x0800604c                ETH_IRQHandler
                0x0800604c                OTG_HS_EP1_OUT_IRQHandler
                0x0800604c                WWDG_IRQHandler
                0x0800604c                SPI6_IRQHandler
                0x0800604c                MDIOS_IRQHandler
                0x0800604c                I2C4_EV_IRQHandler
                0x0800604c                CAN3_TX_IRQHandler
                0x0800604c                TIM2_IRQHandler
                0x0800604c                OTG_FS_WKUP_IRQHandler
                0x0800604c                TIM1_TRG_COM_TIM11_IRQHandler
                0x0800604c                OTG_HS_IRQHandler
                0x0800604c                DMA2D_IRQHandler
                0x0800604c                EXTI1_IRQHandler
                0x0800604c                SDMMC2_IRQHandler
                0x0800604c                USART2_IRQHandler
                0x0800604c                DFSDM1_FLT0_IRQHandler
                0x0800604c                I2C2_ER_IRQHandler
                0x0800604c                DMA2_Stream1_IRQHandler
                0x0800604c                CAN1_SCE_IRQHandler
                0x0800604c                FLASH_IRQHandler
                0x0800604c                DMA2_Stream4_IRQHandler
                0x0800604c                OTG_FS_IRQHandler
                0x0800604c                SPI3_IRQHandler
                0x0800604c                DMA1_Stream4_IRQHandler
                0x0800604c                I2C1_ER_IRQHandler
                0x0800604c                FMC_IRQHandler
                0x0800604c                LPTIM1_IRQHandler
                0x0800604c                I2C4_ER_IRQHandler
                0x0800604c                DMA2_Stream6_IRQHandler
                0x0800604c                SAI1_IRQHandler
                0x0800604c                DMA1_Stream3_IRQHandler
 .text.HAL_Init
                0x0800604e       0x1a ./Drivers/STM32F7xx_HAL_Driver/Src/stm32f7xx_hal.o
                0x0800604e                HAL_Init
 .text.HAL_InitTick
                0x08006068       0x60 ./Drivers/STM32F7xx_HAL_Driver/Src/stm32f7xx_hal.o
                0x08006068                HAL_InitTick
 .text.HAL_IncTick
                0x080060c8       0x28 ./Drivers/STM32F7xx_HAL_Driver/Src/stm32f7xx_hal.o
                0x080060c8                HAL_IncTick
 .text.HAL_GetTick
                0x080060f0       0x18 ./Drivers/STM32F7xx_HAL_Driver/Src/stm32f7xx_hal.o
                0x080060f0                HAL_GetTick
 .text.HAL_Delay
                0x08006108       0x48 ./Drivers/STM32F7xx_HAL_Driver/Src/stm32f7xx_hal.o
                0x08006108                HAL_Delay
 .text.HAL_ADC_Init
                0x08006150       0x88 ./Drivers/STM32F7xx_HAL_Driver/Src/stm32f7xx_hal_adc.o
                0x08006150                HAL_ADC_Init
 .text.HAL_ADC_Start_DMA
                0x080061d8      0x1fc ./Drivers/STM32F7xx_HAL_Driver/Src/stm32f7xx_hal_adc.o
                0x080061d8                HAL_ADC_Start_DMA
 .text.HAL_ADC_ConvCpltCallback
                0x080063d4       0x14 ./Drivers/STM32F7xx_HAL_Driver/Src/stm32f7xx_hal_adc.o
                0x080063d4                HAL_ADC_ConvCpltCallback
 .text.HAL_ADC_ConvHalfCpltCallback
                0x080063e8       0x14 ./Drivers/STM32F7xx_HAL_Driver/Src/stm32f7xx_hal_adc.o
                0x080063e8                HAL_ADC_ConvHalfCpltCallback
 .text.HAL_ADC_ErrorCallback
                0x080063fc       0x14 ./Drivers/STM32F7xx_HAL_Driver/Src/stm32f7xx_hal_adc.o
                0x080063fc                HAL_ADC_ErrorCallback
 .text.HAL_ADC_ConfigChannel
                0x08006410      0x2b4 ./Drivers/STM32F7xx_HAL_Driver/Src/stm32f7xx_hal_adc.o
                0x08006410                HAL_ADC_ConfigChannel
 .text.ADC_Init
                0x080066c4      0x1f4 ./Drivers/STM32F7xx_HAL_Driver/Src/stm32f7xx_hal_adc.o
 .text.ADC_DMAConvCplt
                0x080068b8       0xba ./Drivers/STM32F7xx_HAL_Driver/Src/stm32f7xx_hal_adc.o
 .text.ADC_DMAHalfConvCplt
                0x08006972       0x1c ./Drivers/STM32F7xx_HAL_Driver/Src/stm32f7xx_hal_adc.o
 .text.ADC_DMAError
                0x0800698e       0x2e ./Drivers/STM32F7xx_HAL_Driver/Src/stm32f7xx_hal_adc.o
 .text.__NVIC_SetPriorityGrouping
                0x080069bc       0x48 ./Drivers/STM32F7xx_HAL_Driver/Src/stm32f7xx_hal_cortex.o
 .text.__NVIC_GetPriorityGrouping
                0x08006a04       0x1c ./Drivers/STM32F7xx_HAL_Driver/Src/stm32f7xx_hal_cortex.o
 .text.__NVIC_EnableIRQ
                0x08006a20       0x3c ./Drivers/STM32F7xx_HAL_Driver/Src/stm32f7xx_hal_cortex.o
 .text.__NVIC_SetPriority
                0x08006a5c       0x54 ./Drivers/STM32F7xx_HAL_Driver/Src/stm32f7xx_hal_cortex.o
 .text.NVIC_EncodePriority
                0x08006ab0       0x66 ./Drivers/STM32F7xx_HAL_Driver/Src/stm32f7xx_hal_cortex.o
 *fill*         0x08006b16        0x2 
 .text.SysTick_Config
                0x08006b18       0x44 ./Drivers/STM32F7xx_HAL_Driver/Src/stm32f7xx_hal_cortex.o
 .text.HAL_NVIC_SetPriorityGrouping
                0x08006b5c       0x16 ./Drivers/STM32F7xx_HAL_Driver/Src/stm32f7xx_hal_cortex.o
                0x08006b5c                HAL_NVIC_SetPriorityGrouping
 .text.HAL_NVIC_SetPriority
                0x08006b72       0x38 ./Drivers/STM32F7xx_HAL_Driver/Src/stm32f7xx_hal_cortex.o
                0x08006b72                HAL_NVIC_SetPriority
 .text.HAL_NVIC_EnableIRQ
                0x08006baa       0x1c ./Drivers/STM32F7xx_HAL_Driver/Src/stm32f7xx_hal_cortex.o
                0x08006baa                HAL_NVIC_EnableIRQ
 .text.HAL_SYSTICK_Config
                0x08006bc6       0x18 ./Drivers/STM32F7xx_HAL_Driver/Src/stm32f7xx_hal_cortex.o
                0x08006bc6                HAL_SYSTICK_Config
 *fill*         0x08006bde        0x2 
 .text.HAL_MPU_Disable
                0x08006be0       0x30 ./Drivers/STM32F7xx_HAL_Driver/Src/stm32f7xx_hal_cortex.o
                0x08006be0                HAL_MPU_Disable
 .text.HAL_MPU_Enable
                0x08006c10       0x40 ./Drivers/STM32F7xx_HAL_Driver/Src/stm32f7xx_hal_cortex.o
                0x08006c10                HAL_MPU_Enable
 .text.HAL_MPU_ConfigRegion
                0x08006c50       0x80 ./Drivers/STM32F7xx_HAL_Driver/Src/stm32f7xx_hal_cortex.o
                0x08006c50                HAL_MPU_ConfigRegion
 .text.HAL_DMA_Init
                0x08006cd0      0x15c ./Drivers/STM32F7xx_HAL_Driver/Src/stm32f7xx_hal_dma.o
                0x08006cd0                HAL_DMA_Init
 .text.HAL_DMA_Start_IT
                0x08006e2c       0xc0 ./Drivers/STM32F7xx_HAL_Driver/Src/stm32f7xx_hal_dma.o
                0x08006e2c                HAL_DMA_Start_IT
 .text.HAL_DMA_Abort
                0x08006eec       0xe0 ./Drivers/STM32F7xx_HAL_Driver/Src/stm32f7xx_hal_dma.o
                0x08006eec                HAL_DMA_Abort
 .text.HAL_DMA_Abort_IT
                0x08006fcc       0x44 ./Drivers/STM32F7xx_HAL_Driver/Src/stm32f7xx_hal_dma.o
                0x08006fcc                HAL_DMA_Abort_IT
 .text.HAL_DMA_IRQHandler
                0x08007010      0x314 ./Drivers/STM32F7xx_HAL_Driver/Src/stm32f7xx_hal_dma.o
                0x08007010                HAL_DMA_IRQHandler
 .text.DMA_SetConfig
                0x08007324       0x5c ./Drivers/STM32F7xx_HAL_Driver/Src/stm32f7xx_hal_dma.o
 .text.DMA_CalcBaseAndBitshift
                0x08007380       0x6c ./Drivers/STM32F7xx_HAL_Driver/Src/stm32f7xx_hal_dma.o
 .text.DMA_CheckFifoParam
                0x080073ec       0xf8 ./Drivers/STM32F7xx_HAL_Driver/Src/stm32f7xx_hal_dma.o
 .text.HAL_ETH_Init
                0x080074e4      0x134 ./Drivers/STM32F7xx_HAL_Driver/Src/stm32f7xx_hal_eth.o
                0x080074e4                HAL_ETH_Init
 .text.ETH_SetMACConfig
                0x08007618      0x168 ./Drivers/STM32F7xx_HAL_Driver/Src/stm32f7xx_hal_eth.o
 .text.ETH_SetDMAConfig
                0x08007780      0x114 ./Drivers/STM32F7xx_HAL_Driver/Src/stm32f7xx_hal_eth.o
 .text.ETH_MACDMAConfig
                0x08007894       0xea ./Drivers/STM32F7xx_HAL_Driver/Src/stm32f7xx_hal_eth.o
 *fill*         0x0800797e        0x2 
 .text.ETH_MACAddressConfig
                0x08007980       0x70 ./Drivers/STM32F7xx_HAL_Driver/Src/stm32f7xx_hal_eth.o
 .text.ETH_DMATxDescListInit
                0x080079f0       0xb2 ./Drivers/STM32F7xx_HAL_Driver/Src/stm32f7xx_hal_eth.o
 .text.ETH_DMARxDescListInit
                0x08007aa2       0xde ./Drivers/STM32F7xx_HAL_Driver/Src/stm32f7xx_hal_eth.o
 .text.HAL_GPIO_Init
                0x08007b80      0x358 ./Drivers/STM32F7xx_HAL_Driver/Src/stm32f7xx_hal_gpio.o
                0x08007b80                HAL_GPIO_Init
 .text.HAL_GPIO_ReadPin
                0x08007ed8       0x30 ./Drivers/STM32F7xx_HAL_Driver/Src/stm32f7xx_hal_gpio.o
                0x08007ed8                HAL_GPIO_ReadPin
 .text.HAL_GPIO_WritePin
                0x08007f08       0x32 ./Drivers/STM32F7xx_HAL_Driver/Src/stm32f7xx_hal_gpio.o
                0x08007f08                HAL_GPIO_WritePin
 *fill*         0x08007f3a        0x2 
 .text.HAL_I2C_Init
                0x08007f3c      0x138 ./Drivers/STM32F7xx_HAL_Driver/Src/stm32f7xx_hal_i2c.o
                0x08007f3c                HAL_I2C_Init
 .text.HAL_I2C_Mem_Write
                0x08008074      0x228 ./Drivers/STM32F7xx_HAL_Driver/Src/stm32f7xx_hal_i2c.o
                0x08008074                HAL_I2C_Mem_Write
 .text.I2C_RequestMemoryWrite
                0x0800829c       0xa8 ./Drivers/STM32F7xx_HAL_Driver/Src/stm32f7xx_hal_i2c.o
 .text.I2C_Flush_TXDR
                0x08008344       0x48 ./Drivers/STM32F7xx_HAL_Driver/Src/stm32f7xx_hal_i2c.o
 .text.I2C_WaitOnFlagUntilTimeout
                0x0800838c       0xb2 ./Drivers/STM32F7xx_HAL_Driver/Src/stm32f7xx_hal_i2c.o
 .text.I2C_WaitOnTXISFlagUntilTimeout
                0x0800843e       0x8e ./Drivers/STM32F7xx_HAL_Driver/Src/stm32f7xx_hal_i2c.o
 .text.I2C_WaitOnSTOPFlagUntilTimeout
                0x080084cc       0x86 ./Drivers/STM32F7xx_HAL_Driver/Src/stm32f7xx_hal_i2c.o
 *fill*         0x08008552        0x2 
 .text.I2C_IsErrorOccurred
                0x08008554      0x1c0 ./Drivers/STM32F7xx_HAL_Driver/Src/stm32f7xx_hal_i2c.o
 .text.I2C_TransferConfig
                0x08008714       0x64 ./Drivers/STM32F7xx_HAL_Driver/Src/stm32f7xx_hal_i2c.o
 .text.HAL_I2CEx_ConfigAnalogFilter
                0x08008778       0x96 ./Drivers/STM32F7xx_HAL_Driver/Src/stm32f7xx_hal_i2c_ex.o
                0x08008778                HAL_I2CEx_ConfigAnalogFilter
 .text.HAL_I2CEx_ConfigDigitalFilter
                0x0800880e       0x98 ./Drivers/STM32F7xx_HAL_Driver/Src/stm32f7xx_hal_i2c_ex.o
                0x0800880e                HAL_I2CEx_ConfigDigitalFilter
 *fill*         0x080088a6        0x2 
 .text.HAL_PWR_EnableBkUpAccess
                0x080088a8       0x20 ./Drivers/STM32F7xx_HAL_Driver/Src/stm32f7xx_hal_pwr.o
                0x080088a8                HAL_PWR_EnableBkUpAccess
 .text.HAL_PWREx_EnableOverDrive
                0x080088c8       0xa0 ./Drivers/STM32F7xx_HAL_Driver/Src/stm32f7xx_hal_pwr_ex.o
                0x080088c8                HAL_PWREx_EnableOverDrive
 .text.HAL_RCC_OscConfig
                0x08008968      0x55c ./Drivers/STM32F7xx_HAL_Driver/Src/stm32f7xx_hal_rcc.o
                0x08008968                HAL_RCC_OscConfig
 .text.HAL_RCC_ClockConfig
                0x08008ec4      0x1d8 ./Drivers/STM32F7xx_HAL_Driver/Src/stm32f7xx_hal_rcc.o
                0x08008ec4                HAL_RCC_ClockConfig
 .text.HAL_RCC_GetSysClockFreq
                0x0800909c      0x20c ./Drivers/STM32F7xx_HAL_Driver/Src/stm32f7xx_hal_rcc.o
                0x0800909c                HAL_RCC_GetSysClockFreq
 .text.HAL_RCC_GetHCLKFreq
                0x080092a8       0x18 ./Drivers/STM32F7xx_HAL_Driver/Src/stm32f7xx_hal_rcc.o
                0x080092a8                HAL_RCC_GetHCLKFreq
 .text.HAL_RCC_GetPCLK1Freq
                0x080092c0       0x28 ./Drivers/STM32F7xx_HAL_Driver/Src/stm32f7xx_hal_rcc.o
                0x080092c0                HAL_RCC_GetPCLK1Freq
 .text.HAL_RCC_GetPCLK2Freq
                0x080092e8       0x28 ./Drivers/STM32F7xx_HAL_Driver/Src/stm32f7xx_hal_rcc.o
                0x080092e8                HAL_RCC_GetPCLK2Freq
 .text.HAL_RCCEx_PeriphCLKConfig
                0x08009310      0x850 ./Drivers/STM32F7xx_HAL_Driver/Src/stm32f7xx_hal_rcc_ex.o
                0x08009310                HAL_RCCEx_PeriphCLKConfig
 .text.HAL_TIM_Base_Init
                0x08009b60       0xae ./Drivers/STM32F7xx_HAL_Driver/Src/stm32f7xx_hal_tim.o
                0x08009b60                HAL_TIM_Base_Init
 .text.HAL_TIM_PWM_Init
                0x08009c0e       0xae ./Drivers/STM32F7xx_HAL_Driver/Src/stm32f7xx_hal_tim.o
                0x08009c0e                HAL_TIM_PWM_Init
 .text.HAL_TIM_PWM_MspInit
                0x08009cbc       0x14 ./Drivers/STM32F7xx_HAL_Driver/Src/stm32f7xx_hal_tim.o
                0x08009cbc                HAL_TIM_PWM_MspInit
 .text.HAL_TIM_PWM_Start
                0x08009cd0      0x1f4 ./Drivers/STM32F7xx_HAL_Driver/Src/stm32f7xx_hal_tim.o
                0x08009cd0                HAL_TIM_PWM_Start
 .text.HAL_TIM_PWM_Stop
                0x08009ec4      0x100 ./Drivers/STM32F7xx_HAL_Driver/Src/stm32f7xx_hal_tim.o
                0x08009ec4                HAL_TIM_PWM_Stop
 .text.HAL_TIM_PWM_ConfigChannel
                0x08009fc4      0x228 ./Drivers/STM32F7xx_HAL_Driver/Src/stm32f7xx_hal_tim.o
                0x08009fc4                HAL_TIM_PWM_ConfigChannel
 .text.HAL_TIM_ConfigClockSource
                0x0800a1ec      0x194 ./Drivers/STM32F7xx_HAL_Driver/Src/stm32f7xx_hal_tim.o
                0x0800a1ec                HAL_TIM_ConfigClockSource
 .text.TIM_Base_SetConfig
                0x0800a380      0x14c ./Drivers/STM32F7xx_HAL_Driver/Src/stm32f7xx_hal_tim.o
                0x0800a380                TIM_Base_SetConfig
 .text.TIM_OC1_SetConfig
                0x0800a4cc       0xe4 ./Drivers/STM32F7xx_HAL_Driver/Src/stm32f7xx_hal_tim.o
 .text.TIM_OC2_SetConfig
                0x0800a5b0       0xf0 ./Drivers/STM32F7xx_HAL_Driver/Src/stm32f7xx_hal_tim.o
                0x0800a5b0                TIM_OC2_SetConfig
 .text.TIM_OC3_SetConfig
                0x0800a6a0       0xec ./Drivers/STM32F7xx_HAL_Driver/Src/stm32f7xx_hal_tim.o
 .text.TIM_OC4_SetConfig
                0x0800a78c       0xb0 ./Drivers/STM32F7xx_HAL_Driver/Src/stm32f7xx_hal_tim.o
 .text.TIM_OC5_SetConfig
                0x0800a83c       0xa4 ./Drivers/STM32F7xx_HAL_Driver/Src/stm32f7xx_hal_tim.o
 .text.TIM_OC6_SetConfig
                0x0800a8e0       0xa8 ./Drivers/STM32F7xx_HAL_Driver/Src/stm32f7xx_hal_tim.o
 .text.TIM_TI1_ConfigInputStage
                0x0800a988       0x5e ./Drivers/STM32F7xx_HAL_Driver/Src/stm32f7xx_hal_tim.o
 .text.TIM_TI2_ConfigInputStage
                0x0800a9e6       0x60 ./Drivers/STM32F7xx_HAL_Driver/Src/stm32f7xx_hal_tim.o
 .text.TIM_ITRx_SetConfig
                0x0800aa46       0x36 ./Drivers/STM32F7xx_HAL_Driver/Src/stm32f7xx_hal_tim.o
 .text.TIM_ETR_SetConfig
                0x0800aa7c       0x40 ./Drivers/STM32F7xx_HAL_Driver/Src/stm32f7xx_hal_tim.o
                0x0800aa7c                TIM_ETR_SetConfig
 .text.TIM_CCxChannelCmd
                0x0800aabc       0x4a ./Drivers/STM32F7xx_HAL_Driver/Src/stm32f7xx_hal_tim.o
                0x0800aabc                TIM_CCxChannelCmd
 *fill*         0x0800ab06        0x2 
 .text.HAL_TIMEx_MasterConfigSynchronization
                0x0800ab08      0x11c ./Drivers/STM32F7xx_HAL_Driver/Src/stm32f7xx_hal_tim_ex.o
                0x0800ab08                HAL_TIMEx_MasterConfigSynchronization
 .text.HAL_UART_Init
                0x0800ac24       0x9c ./Drivers/STM32F7xx_HAL_Driver/Src/stm32f7xx_hal_uart.o
                0x0800ac24                HAL_UART_Init
 .text.HAL_UART_Transmit
                0x0800acc0      0x112 ./Drivers/STM32F7xx_HAL_Driver/Src/stm32f7xx_hal_uart.o
                0x0800acc0                HAL_UART_Transmit
 *fill*         0x0800add2        0x2 
 .text.HAL_UART_Transmit_IT
                0x0800add4       0xbc ./Drivers/STM32F7xx_HAL_Driver/Src/stm32f7xx_hal_uart.o
                0x0800add4                HAL_UART_Transmit_IT
 .text.HAL_UART_Receive_IT
                0x0800ae90       0x88 ./Drivers/STM32F7xx_HAL_Driver/Src/stm32f7xx_hal_uart.o
                0x0800ae90                HAL_UART_Receive_IT
 .text.HAL_UART_IRQHandler
                0x0800af18      0x604 ./Drivers/STM32F7xx_HAL_Driver/Src/stm32f7xx_hal_uart.o
                0x0800af18                HAL_UART_IRQHandler
 .text.HAL_UART_TxCpltCallback
                0x0800b51c       0x14 ./Drivers/STM32F7xx_HAL_Driver/Src/stm32f7xx_hal_uart.o
                0x0800b51c                HAL_UART_TxCpltCallback
 .text.HAL_UART_ErrorCallback
                0x0800b530       0x14 ./Drivers/STM32F7xx_HAL_Driver/Src/stm32f7xx_hal_uart.o
                0x0800b530                HAL_UART_ErrorCallback
 .text.HAL_UARTEx_RxEventCallback
                0x0800b544       0x18 ./Drivers/STM32F7xx_HAL_Driver/Src/stm32f7xx_hal_uart.o
                0x0800b544                HAL_UARTEx_RxEventCallback
 .text.HAL_UARTEx_WakeupCallback
                0x0800b55c       0x14 ./Drivers/STM32F7xx_HAL_Driver/Src/stm32f7xx_hal_uart.o
                0x0800b55c                HAL_UARTEx_WakeupCallback
 .text.UART_SetConfig
                0x0800b570      0x4c8 ./Drivers/STM32F7xx_HAL_Driver/Src/stm32f7xx_hal_uart.o
                0x0800b570                UART_SetConfig
 .text.UART_AdvFeatureConfig
                0x0800ba38      0x144 ./Drivers/STM32F7xx_HAL_Driver/Src/stm32f7xx_hal_uart.o
                0x0800ba38                UART_AdvFeatureConfig
 .text.UART_CheckIdleState
                0x0800bb7c      0x150 ./Drivers/STM32F7xx_HAL_Driver/Src/stm32f7xx_hal_uart.o
                0x0800bb7c                UART_CheckIdleState
 .text.UART_WaitOnFlagUntilTimeout
                0x0800bccc       0xda ./Drivers/STM32F7xx_HAL_Driver/Src/stm32f7xx_hal_uart.o
                0x0800bccc                UART_WaitOnFlagUntilTimeout
 *fill*         0x0800bda6        0x2 
 .text.UART_Start_Receive_IT
                0x0800bda8      0x18c ./Drivers/STM32F7xx_HAL_Driver/Src/stm32f7xx_hal_uart.o
                0x0800bda8                UART_Start_Receive_IT
 .text.UART_EndRxTransfer
                0x0800bf34       0xc8 ./Drivers/STM32F7xx_HAL_Driver/Src/stm32f7xx_hal_uart.o
 .text.UART_DMAAbortOnError
                0x0800bffc       0x24 ./Drivers/STM32F7xx_HAL_Driver/Src/stm32f7xx_hal_uart.o
 .text.UART_TxISR_8BIT
                0x0800c020       0xb6 ./Drivers/STM32F7xx_HAL_Driver/Src/stm32f7xx_hal_uart.o
 .text.UART_TxISR_16BIT
                0x0800c0d6       0xc0 ./Drivers/STM32F7xx_HAL_Driver/Src/stm32f7xx_hal_uart.o
 .text.UART_EndTransmit_IT
                0x0800c196       0x54 ./Drivers/STM32F7xx_HAL_Driver/Src/stm32f7xx_hal_uart.o
 .text.UART_RxISR_8BIT
                0x0800c1ea      0x1a8 ./Drivers/STM32F7xx_HAL_Driver/Src/stm32f7xx_hal_uart.o
 .text.UART_RxISR_16BIT
                0x0800c392      0x1a8 ./Drivers/STM32F7xx_HAL_Driver/Src/stm32f7xx_hal_uart.o
 *fill*         0x0800c53a        0x2 
 .text.snprintf
                0x0800c53c       0x6c C:/ST/STM32CubeIDE_2.0.0/STM32CubeIDE/plugins/com.st.stm32cube.ide.mcu.externaltools.gnu-tools-for-stm32.13.3.rel1.win32_1.0.100.202509120712/tools/bin/../lib/gcc/arm-none-eabi/13.3.1/../../../../arm-none-eabi/lib/thumb/v7e-m+dp/hard\libc_nano.a(libc_a-snprintf.o)
                0x0800c53c                sniprintf
                0x0800c53c                snprintf
 .text.memset   0x0800c5a8       0x10 C:/ST/STM32CubeIDE_2.0.0/STM32CubeIDE/plugins/com.st.stm32cube.ide.mcu.externaltools.gnu-tools-for-stm32.13.3.rel1.win32_1.0.100.202509120712/tools/bin/../lib/gcc/arm-none-eabi/13.3.1/../../../../arm-none-eabi/lib/thumb/v7e-m+dp/hard\libc_nano.a(libc_a-memset.o)
                0x0800c5a8                memset
 .text.__errno  0x0800c5b8        0xc C:/ST/STM32CubeIDE_2.0.0/STM32CubeIDE/plugins/com.st.stm32cube.ide.mcu.externaltools.gnu-tools-for-stm32.13.3.rel1.win32_1.0.100.202509120712/tools/bin/../lib/gcc/arm-none-eabi/13.3.1/../../../../arm-none-eabi/lib/thumb/v7e-m+dp/hard\libc_nano.a(libc_a-errno.o)
                0x0800c5b8                __errno
 .text.__libc_init_array
                0x0800c5c4       0x48 C:/ST/STM32CubeIDE_2.0.0/STM32CubeIDE/plugins/com.st.stm32cube.ide.mcu.externaltools.gnu-tools-for-stm32.13.3.rel1.win32_1.0.100.202509120712/tools/bin/../lib/gcc/arm-none-eabi/13.3.1/../../../../arm-none-eabi/lib/thumb/v7e-m+dp/hard\libc_nano.a(libc_a-init.o)
                0x0800c5c4                __libc_init_array
 .text.__retarget_lock_acquire_recursive
                0x0800c60c        0x2 C:/ST/STM32CubeIDE_2.0.0/STM32CubeIDE/plugins/com.st.stm32cube.ide.mcu.externaltools.gnu-tools-for-stm32.13.3.rel1.win32_1.0.100.202509120712/tools/bin/../lib/gcc/arm-none-eabi/13.3.1/../../../../arm-none-eabi/lib/thumb/v7e-m+dp/hard\libc_nano.a(libc_a-lock.o)
                0x0800c60c                __retarget_lock_acquire_recursive
 .text.__retarget_lock_release_recursive
                0x0800c60e        0x2 C:/ST/STM32CubeIDE_2.0.0/STM32CubeIDE/plugins/com.st.stm32cube.ide.mcu.externaltools.gnu-tools-for-stm32.13.3.rel1.win32_1.0.100.202509120712/tools/bin/../lib/gcc/arm-none-eabi/13.3.1/../../../../arm-none-eabi/lib/thumb/v7e-m+dp/hard\libc_nano.a(libc_a-lock.o)
                0x0800c60e                __retarget_lock_release_recursive
 .text.memcpy   0x0800c610       0x1c C:/ST/STM32CubeIDE_2.0.0/STM32CubeIDE/plugins/com.st.stm32cube.ide.mcu.externaltools.gnu-tools-for-stm32.13.3.rel1.win32_1.0.100.202509120712/tools/bin/../lib/gcc/arm-none-eabi/13.3.1/../../../../arm-none-eabi/lib/thumb/v7e-m+dp/hard\libc_nano.a(libc_a-memcpy-stub.o)
                0x0800c610                memcpy
 .text.ldexpf   0x0800c62c       0x4c C:/ST/STM32CubeIDE_2.0.0/STM32CubeIDE/plugins/com.st.stm32cube.ide.mcu.externaltools.gnu-tools-for-stm32.13.3.rel1.win32_1.0.100.202509120712/tools/bin/../lib/gcc/arm-none-eabi/13.3.1/../../../../arm-none-eabi/lib/thumb/v7e-m+dp/hard\libc_nano.a(libm_a-sf_ldexp.o)
                0x0800c62c                ldexpf
 .text.scalbnf  0x0800c678       0xc8 C:/ST/STM32CubeIDE_2.0.0/STM32CubeIDE/plugins/com.st.stm32cube.ide.mcu.externaltools.gnu-tools-for-stm32.13.3.rel1.win32_1.0.100.202509120712/tools/bin/../lib/gcc/arm-none-eabi/13.3.1/../../../../arm-none-eabi/lib/thumb/v7e-m+dp/hard\libc_nano.a(libm_a-sf_scalbn.o)
                0x0800c678                scalbnf
 .text.finitef  0x0800c740       0x14 C:/ST/STM32CubeIDE_2.0.0/STM32CubeIDE/plugins/com.st.stm32cube.ide.mcu.externaltools.gnu-tools-for-stm32.13.3.rel1.win32_1.0.100.202509120712/tools/bin/../lib/gcc/arm-none-eabi/13.3.1/../../../../arm-none-eabi/lib/thumb/v7e-m+dp/hard\libc_nano.a(libm_a-sf_finite.o)
                0x0800c740                finitef
 .text._free_r  0x0800c754       0x94 C:/ST/STM32CubeIDE_2.0.0/STM32CubeIDE/plugins/com.st.stm32cube.ide.mcu.externaltools.gnu-tools-for-stm32.13.3.rel1.win32_1.0.100.202509120712/tools/bin/../lib/gcc/arm-none-eabi/13.3.1/../../../../arm-none-eabi/lib/thumb/v7e-m+dp/hard\libc_nano.a(libc_a-freer.o)
                0x0800c754                _free_r
 .text.sbrk_aligned
                0x0800c7e8       0x44 C:/ST/STM32CubeIDE_2.0.0/STM32CubeIDE/plugins/com.st.stm32cube.ide.mcu.externaltools.gnu-tools-for-stm32.13.3.rel1.win32_1.0.100.202509120712/tools/bin/../lib/gcc/arm-none-eabi/13.3.1/../../../../arm-none-eabi/lib/thumb/v7e-m+dp/hard\libc_nano.a(libc_a-mallocr.o)
 .text._malloc_r
                0x0800c82c      0x100 C:/ST/STM32CubeIDE_2.0.0/STM32CubeIDE/plugins/com.st.stm32cube.ide.mcu.externaltools.gnu-tools-for-stm32.13.3.rel1.win32_1.0.100.202509120712/tools/bin/../lib/gcc/arm-none-eabi/13.3.1/../../../../arm-none-eabi/lib/thumb/v7e-m+dp/hard\libc_nano.a(libc_a-mallocr.o)
                0x0800c82c                _malloc_r
 .text.__malloc_lock
                0x0800c92c        0xc C:/ST/STM32CubeIDE_2.0.0/STM32CubeIDE/plugins/com.st.stm32cube.ide.mcu.externaltools.gnu-tools-for-stm32.13.3.rel1.win32_1.0.100.202509120712/tools/bin/../lib/gcc/arm-none-eabi/13.3.1/../../../../arm-none-eabi/lib/thumb/v7e-m+dp/hard\libc_nano.a(libc_a-mlock.o)
                0x0800c92c                __malloc_lock
 .text.__malloc_unlock
                0x0800c938        0xc C:/ST/STM32CubeIDE_2.0.0/STM32CubeIDE/plugins/com.st.stm32cube.ide.mcu.externaltools.gnu-tools-for-stm32.13.3.rel1.win32_1.0.100.202509120712/tools/bin/../lib/gcc/arm-none-eabi/13.3.1/../../../../arm-none-eabi/lib/thumb/v7e-m+dp/hard\libc_nano.a(libc_a-mlock.o)
                0x0800c938                __malloc_unlock
 .text.__ssputs_r
                0x0800c944       0xb6 C:/ST/STM32CubeIDE_2.0.0/STM32CubeIDE/plugins/com.st.stm32cube.ide.mcu.externaltools.gnu-tools-for-stm32.13.3.rel1.win32_1.0.100.202509120712/tools/bin/../lib/gcc/arm-none-eabi/13.3.1/../../../../arm-none-eabi/lib/thumb/v7e-m+dp/hard\libc_nano.a(libc_a-nano-svfprintf.o)
                0x0800c944                __ssputs_r
 *fill*         0x0800c9fa        0x2 
 .text._svfprintf_r
                0x0800c9fc      0x1f8 C:/ST/STM32CubeIDE_2.0.0/STM32CubeIDE/plugins/com.st.stm32cube.ide.mcu.externaltools.gnu-tools-for-stm32.13.3.rel1.win32_1.0.100.202509120712/tools/bin/../lib/gcc/arm-none-eabi/13.3.1/../../../../arm-none-eabi/lib/thumb/v7e-m+dp/hard\libc_nano.a(libc_a-nano-svfprintf.o)
                0x0800c9fc                _svfiprintf_r
                0x0800c9fc                _svfprintf_r
 .text._printf_common
                0x0800cbf4       0xda C:/ST/STM32CubeIDE_2.0.0/STM32CubeIDE/plugins/com.st.stm32cube.ide.mcu.externaltools.gnu-tools-for-stm32.13.3.rel1.win32_1.0.100.202509120712/tools/bin/../lib/gcc/arm-none-eabi/13.3.1/../../../../arm-none-eabi/lib/thumb/v7e-m+dp/hard\libc_nano.a(libc_a-nano-vfprintf_i.o)
                0x0800cbf4                _printf_common
 *fill*         0x0800ccce        0x2 
 .text._printf_i
                0x0800ccd0      0x23c C:/ST/STM32CubeIDE_2.0.0/STM32CubeIDE/plugins/com.st.stm32cube.ide.mcu.externaltools.gnu-tools-for-stm32.13.3.rel1.win32_1.0.100.202509120712/tools/bin/../lib/gcc/arm-none-eabi/13.3.1/../../../../arm-none-eabi/lib/thumb/v7e-m+dp/hard\libc_nano.a(libc_a-nano-vfprintf_i.o)
                0x0800ccd0                _printf_i
 .text.memmove  0x0800cf0c       0x34 C:/ST/STM32CubeIDE_2.0.0/STM32CubeIDE/plugins/com.st.stm32cube.ide.mcu.externaltools.gnu-tools-for-stm32.13.3.rel1.win32_1.0.100.202509120712/tools/bin/../lib/gcc/arm-none-eabi/13.3.1/../../../../arm-none-eabi/lib/thumb/v7e-m+dp/hard\libc_nano.a(libc_a-memmove.o)
                0x0800cf0c                memmove
 .text._sbrk_r  0x0800cf40       0x20 C:/ST/STM32CubeIDE_2.0.0/STM32CubeIDE/plugins/com.st.stm32cube.ide.mcu.externaltools.gnu-tools-for-stm32.13.3.rel1.win32_1.0.100.202509120712/tools/bin/../lib/gcc/arm-none-eabi/13.3.1/../../../../arm-none-eabi/lib/thumb/v7e-m+dp/hard\libc_nano.a(libc_a-sbrkr.o)
                0x0800cf40                _sbrk_r
 .text._realloc_r
                0x0800cf60       0x5c C:/ST/STM32CubeIDE_2.0.0/STM32CubeIDE/plugins/com.st.stm32cube.ide.mcu.externaltools.gnu-tools-for-stm32.13.3.rel1.win32_1.0.100.202509120712/tools/bin/../lib/gcc/arm-none-eabi/13.3.1/../../../../arm-none-eabi/lib/thumb/v7e-m+dp/hard\libc_nano.a(libc_a-reallocr.o)
                0x0800cf60                _realloc_r
 .text._malloc_usable_size_r
                0x0800cfbc       0x10 C:/ST/STM32CubeIDE_2.0.0/STM32CubeIDE/plugins/com.st.stm32cube.ide.mcu.externaltools.gnu-tools-for-stm32.13.3.rel1.win32_1.0.100.202509120712/tools/bin/../lib/gcc/arm-none-eabi/13.3.1/../../../../arm-none-eabi/lib/thumb/v7e-m+dp/hard\libc_nano.a(libc_a-msizer.o)
                0x0800cfbc                _malloc_usable_size_r
 *(.glue_7)
 .glue_7        0x0800cfcc        0x0 linker stubs
 *(.glue_7t)
 .glue_7t       0x0800cfcc        0x0 linker stubs
 *(.eh_frame)
 .eh_frame      0x0800cfcc        0x0 C:/ST/STM32CubeIDE_2.0.0/STM32CubeIDE/plugins/com.st.stm32cube.ide.mcu.externaltools.gnu-tools-for-stm32.13.3.rel1.win32_1.0.100.202509120712/tools/bin/../lib/gcc/arm-none-eabi/13.3.1/thumb/v7e-m+dp/hard/crtbegin.o
 *(.init)
 .init          0x0800cfcc        0x4 C:/ST/STM32CubeIDE_2.0.0/STM32CubeIDE/plugins/com.st.stm32cube.ide.mcu.externaltools.gnu-tools-for-stm32.13.3.rel1.win32_1.0.100.202509120712/tools/bin/../lib/gcc/arm-none-eabi/13.3.1/thumb/v7e-m+dp/hard/crti.o
                0x0800cfcc                _init
 .init          0x0800cfd0        0x8 C:/ST/STM32CubeIDE_2.0.0/STM32CubeIDE/plugins/com.st.stm32cube.ide.mcu.externaltools.gnu-tools-for-stm32.13.3.rel1.win32_1.0.100.202509120712/tools/bin/../lib/gcc/arm-none-eabi/13.3.1/thumb/v7e-m+dp/hard/crtn.o
 *(.fini)
 .fini          0x0800cfd8        0x4 C:/ST/STM32CubeIDE_2.0.0/STM32CubeIDE/plugins/com.st.stm32cube.ide.mcu.externaltools.gnu-tools-for-stm32.13.3.rel1.win32_1.0.100.202509120712/tools/bin/../lib/gcc/arm-none-eabi/13.3.1/thumb/v7e-m+dp/hard/crti.o
                0x0800cfd8                _fini
 .fini          0x0800cfdc        0x8 C:/ST/STM32CubeIDE_2.0.0/STM32CubeIDE/plugins/com.st.stm32cube.ide.mcu.externaltools.gnu-tools-for-stm32.13.3.rel1.win32_1.0.100.202509120712/tools/bin/../lib/gcc/arm-none-eabi/13.3.1/thumb/v7e-m+dp/hard/crtn.o
                0x0800cfe4                        . = ALIGN (0x4)
                0x0800cfe4                        _etext = .

.vfp11_veneer   0x0800cfe4        0x0
 .vfp11_veneer  0x0800cfe4        0x0 linker stubs

.v4_bx          0x0800cfe4        0x0
 .v4_bx         0x0800cfe4        0x0 linker stubs

.iplt           0x0800cfe4        0x0
 .iplt          0x0800cfe4        0x0 C:/ST/STM32CubeIDE_2.0.0/STM32CubeIDE/plugins/com.st.stm32cube.ide.mcu.externaltools.gnu-tools-for-stm32.13.3.rel1.win32_1.0.100.202509120712/tools/bin/../lib/gcc/arm-none-eabi/13.3.1/thumb/v7e-m+dp/hard/crtbegin.o

.rodata         0x0800cfe4     0x20a0
                0x0800cfe4                        . = ALIGN (0x4)
 *(.rodata)
 .rodata        0x0800cfe4       0x46 ./Core/Src/main.o
 *fill*         0x0800d02a        0x2 
 .rodata        0x0800d02c       0x5d ./Core/Src/screen_stepper.o
 *fill*         0x0800d089        0x3 
 .rodata        0x0800d08c      0x286 ./Core/Src/ui.o
 *(.rodata*)
 *fill*         0x0800d312        0x2 
 .rodata.crc16_tab
                0x0800d314      0x200 ./Core/Src/crc.o
                0x0800d314                crc16_tab
 .rodata.key_map
                0x0800d514        0xc ./Core/Src/keypad.o
 .rodata.row_ports
                0x0800d520       0x10 ./Core/Src/keypad.o
 .rodata.row_pins
                0x0800d530        0x8 ./Core/Src/keypad.o
 .rodata.col_ports
                0x0800d538        0xc ./Core/Src/keypad.o
 .rodata.col_pins
                0x0800d544        0x6 ./Core/Src/keypad.o
 *fill*         0x0800d54a        0x2 
 .rodata.Font7x10
                0x0800d54c      0x76c ./Core/Src/ssd1306_fonts.o
 .rodata.Font11x18
                0x0800dcb8      0xd5c ./Core/Src/ssd1306_fonts.o
 .rodata.Font6x8
                0x0800ea14      0x5f0 ./Core/Src/ssd1306_fonts.o
 .rodata.Font_6x8
                0x0800f004        0xc ./Core/Src/ssd1306_fonts.o
                0x0800f004                Font_6x8
 .rodata.Font_7x10
                0x0800f010        0xc ./Core/Src/ssd1306_fonts.o
                0x0800f010                Font_7x10
 .rodata.Font_11x18
                0x0800f01c        0xc ./Core/Src/ssd1306_fonts.o
                0x0800f01c                Font_11x18
 .rodata.AHBPrescTable
                0x0800f028       0x10 ./Core/Src/system_stm32f7xx.o
                0x0800f028                AHBPrescTable
 .rodata.APBPrescTable
                0x0800f038        0x8 ./Core/Src/system_stm32f7xx.o
                0x0800f038                APBPrescTable
 .rodata.row_y.1
                0x0800f040        0x5 ./Core/Src/ui.o
 *fill*         0x0800f045        0x3 
 .rodata.flagBitshiftOffset.0
                0x0800f048        0x8 ./Drivers/STM32F7xx_HAL_Driver/Src/stm32f7xx_hal_dma.o
 .rodata._svfprintf_r.str1.1
                0x0800f050       0x33 C:/ST/STM32CubeIDE_2.0.0/STM32CubeIDE/plugins/com.st.stm32cube.ide.mcu.externaltools.gnu-tools-for-stm32.13.3.rel1.win32_1.0.100.202509120712/tools/bin/../lib/gcc/arm-none-eabi/13.3.1/../../../../arm-none-eabi/lib/thumb/v7e-m+dp/hard\libc_nano.a(libc_a-nano-svfprintf.o)
                                 0x11 (size before relaxing)
 .rodata._printf_i.str1.1
                0x0800f083        0x0 C:/ST/STM32CubeIDE_2.0.0/STM32CubeIDE/plugins/com.st.stm32cube.ide.mcu.externaltools.gnu-tools-for-stm32.13.3.rel1.win32_1.0.100.202509120712/tools/bin/../lib/gcc/arm-none-eabi/13.3.1/../../../../arm-none-eabi/lib/thumb/v7e-m+dp/hard\libc_nano.a(libc_a-nano-vfprintf_i.o)
                                 0x22 (size before relaxing)
                0x0800f084                        . = ALIGN (0x4)
 *fill*         0x0800f083        0x1 

.ARM.extab      0x0800f084        0x0
                0x0800f084                        . = ALIGN (0x4)
 *(.ARM.extab* .gnu.linkonce.armextab.*)
                0x0800f084                        . = ALIGN (0x4)

.ARM            0x0800f084        0x8
                0x0800f084                        . = ALIGN (0x4)
                0x0800f084                        __exidx_start = .
 *(.ARM.exidx*)
 .ARM.exidx     0x0800f084        0x8 C:/ST/STM32CubeIDE_2.0.0/STM32CubeIDE/plugins/com.st.stm32cube.ide.mcu.externaltools.gnu-tools-for-stm32.13.3.rel1.win32_1.0.100.202509120712/tools/bin/../lib/gcc/arm-none-eabi/13.3.1/../../../../arm-none-eabi/lib/thumb/v7e-m+dp/hard\libc_nano.a(libc_a-memchr.o)
 .ARM.exidx     0x0800f08c        0x0 C:/ST/STM32CubeIDE_2.0.0/STM32CubeIDE/plugins/com.st.stm32cube.ide.mcu.externaltools.gnu-tools-for-stm32.13.3.rel1.win32_1.0.100.202509120712/tools/bin/../lib/gcc/arm-none-eabi/13.3.1/thumb/v7e-m+dp/hard\libgcc.a(_udivmoddi4.o)
                                  0x8 (size before relaxing)
                0x0800f08c                        __exidx_end = .
                0x0800f08c                        . = ALIGN (0x4)

.preinit_array  0x0800f08c        0x0
                0x0800f08c                        . = ALIGN (0x4)
                0x0800f08c                        PROVIDE (__preinit_array_start = .)
 *(.preinit_array*)
                0x0800f08c                        PROVIDE (__preinit_array_end = .)
                0x0800f08c                        . = ALIGN (0x4)

.init_array     0x0800f08c        0x4
                0x0800f08c                        . = ALIGN (0x4)
                0x0800f08c                        PROVIDE (__init_array_start = .)
 *(SORT_BY_NAME(.init_array.*))
 *(.init_array*)
 .init_array    0x0800f08c        0x4 C:/ST/STM32CubeIDE_2.0.0/STM32CubeIDE/plugins/com.st.stm32cube.ide.mcu.externaltools.gnu-tools-for-stm32.13.3.rel1.win32_1.0.100.202509120712/tools/bin/../lib/gcc/arm-none-eabi/13.3.1/thumb/v7e-m+dp/hard/crtbegin.o
                0x0800f090                        PROVIDE (__init_array_end = .)
                0x0800f090                        . = ALIGN (0x4)

.fini_array     0x0800f090        0x4
                0x0800f090                        . = ALIGN (0x4)
                [!provide]                        PROVIDE (__fini_array_start = .)
 *(SORT_BY_NAME(.fini_array.*))
 *(.fini_array*)
 .fini_array    0x0800f090        0x4 C:/ST/STM32CubeIDE_2.0.0/STM32CubeIDE/plugins/com.st.stm32cube.ide.mcu.externaltools.gnu-tools-for-stm32.13.3.rel1.win32_1.0.100.202509120712/tools/bin/../lib/gcc/arm-none-eabi/13.3.1/thumb/v7e-m+dp/hard/crtbegin.o
                [!provide]                        PROVIDE (__fini_array_end = .)
                0x0800f094                        . = ALIGN (0x4)
                0x0800f094                        _sidata = LOADADDR (.data)

.rel.dyn        0x0800f094        0x0
 .rel.iplt      0x0800f094        0x0 C:/ST/STM32CubeIDE_2.0.0/STM32CubeIDE/plugins/com.st.stm32cube.ide.mcu.externaltools.gnu-tools-for-stm32.13.3.rel1.win32_1.0.100.202509120712/tools/bin/../lib/gcc/arm-none-eabi/13.3.1/thumb/v7e-m+dp/hard/crtbegin.o

.data           0x20000000       0x74 load address 0x0800f094
                0x20000000                        . = ALIGN (0x4)
                0x20000000                        _sdata = .
 *(.data)
 *(.data*)
 .data.esp_cmd_x
                0x20000000        0x1 ./Core/Src/main.o
 .data.esp_cmd_y
                0x20000001        0x1 ./Core/Src/main.o
 .data.pendingKey
                0x20000002        0x1 ./Core/Src/main.o
 *fill*         0x20000003        0x1 
 .data.SystemCoreClock
                0x20000004        0x4 ./Core/Src/system_stm32f7xx.o
                0x20000004                SystemCoreClock
 .data.items.0  0x20000008       0x14 ./Core/Src/ui.o
 .data.uwTickPrio
                0x2000001c        0x4 ./Drivers/STM32F7xx_HAL_Driver/Src/stm32f7xx_hal.o
                0x2000001c                uwTickPrio
 .data.uwTickFreq
                0x20000020        0x1 ./Drivers/STM32F7xx_HAL_Driver/Src/stm32f7xx_hal.o
                0x20000020                uwTickFreq
 *fill*         0x20000021        0x3 
 .data._impure_ptr
                0x20000024        0x4 C:/ST/STM32CubeIDE_2.0.0/STM32CubeIDE/plugins/com.st.stm32cube.ide.mcu.externaltools.gnu-tools-for-stm32.13.3.rel1.win32_1.0.100.202509120712/tools/bin/../lib/gcc/arm-none-eabi/13.3.1/../../../../arm-none-eabi/lib/thumb/v7e-m+dp/hard\libc_nano.a(libc_a-impure.o)
                0x20000024                _impure_ptr
 .data._impure_data
                0x20000028       0x4c C:/ST/STM32CubeIDE_2.0.0/STM32CubeIDE/plugins/com.st.stm32cube.ide.mcu.externaltools.gnu-tools-for-stm32.13.3.rel1.win32_1.0.100.202509120712/tools/bin/../lib/gcc/arm-none-eabi/13.3.1/../../../../arm-none-eabi/lib/thumb/v7e-m+dp/hard\libc_nano.a(libc_a-impure.o)
                0x20000028                _impure_data
 *(.RamFunc)
 *(.RamFunc*)
                0x20000074                        . = ALIGN (0x4)
                0x20000074                        _edata = .

.igot.plt       0x20000074        0x0 load address 0x0800f108
 .igot.plt      0x20000074        0x0 C:/ST/STM32CubeIDE_2.0.0/STM32CubeIDE/plugins/com.st.stm32cube.ide.mcu.externaltools.gnu-tools-for-stm32.13.3.rel1.win32_1.0.100.202509120712/tools/bin/../lib/gcc/arm-none-eabi/13.3.1/thumb/v7e-m+dp/hard/crtbegin.o

.RxDecripSection
                0x20000074       0xa0 load address 0x0800f108
 .RxDecripSection
                0x20000074       0xa0 ./Core/Src/main.o
                0x20000074                DMARxDscrTab

.TxDecripSection
                0x20000114       0xa0 load address 0x0800f1a8
 .TxDecripSection
                0x20000114       0xa0 ./Core/Src/main.o
                0x20000114                DMATxDscrTab
                0x200001b4                        . = ALIGN (0x4)

.bss            0x200001b4     0x1750 load address 0x0800f248
                0x200001b4                        _sbss = .
                0x200001b4                        __bss_start__ = _sbss
 *(.bss)
 .bss           0x200001b4       0x1c C:/ST/STM32CubeIDE_2.0.0/STM32CubeIDE/plugins/com.st.stm32cube.ide.mcu.externaltools.gnu-tools-for-stm32.13.3.rel1.win32_1.0.100.202509120712/tools/bin/../lib/gcc/arm-none-eabi/13.3.1/thumb/v7e-m+dp/hard/crtbegin.o
 *(.bss*)
 .bss.send_buffer
                0x200001d0      0x400 ./Core/Src/bldc_interface.o
 .bss.values    0x200005d0       0x48 ./Core/Src/bldc_interface.o
 .bss.fw_major  0x20000618        0x4 ./Core/Src/bldc_interface.o
 .bss.fw_minor  0x2000061c        0x4 ./Core/Src/bldc_interface.o
 .bss.rotor_pos
                0x20000620        0x4 ./Core/Src/bldc_interface.o
 .bss.mcconf    0x20000624      0x184 ./Core/Src/bldc_interface.o
 .bss.appconf   0x200007a8       0xc8 ./Core/Src/bldc_interface.o
 .bss.detect_cycle_int_limit
                0x20000870        0x4 ./Core/Src/bldc_interface.o
 .bss.detect_coupling_k
                0x20000874        0x4 ./Core/Src/bldc_interface.o
 .bss.detect_hall_table
                0x20000878        0x8 ./Core/Src/bldc_interface.o
 .bss.detect_hall_res
                0x20000880        0x1 ./Core/Src/bldc_interface.o
 *fill*         0x20000881        0x3 
 .bss.dec_ppm   0x20000884        0x4 ./Core/Src/bldc_interface.o
 .bss.dec_ppm_len
                0x20000888        0x4 ./Core/Src/bldc_interface.o
 .bss.dec_adc   0x2000088c        0x4 ./Core/Src/bldc_interface.o
 .bss.dec_adc_voltage
                0x20000890        0x4 ./Core/Src/bldc_interface.o
 .bss.dec_chuk  0x20000894        0x4 ./Core/Src/bldc_interface.o
 .bss.send_func
                0x20000898        0x4 ./Core/Src/bldc_interface.o
 .bss.forward_func
                0x2000089c        0x4 ./Core/Src/bldc_interface.o
 .bss.rx_value_func
                0x200008a0        0x4 ./Core/Src/bldc_interface.o
 .bss.rx_printf_func
                0x200008a4        0x4 ./Core/Src/bldc_interface.o
 .bss.rx_rotor_pos_func
                0x200008a8        0x4 ./Core/Src/bldc_interface.o
 .bss.rx_mcconf_func
                0x200008ac        0x4 ./Core/Src/bldc_interface.o
 .bss.rx_appconf_func
                0x200008b0        0x4 ./Core/Src/bldc_interface.o
 .bss.rx_detect_func
                0x200008b4        0x4 ./Core/Src/bldc_interface.o
 .bss.rx_dec_ppm_func
                0x200008b8        0x4 ./Core/Src/bldc_interface.o
 .bss.rx_dec_adc_func
                0x200008bc        0x4 ./Core/Src/bldc_interface.o
 .bss.rx_dec_chuk_func
                0x200008c0        0x4 ./Core/Src/bldc_interface.o
 .bss.rx_mcconf_received_func
                0x200008c4        0x4 ./Core/Src/bldc_interface.o
 .bss.rx_appconf_received_func
                0x200008c8        0x4 ./Core/Src/bldc_interface.o
 .bss.motor_control_set_func
                0x200008cc        0x4 ./Core/Src/bldc_interface.o
 .bss.values_requested_func
                0x200008d0        0x4 ./Core/Src/bldc_interface.o
 .bss.ks        0x200008d4       0xf0 ./Core/Src/keypad.o
 .bss.TxConfig  0x200009c4       0x38 ./Core/Src/main.o
                0x200009c4                TxConfig
 .bss.hadc1     0x200009fc       0x48 ./Core/Src/main.o
                0x200009fc                hadc1
 .bss.hdma_adc1
                0x20000a44       0x60 ./Core/Src/main.o
                0x20000a44                hdma_adc1
 .bss.heth      0x20000aa4       0xb0 ./Core/Src/main.o
                0x20000aa4                heth
 .bss.hi2c1     0x20000b54       0x54 ./Core/Src/main.o
                0x20000b54                hi2c1
 .bss.htim3     0x20000ba8       0x4c ./Core/Src/main.o
                0x20000ba8                htim3
 .bss.huart5    0x20000bf4       0x88 ./Core/Src/main.o
                0x20000bf4                huart5
 .bss.huart1    0x20000c7c       0x88 ./Core/Src/main.o
                0x20000c7c                huart1
 .bss.huart2    0x20000d04       0x88 ./Core/Src/main.o
                0x20000d04                huart2
 .bss.huart3    0x20000d8c       0x88 ./Core/Src/main.o
                0x20000d8c                huart3
 .bss.huart4    0x20000e14       0x88 ./Core/Src/main.o
                0x20000e14                huart4
 .bss.huart7    0x20000e9c       0x88 ./Core/Src/main.o
                0x20000e9c                huart7
 .bss.esp_rx_byte
                0x20000f24        0x1 ./Core/Src/main.o
 *fill*         0x20000f25        0x3 
 .bss.esp_frame
                0x20000f28        0x4 ./Core/Src/main.o
 .bss.esp_frame_idx
                0x20000f2c        0x1 ./Core/Src/main.o
 .bss.esp_cmd_ready
                0x20000f2d        0x1 ./Core/Src/main.o
 .bss.vesc_rx_byte
                0x20000f2e        0x1 ./Core/Src/main.o
 *fill*         0x20000f2f        0x1 
 .bss.lastCmdTime
                0x20000f30        0x4 ./Core/Src/main.o
                0x20000f30                lastCmdTime
 .bss.motorRunning
                0x20000f34        0x1 ./Core/Src/main.o
                0x20000f34                motorRunning
 *fill*         0x20000f35        0x3 
 .bss.adc_dma_buf
                0x20000f38        0x4 ./Core/Src/main.o
                0x20000f38                adc_dma_buf
 .bss.lastPoll.1
                0x20000f3c        0x4 ./Core/Src/main.o
 .bss.MACAddr.0
                0x20000f40        0x6 ./Core/Src/main.o
 *fill*         0x20000f46        0x2 
 .bss.handler_states
                0x20000f48      0x420 ./Core/Src/packet.o
 .bss.SSD1306_Buffer
                0x20001368      0x400 ./Core/Src/ssd1306.o
 .bss.SSD1306   0x20001768        0x6 ./Core/Src/ssd1306.o
 *fill*         0x2000176e        0x2 
 .bss.s_current_freq
                0x20001770        0x4 ./Core/Src/stepper.o
 .bss.s_target_freq
                0x20001774        0x4 ./Core/Src/stepper.o
 .bss.s_last_cw_adc
                0x20001778        0x2 ./Core/Src/stepper.o
 .bss.s_last_ccw_adc
                0x2000177a        0x2 ./Core/Src/stepper.o
 .bss.__sbrk_heap_end
                0x2000177c        0x4 ./Core/Src/sysmem.o
 .bss.ui        0x20001780       0x38 ./Core/Src/ui.o
 .bss.uwTick    0x200017b8        0x4 ./Drivers/STM32F7xx_HAL_Driver/Src/stm32f7xx_hal.o
                0x200017b8                uwTick
 .bss.__sf      0x200017bc      0x138 C:/ST/STM32CubeIDE_2.0.0/STM32CubeIDE/plugins/com.st.stm32cube.ide.mcu.externaltools.gnu-tools-for-stm32.13.3.rel1.win32_1.0.100.202509120712/tools/bin/../lib/gcc/arm-none-eabi/13.3.1/../../../../arm-none-eabi/lib/thumb/v7e-m+dp/hard\libc_nano.a(libc_a-findfp.o)
                0x200017bc                __sf
 .bss.errno     0x200018f4        0x4 C:/ST/STM32CubeIDE_2.0.0/STM32CubeIDE/plugins/com.st.stm32cube.ide.mcu.externaltools.gnu-tools-for-stm32.13.3.rel1.win32_1.0.100.202509120712/tools/bin/../lib/gcc/arm-none-eabi/13.3.1/../../../../arm-none-eabi/lib/thumb/v7e-m+dp/hard\libc_nano.a(libc_a-reent.o)
                0x200018f4                errno
 .bss.__lock___malloc_recursive_mutex
                0x200018f8        0x1 C:/ST/STM32CubeIDE_2.0.0/STM32CubeIDE/plugins/com.st.stm32cube.ide.mcu.externaltools.gnu-tools-for-stm32.13.3.rel1.win32_1.0.100.202509120712/tools/bin/../lib/gcc/arm-none-eabi/13.3.1/../../../../arm-none-eabi/lib/thumb/v7e-m+dp/hard\libc_nano.a(libc_a-lock.o)
                0x200018f8                __lock___malloc_recursive_mutex
 *fill*         0x200018f9        0x3 
 .bss.__malloc_sbrk_start
                0x200018fc        0x4 C:/ST/STM32CubeIDE_2.0.0/STM32CubeIDE/plugins/com.st.stm32cube.ide.mcu.externaltools.gnu-tools-for-stm32.13.3.rel1.win32_1.0.100.202509120712/tools/bin/../lib/gcc/arm-none-eabi/13.3.1/../../../../arm-none-eabi/lib/thumb/v7e-m+dp/hard\libc_nano.a(libc_a-mallocr.o)
                0x200018fc                __malloc_sbrk_start
 .bss.__malloc_free_list
                0x20001900        0x4 C:/ST/STM32CubeIDE_2.0.0/STM32CubeIDE/plugins/com.st.stm32cube.ide.mcu.externaltools.gnu-tools-for-stm32.13.3.rel1.win32_1.0.100.202509120712/tools/bin/../lib/gcc/arm-none-eabi/13.3.1/../../../../arm-none-eabi/lib/thumb/v7e-m+dp/hard\libc_nano.a(libc_a-mallocr.o)
                0x20001900                __malloc_free_list
 *(COMMON)
                0x20001904                        . = ALIGN (0x4)
                0x20001904                        _ebss = .
                0x20001904                        __bss_end__ = _ebss

._user_heap_stack
                0x20001904      0x604 load address 0x0800f248
                0x20001908                        . = ALIGN (0x8)
 *fill*         0x20001904        0x4 
                [!provide]                        PROVIDE (end = .)
                0x20001908                        PROVIDE (_end = .)
                0x20001b08                        . = (. + _Min_Heap_Size)
 *fill*         0x20001908      0x200 
                0x20001f08                        . = (. + _Min_Stack_Size)
 *fill*         0x20001b08      0x400 
                0x20001f08                        . = ALIGN (0x8)

/DISCARD/
 libc.a(*)
 libm.a(*)
 libgcc.a(*)

.ARM.attributes
                0x00000000       0x2e
 *(.ARM.attributes)
 .ARM.attributes
                0x00000000       0x20 C:/ST/STM32CubeIDE_2.0.0/STM32CubeIDE/plugins/com.st.stm32cube.ide.mcu.externaltools.gnu-tools-for-stm32.13.3.rel1.win32_1.0.100.202509120712/tools/bin/../lib/gcc/arm-none-eabi/13.3.1/thumb/v7e-m+dp/hard/crti.o
 .ARM.attributes
                0x00000020       0x32 C:/ST/STM32CubeIDE_2.0.0/STM32CubeIDE/plugins/com.st.stm32cube.ide.mcu.externaltools.gnu-tools-for-stm32.13.3.rel1.win32_1.0.100.202509120712/tools/bin/../lib/gcc/arm-none-eabi/13.3.1/thumb/v7e-m+dp/hard/crtbegin.o
 .ARM.attributes
                0x00000052       0x32 ./Core/Src/bldc_interface.o
 .ARM.attributes
                0x00000084       0x32 ./Core/Src/bldc_interface_uart.o
 .ARM.attributes
                0x000000b6       0x32 ./Core/Src/buffer.o
 .ARM.attributes
                0x000000e8       0x32 ./Core/Src/crc.o
 .ARM.attributes
                0x0000011a       0x32 ./Core/Src/keypad.o
 .ARM.attributes
                0x0000014c       0x32 ./Core/Src/main.o
 .ARM.attributes
                0x0000017e       0x32 ./Core/Src/packet.o
 .ARM.attributes
                0x000001b0       0x32 ./Core/Src/screen_stepper.o
 .ARM.attributes
                0x000001e2       0x32 ./Core/Src/ssd1306.o
 .ARM.attributes
                0x00000214       0x32 ./Core/Src/ssd1306_fonts.o
 .ARM.attributes
                0x00000246       0x32 ./Core/Src/stepper.o
 .ARM.attributes
                0x00000278       0x32 ./Core/Src/stm32f7xx_hal_msp.o
 .ARM.attributes
                0x000002aa       0x32 ./Core/Src/stm32f7xx_it.o
 .ARM.attributes
                0x000002dc       0x32 ./Core/Src/sysmem.o
 .ARM.attributes
                0x0000030e       0x32 ./Core/Src/system_stm32f7xx.o
 .ARM.attributes
                0x00000340       0x32 ./Core/Src/ui.o
 .ARM.attributes
                0x00000372       0x32 ./Core/Src/vesc.o
 .ARM.attributes
                0x000003a4       0x21 ./Core/Startup/startup_stm32f767zitx.o
 .ARM.attributes
                0x000003c5       0x32 ./Drivers/STM32F7xx_HAL_Driver/Src/stm32f7xx_hal.o
 .ARM.attributes
                0x000003f7       0x32 ./Drivers/STM32F7xx_HAL_Driver/Src/stm32f7xx_hal_adc.o
 .ARM.attributes
                0x00000429       0x32 ./Drivers/STM32F7xx_HAL_Driver/Src/stm32f7xx_hal_cortex.o
 .ARM.attributes
                0x0000045b       0x32 ./Drivers/STM32F7xx_HAL_Driver/Src/stm32f7xx_hal_dma.o
 .ARM.attributes
                0x0000048d       0x32 ./Drivers/STM32F7xx_HAL_Driver/Src/stm32f7xx_hal_eth.o
 .ARM.attributes
                0x000004bf       0x32 ./Drivers/STM32F7xx_HAL_Driver/Src/stm32f7xx_hal_gpio.o
 .ARM.attributes
                0x000004f1       0x32 ./Drivers/STM32F7xx_HAL_Driver/Src/stm32f7xx_hal_i2c.o
 .ARM.attributes
                0x00000523       0x32 ./Drivers/STM32F7xx_HAL_Driver/Src/stm32f7xx_hal_i2c_ex.o
 .ARM.attributes
                0x00000555       0x32 ./Drivers/STM32F7xx_HAL_Driver/Src/stm32f7xx_hal_pwr.o
 .ARM.attributes
                0x00000587       0x32 ./Drivers/STM32F7xx_HAL_Driver/Src/stm32f7xx_hal_pwr_ex.o
 .ARM.attributes
                0x000005b9       0x32 ./Drivers/STM32F7xx_HAL_Driver/Src/stm32f7xx_hal_rcc.o
 .ARM.attributes
                0x000005eb       0x32 ./Drivers/STM32F7xx_HAL_Driver/Src/stm32f7xx_hal_rcc_ex.o
 .ARM.attributes
                0x0000061d       0x32 ./Drivers/STM32F7xx_HAL_Driver/Src/stm32f7xx_hal_tim.o
 .ARM.attributes
                0x0000064f       0x32 ./Drivers/STM32F7xx_HAL_Driver/Src/stm32f7xx_hal_tim_ex.o
 .ARM.attributes
                0x00000681       0x32 ./Drivers/STM32F7xx_HAL_Driver/Src/stm32f7xx_hal_uart.o
 .ARM.attributes
                0x000006b3       0x32 C:/ST/STM32CubeIDE_2.0.0/STM32CubeIDE/plugins/com.st.stm32cube.ide.mcu.externaltools.gnu-tools-for-stm32.13.3.rel1.win32_1.0.100.202509120712/tools/bin/../lib/gcc/arm-none-eabi/13.3.1/../../../../arm-none-eabi/lib/thumb/v7e-m+dp/hard\libc_nano.a(libc_a-findfp.o)
 .ARM.attributes
                0x000006e5       0x32 C:/ST/STM32CubeIDE_2.0.0/STM32CubeIDE/plugins/com.st.stm32cube.ide.mcu.externaltools.gnu-tools-for-stm32.13.3.rel1.win32_1.0.100.202509120712/tools/bin/../lib/gcc/arm-none-eabi/13.3.1/../../../../arm-none-eabi/lib/thumb/v7e-m+dp/hard\libc_nano.a(libc_a-snprintf.o)
 .ARM.attributes
                0x00000717       0x32 C:/ST/STM32CubeIDE_2.0.0/STM32CubeIDE/plugins/com.st.stm32cube.ide.mcu.externaltools.gnu-tools-for-stm32.13.3.rel1.win32_1.0.100.202509120712/tools/bin/../lib/gcc/arm-none-eabi/13.3.1/../../../../arm-none-eabi/lib/thumb/v7e-m+dp/hard\libc_nano.a(libc_a-memset.o)
 .ARM.attributes
                0x00000749       0x32 C:/ST/STM32CubeIDE_2.0.0/STM32CubeIDE/plugins/com.st.stm32cube.ide.mcu.externaltools.gnu-tools-for-stm32.13.3.rel1.win32_1.0.100.202509120712/tools/bin/../lib/gcc/arm-none-eabi/13.3.1/../../../../arm-none-eabi/lib/thumb/v7e-m+dp/hard\libc_nano.a(libc_a-reent.o)
 .ARM.attributes
                0x0000077b       0x32 C:/ST/STM32CubeIDE_2.0.0/STM32CubeIDE/plugins/com.st.stm32cube.ide.mcu.externaltools.gnu-tools-for-stm32.13.3.rel1.win32_1.0.100.202509120712/tools/bin/../lib/gcc/arm-none-eabi/13.3.1/../../../../arm-none-eabi/lib/thumb/v7e-m+dp/hard\libc_nano.a(libc_a-impure.o)
 .ARM.attributes
                0x000007ad       0x32 C:/ST/STM32CubeIDE_2.0.0/STM32CubeIDE/plugins/com.st.stm32cube.ide.mcu.externaltools.gnu-tools-for-stm32.13.3.rel1.win32_1.0.100.202509120712/tools/bin/../lib/gcc/arm-none-eabi/13.3.1/../../../../arm-none-eabi/lib/thumb/v7e-m+dp/hard\libc_nano.a(libc_a-errno.o)
 .ARM.attributes
                0x000007df       0x32 C:/ST/STM32CubeIDE_2.0.0/STM32CubeIDE/plugins/com.st.stm32cube.ide.mcu.externaltools.gnu-tools-for-stm32.13.3.rel1.win32_1.0.100.202509120712/tools/bin/../lib/gcc/arm-none-eabi/13.3.1/../../../../arm-none-eabi/lib/thumb/v7e-m+dp/hard\libc_nano.a(libc_a-init.o)
 .ARM.attributes
                0x00000811       0x32 C:/ST/STM32CubeIDE_2.0.0/STM32CubeIDE/plugins/com.st.stm32cube.ide.mcu.externaltools.gnu-tools-for-stm32.13.3.rel1.win32_1.0.100.202509120712/tools/bin/../lib/gcc/arm-none-eabi/13.3.1/../../../../arm-none-eabi/lib/thumb/v7e-m+dp/hard\libc_nano.a(libc_a-lock.o)
 .ARM.attributes
                0x00000843       0x32 C:/ST/STM32CubeIDE_2.0.0/STM32CubeIDE/plugins/com.st.stm32cube.ide.mcu.externaltools.gnu-tools-for-stm32.13.3.rel1.win32_1.0.100.202509120712/tools/bin/../lib/gcc/arm-none-eabi/13.3.1/../../../../arm-none-eabi/lib/thumb/v7e-m+dp/hard\libc_nano.a(libc_a-memcpy-stub.o)
 .ARM.attributes
                0x00000875       0x32 C:/ST/STM32CubeIDE_2.0.0/STM32CubeIDE/plugins/com.st.stm32cube.ide.mcu.externaltools.gnu-tools-for-stm32.13.3.rel1.win32_1.0.100.202509120712/tools/bin/../lib/gcc/arm-none-eabi/13.3.1/../../../../arm-none-eabi/lib/thumb/v7e-m+dp/hard\libc_nano.a(libm_a-sf_ldexp.o)
 .ARM.attributes
                0x000008a7       0x32 C:/ST/STM32CubeIDE_2.0.0/STM32CubeIDE/plugins/com.st.stm32cube.ide.mcu.externaltools.gnu-tools-for-stm32.13.3.rel1.win32_1.0.100.202509120712/tools/bin/../lib/gcc/arm-none-eabi/13.3.1/../../../../arm-none-eabi/lib/thumb/v7e-m+dp/hard\libc_nano.a(libm_a-sf_scalbn.o)
 .ARM.attributes
                0x000008d9       0x32 C:/ST/STM32CubeIDE_2.0.0/STM32CubeIDE/plugins/com.st.stm32cube.ide.mcu.externaltools.gnu-tools-for-stm32.13.3.rel1.win32_1.0.100.202509120712/tools/bin/../lib/gcc/arm-none-eabi/13.3.1/../../../../arm-none-eabi/lib/thumb/v7e-m+dp/hard\libc_nano.a(libm_a-sf_finite.o)
 .ARM.attributes
                0x0000090b       0x32 C:/ST/STM32CubeIDE_2.0.0/STM32CubeIDE/plugins/com.st.stm32cube.ide.mcu.externaltools.gnu-tools-for-stm32.13.3.rel1.win32_1.0.100.202509120712/tools/bin/../lib/gcc/arm-none-eabi/13.3.1/../../../../arm-none-eabi/lib/thumb/v7e-m+dp/hard\libc_nano.a(libc_a-freer.o)
 .ARM.attributes
                0x0000093d       0x32 C:/ST/STM32CubeIDE_2.0.0/STM32CubeIDE/plugins/com.st.stm32cube.ide.mcu.externaltools.gnu-tools-for-stm32.13.3.rel1.win32_1.0.100.202509120712/tools/bin/../lib/gcc/arm-none-eabi/13.3.1/../../../../arm-none-eabi/lib/thumb/v7e-m+dp/hard\libc_nano.a(libc_a-mallocr.o)
 .ARM.attributes
                0x0000096f       0x32 C:/ST/STM32CubeIDE_2.0.0/STM32CubeIDE/plugins/com.st.stm32cube.ide.mcu.externaltools.gnu-tools-for-stm32.13.3.rel1.win32_1.0.100.202509120712/tools/bin/../lib/gcc/arm-none-eabi/13.3.1/../../../../arm-none-eabi/lib/thumb/v7e-m+dp/hard\libc_nano.a(libc_a-mlock.o)
 .ARM.attributes
                0x000009a1       0x32 C:/ST/STM32CubeIDE_2.0.0/STM32CubeIDE/plugins/com.st.stm32cube.ide.mcu.externaltools.gnu-tools-for-stm32.13.3.rel1.win32_1.0.100.202509120712/tools/bin/../lib/gcc/arm-none-eabi/13.3.1/../../../../arm-none-eabi/lib/thumb/v7e-m+dp/hard\libc_nano.a(libc_a-nano-svfprintf.o)
 .ARM.attributes
                0x000009d3       0x32 C:/ST/STM32CubeIDE_2.0.0/STM32CubeIDE/plugins/com.st.stm32cube.ide.mcu.externaltools.gnu-tools-for-stm32.13.3.rel1.win32_1.0.100.202509120712/tools/bin/../lib/gcc/arm-none-eabi/13.3.1/../../../../arm-none-eabi/lib/thumb/v7e-m+dp/hard\libc_nano.a(libc_a-nano-vfprintf_i.o)
 .ARM.attributes
                0x00000a05       0x32 C:/ST/STM32CubeIDE_2.0.0/STM32CubeIDE/plugins/com.st.stm32cube.ide.mcu.externaltools.gnu-tools-for-stm32.13.3.rel1.win32_1.0.100.202509120712/tools/bin/../lib/gcc/arm-none-eabi/13.3.1/../../../../arm-none-eabi/lib/thumb/v7e-m+dp/hard\libc_nano.a(libc_a-memmove.o)
 .ARM.attributes
                0x00000a37       0x32 C:/ST/STM32CubeIDE_2.0.0/STM32CubeIDE/plugins/com.st.stm32cube.ide.mcu.externaltools.gnu-tools-for-stm32.13.3.rel1.win32_1.0.100.202509120712/tools/bin/../lib/gcc/arm-none-eabi/13.3.1/../../../../arm-none-eabi/lib/thumb/v7e-m+dp/hard\libc_nano.a(libc_a-sbrkr.o)
 .ARM.attributes
                0x00000a69       0x1c C:/ST/STM32CubeIDE_2.0.0/STM32CubeIDE/plugins/com.st.stm32cube.ide.mcu.externaltools.gnu-tools-for-stm32.13.3.rel1.win32_1.0.100.202509120712/tools/bin/../lib/gcc/arm-none-eabi/13.3.1/../../../../arm-none-eabi/lib/thumb/v7e-m+dp/hard\libc_nano.a(libc_a-memchr.o)
 .ARM.attributes
                0x00000a85       0x32 C:/ST/STM32CubeIDE_2.0.0/STM32CubeIDE/plugins/com.st.stm32cube.ide.mcu.externaltools.gnu-tools-for-stm32.13.3.rel1.win32_1.0.100.202509120712/tools/bin/../lib/gcc/arm-none-eabi/13.3.1/../../../../arm-none-eabi/lib/thumb/v7e-m+dp/hard\libc_nano.a(libc_a-reallocr.o)
 .ARM.attributes
                0x00000ab7       0x32 C:/ST/STM32CubeIDE_2.0.0/STM32CubeIDE/plugins/com.st.stm32cube.ide.mcu.externaltools.gnu-tools-for-stm32.13.3.rel1.win32_1.0.100.202509120712/tools/bin/../lib/gcc/arm-none-eabi/13.3.1/../../../../arm-none-eabi/lib/thumb/v7e-m+dp/hard\libc_nano.a(libc_a-msizer.o)
 .ARM.attributes
                0x00000ae9       0x20 C:/ST/STM32CubeIDE_2.0.0/STM32CubeIDE/plugins/com.st.stm32cube.ide.mcu.externaltools.gnu-tools-for-stm32.13.3.rel1.win32_1.0.100.202509120712/tools/bin/../lib/gcc/arm-none-eabi/13.3.1/thumb/v7e-m+dp/hard\libgcc.a(_aeabi_uldivmod.o)
 .ARM.attributes
                0x00000b09       0x32 C:/ST/STM32CubeIDE_2.0.0/STM32CubeIDE/plugins/com.st.stm32cube.ide.mcu.externaltools.gnu-tools-for-stm32.13.3.rel1.win32_1.0.100.202509120712/tools/bin/../lib/gcc/arm-none-eabi/13.3.1/thumb/v7e-m+dp/hard\libgcc.a(_udivmoddi4.o)
 .ARM.attributes
                0x00000b3b       0x20 C:/ST/STM32CubeIDE_2.0.0/STM32CubeIDE/plugins/com.st.stm32cube.ide.mcu.externaltools.gnu-tools-for-stm32.13.3.rel1.win32_1.0.100.202509120712/tools/bin/../lib/gcc/arm-none-eabi/13.3.1/thumb/v7e-m+dp/hard\libgcc.a(_dvmd_tls.o)
 .ARM.attributes
                0x00000b5b       0x20 C:/ST/STM32CubeIDE_2.0.0/STM32CubeIDE/plugins/com.st.stm32cube.ide.mcu.externaltools.gnu-tools-for-stm32.13.3.rel1.win32_1.0.100.202509120712/tools/bin/../lib/gcc/arm-none-eabi/13.3.1/thumb/v7e-m+dp/hard/crtn.o
OUTPUT(Vehicle_Base.elf elf32-littlearm)
LOAD linker stubs
LOAD C:/ST/STM32CubeIDE_2.0.0/STM32CubeIDE/plugins/com.st.stm32cube.ide.mcu.externaltools.gnu-tools-for-stm32.13.3.rel1.win32_1.0.100.202509120712/tools/bin/../lib/gcc/arm-none-eabi/13.3.1/../../../../arm-none-eabi/lib/thumb/v7e-m+dp/hard\libc.a
LOAD C:/ST/STM32CubeIDE_2.0.0/STM32CubeIDE/plugins/com.st.stm32cube.ide.mcu.externaltools.gnu-tools-for-stm32.13.3.rel1.win32_1.0.100.202509120712/tools/bin/../lib/gcc/arm-none-eabi/13.3.1/../../../../arm-none-eabi/lib/thumb/v7e-m+dp/hard\libm.a
LOAD C:/ST/STM32CubeIDE_2.0.0/STM32CubeIDE/plugins/com.st.stm32cube.ide.mcu.externaltools.gnu-tools-for-stm32.13.3.rel1.win32_1.0.100.202509120712/tools/bin/../lib/gcc/arm-none-eabi/13.3.1/thumb/v7e-m+dp/hard\libgcc.a

.debug_info     0x00000000    0x1ecad
 .debug_info    0x00000000     0x1c0f ./Core/Src/bldc_interface.o
 .debug_info    0x00001c0f      0x1e4 ./Core/Src/bldc_interface_uart.o
 .debug_info    0x00001df3      0x749 ./Core/Src/buffer.o
 .debug_info    0x0000253c       0xc3 ./Core/Src/crc.o
 .debug_info    0x000025ff      0x655 ./Core/Src/keypad.o
 .debug_info    0x00002c54     0x2dcc ./Core/Src/main.o
 .debug_info    0x00005a20      0x2c6 ./Core/Src/packet.o
 .debug_info    0x00005ce6      0x412 ./Core/Src/screen_stepper.o
 .debug_info    0x000060f8     0x12b6 ./Core/Src/ssd1306.o
 .debug_info    0x000073ae      0x2a4 ./Core/Src/ssd1306_fonts.o
 .debug_info    0x00007652      0xa48 ./Core/Src/stepper.o
 .debug_info    0x0000809a     0x2509 ./Core/Src/stm32f7xx_hal_msp.o
 .debug_info    0x0000a5a3      0x79f ./Core/Src/stm32f7xx_it.o
 .debug_info    0x0000ad42      0x168 ./Core/Src/sysmem.o
 .debug_info    0x0000aeaa      0x6ed ./Core/Src/system_stm32f7xx.o
 .debug_info    0x0000b597      0xb2a ./Core/Src/ui.o
 .debug_info    0x0000c0c1      0xa6f ./Core/Src/vesc.o
 .debug_info    0x0000cb30       0x30 ./Core/Startup/startup_stm32f767zitx.o
 .debug_info    0x0000cb60      0xa4c ./Drivers/STM32F7xx_HAL_Driver/Src/stm32f7xx_hal.o
 .debug_info    0x0000d5ac      0xc92 ./Drivers/STM32F7xx_HAL_Driver/Src/stm32f7xx_hal_adc.o
 .debug_info    0x0000e23e      0xfc0 ./Drivers/STM32F7xx_HAL_Driver/Src/stm32f7xx_hal_cortex.o
 .debug_info    0x0000f1fe      0x8e7 ./Drivers/STM32F7xx_HAL_Driver/Src/stm32f7xx_hal_dma.o
 .debug_info    0x0000fae5     0x21b6 ./Drivers/STM32F7xx_HAL_Driver/Src/stm32f7xx_hal_eth.o
 .debug_info    0x00011c9b      0x6f3 ./Drivers/STM32F7xx_HAL_Driver/Src/stm32f7xx_hal_gpio.o
 .debug_info    0x0001238e     0x2147 ./Drivers/STM32F7xx_HAL_Driver/Src/stm32f7xx_hal_i2c.o
 .debug_info    0x000144d5      0x92e ./Drivers/STM32F7xx_HAL_Driver/Src/stm32f7xx_hal_i2c_ex.o
 .debug_info    0x00014e03      0x90e ./Drivers/STM32F7xx_HAL_Driver/Src/stm32f7xx_hal_pwr.o
 .debug_info    0x00015711      0x8cd ./Drivers/STM32F7xx_HAL_Driver/Src/stm32f7xx_hal_pwr_ex.o
 .debug_info    0x00015fde      0x94b ./Drivers/STM32F7xx_HAL_Driver/Src/stm32f7xx_hal_rcc.o
 .debug_info    0x00016929      0x6e1 ./Drivers/STM32F7xx_HAL_Driver/Src/stm32f7xx_hal_rcc_ex.o
 .debug_info    0x0001700a     0x2ad5 ./Drivers/STM32F7xx_HAL_Driver/Src/stm32f7xx_hal_tim.o
 .debug_info    0x00019adf     0x16bb ./Drivers/STM32F7xx_HAL_Driver/Src/stm32f7xx_hal_tim_ex.o
 .debug_info    0x0001b19a     0x3b13 ./Drivers/STM32F7xx_HAL_Driver/Src/stm32f7xx_hal_uart.o

.debug_abbrev   0x00000000     0x4330
 .debug_abbrev  0x00000000      0x2c4 ./Core/Src/bldc_interface.o
 .debug_abbrev  0x000002c4      0x10a ./Core/Src/bldc_interface_uart.o
 .debug_abbrev  0x000003ce      0x131 ./Core/Src/buffer.o
 .debug_abbrev  0x000004ff       0xa8 ./Core/Src/crc.o
 .debug_abbrev  0x000005a7      0x1ba ./Core/Src/keypad.o
 .debug_abbrev  0x00000761      0x393 ./Core/Src/main.o
 .debug_abbrev  0x00000af4      0x166 ./Core/Src/packet.o
 .debug_abbrev  0x00000c5a      0x1c9 ./Core/Src/screen_stepper.o
 .debug_abbrev  0x00000e23      0x363 ./Core/Src/ssd1306.o
 .debug_abbrev  0x00001186       0xcf ./Core/Src/ssd1306_fonts.o
 .debug_abbrev  0x00001255      0x251 ./Core/Src/stepper.o
 .debug_abbrev  0x000014a6      0x2b6 ./Core/Src/stm32f7xx_hal_msp.o
 .debug_abbrev  0x0000175c      0x18e ./Core/Src/stm32f7xx_it.o
 .debug_abbrev  0x000018ea       0xbc ./Core/Src/sysmem.o
 .debug_abbrev  0x000019a6      0x13b ./Core/Src/system_stm32f7xx.o
 .debug_abbrev  0x00001ae1      0x2c1 ./Core/Src/ui.o
 .debug_abbrev  0x00001da2      0x237 ./Core/Src/vesc.o
 .debug_abbrev  0x00001fd9       0x24 ./Core/Startup/startup_stm32f767zitx.o
 .debug_abbrev  0x00001ffd      0x213 ./Drivers/STM32F7xx_HAL_Driver/Src/stm32f7xx_hal.o
 .debug_abbrev  0x00002210      0x252 ./Drivers/STM32F7xx_HAL_Driver/Src/stm32f7xx_hal_adc.o
 .debug_abbrev  0x00002462      0x31e ./Drivers/STM32F7xx_HAL_Driver/Src/stm32f7xx_hal_cortex.o
 .debug_abbrev  0x00002780      0x264 ./Drivers/STM32F7xx_HAL_Driver/Src/stm32f7xx_hal_dma.o
 .debug_abbrev  0x000029e4      0x35a ./Drivers/STM32F7xx_HAL_Driver/Src/stm32f7xx_hal_eth.o
 .debug_abbrev  0x00002d3e      0x1d4 ./Drivers/STM32F7xx_HAL_Driver/Src/stm32f7xx_hal_gpio.o
 .debug_abbrev  0x00002f12      0x260 ./Drivers/STM32F7xx_HAL_Driver/Src/stm32f7xx_hal_i2c.o
 .debug_abbrev  0x00003172      0x19c ./Drivers/STM32F7xx_HAL_Driver/Src/stm32f7xx_hal_i2c_ex.o
 .debug_abbrev  0x0000330e      0x1c5 ./Drivers/STM32F7xx_HAL_Driver/Src/stm32f7xx_hal_pwr.o
 .debug_abbrev  0x000034d3      0x1d5 ./Drivers/STM32F7xx_HAL_Driver/Src/stm32f7xx_hal_pwr_ex.o
 .debug_abbrev  0x000036a8      0x2de ./Drivers/STM32F7xx_HAL_Driver/Src/stm32f7xx_hal_rcc.o
 .debug_abbrev  0x00003986      0x1c9 ./Drivers/STM32F7xx_HAL_Driver/Src/stm32f7xx_hal_rcc_ex.o
 .debug_abbrev  0x00003b4f      0x278 ./Drivers/STM32F7xx_HAL_Driver/Src/stm32f7xx_hal_tim.o