../Core/Src/main.c:119:5:main	24	static
../Core/Src/main.c:215:6:SystemClock_Config	88	static
../Core/Src/main.c:273:13:MX_ETH_Init	8	static
../Core/Src/main.c:322:13:MX_I2C1_Init	8	static
../Core/Src/main.c:370:13:MX_TIM1_Init	112	static
../Core/Src/main.c:460:13:MX_TIM9_Init	24	static
../Core/Src/main.c:498:13:MX_UART4_Init	8	static
../Core/Src/main.c:533:13:MX_USART3_UART_Init	8	static
../Core/Src/main.c:568:13:MX_USB_OTG_FS_PCD_Init	8	static
../Core/Src/main.c:601:13:MX_DMA_Init	16	static
../Core/Src/main.c:628:13:MX_GPIO_Init	64	static
../Core/Src/main.c:712:6:HAL_UART_RxCpltCallback	16	static
../Core/Src/main.c:727:6:HAL_TIM_PeriodElapsedCallback	16	static
../Core/Src/main.c:740:6:Error_Handler	4	static,ignoring_inline_asm
