../Core/Src/main.c:133:5:main	48	static
../Core/Src/main.c:286:6:SystemClock_Config	88	static
../Core/Src/main.c:344:13:MX_ETH_Init	8	static
../Core/Src/main.c:393:13:MX_I2C1_Init	8	static
../Core/Src/main.c:441:13:MX_TIM4_Init	40	static
../Core/Src/main.c:487:13:MX_TIM9_Init	24	static
../Core/Src/main.c:525:13:MX_UART4_Init	8	static
../Core/Src/main.c:560:13:MX_UART5_Init	8	static
../Core/Src/main.c:595:13:MX_UART7_Init	8	static
../Core/Src/main.c:630:13:MX_UART8_Init	8	static
../Core/Src/main.c:665:13:MX_USART3_UART_Init	8	static
../Core/Src/main.c:700:13:MX_USB_OTG_FS_PCD_Init	8	static
../Core/Src/main.c:733:13:MX_DMA_Init	16	static
../Core/Src/main.c:763:13:MX_GPIO_Init	56	static
../Core/Src/main.c:838:6:send_left	16	static
../Core/Src/main.c:841:6:send_right	16	static
../Core/Src/main.c:851:6:HAL_UART_RxCpltCallback	16	static
../Core/Src/main.c:877:6:HAL_TIM_PeriodElapsedCallback	16	static
../Core/Src/main.c:890:6:Error_Handler	4	static,ignoring_inline_asm
