Archive member included to satisfy reference by file (symbol)

C:/ST/STM32CubeIDE_1.19.0/STM32CubeIDE/plugins/com.st.stm32cube.ide.mcu.externaltools.gnu-tools-for-stm32.13.3.rel1.win32_1.0.0.202411081344/tools/bin/../lib/gcc/arm-none-eabi/13.3.1/../../../../arm-none-eabi/lib/thumb/v7e-m+dp/hard\libc_nano.a(libc_a-exit.o)
                              C:/ST/STM32CubeIDE_1.19.0/STM32CubeIDE/plugins/com.st.stm32cube.ide.mcu.externaltools.gnu-tools-for-stm32.13.3.rel1.win32_1.0.0.202411081344/tools/bin/../lib/gcc/arm-none-eabi/13.3.1/../../../../arm-none-eabi/lib/thumb/v7e-m+dp/hard/crt0.o (exit)
C:/ST/STM32CubeIDE_1.19.0/STM32CubeIDE/plugins/com.st.stm32cube.ide.mcu.externaltools.gnu-tools-for-stm32.13.3.rel1.win32_1.0.0.202411081344/tools/bin/../lib/gcc/arm-none-eabi/13.3.1/../../../../arm-none-eabi/lib/thumb/v7e-m+dp/hard\libc_nano.a(libc_a-findfp.o)
                              C:/ST/STM32CubeIDE_1.19.0/STM32CubeIDE/plugins/com.st.stm32cube.ide.mcu.externaltools.gnu-tools-for-stm32.13.3.rel1.win32_1.0.0.202411081344/tools/bin/../lib/gcc/arm-none-eabi/13.3.1/../../../../arm-none-eabi/lib/thumb/v7e-m+dp/hard\libc_nano.a(libc_a-exit.o) (__stdio_exit_handler)
C:/ST/STM32CubeIDE_1.19.0/STM32CubeIDE/plugins/com.st.stm32cube.ide.mcu.externaltools.gnu-tools-for-stm32.13.3.rel1.win32_1.0.0.202411081344/tools/bin/../lib/gcc/arm-none-eabi/13.3.1/../../../../arm-none-eabi/lib/thumb/v7e-m+dp/hard\libc_nano.a(libc_a-fwalk.o)
                              C:/ST/STM32CubeIDE_1.19.0/STM32CubeIDE/plugins/com.st.stm32cube.ide.mcu.externaltools.gnu-tools-for-stm32.13.3.rel1.win32_1.0.0.202411081344/tools/bin/../lib/gcc/arm-none-eabi/13.3.1/../../../../arm-none-eabi/lib/thumb/v7e-m+dp/hard\libc_nano.a(libc_a-findfp.o) (_fwalk_sglue)
C:/ST/STM32CubeIDE_1.19.0/STM32CubeIDE/plugins/com.st.stm32cube.ide.mcu.externaltools.gnu-tools-for-stm32.13.3.rel1.win32_1.0.0.202411081344/tools/bin/../lib/gcc/arm-none-eabi/13.3.1/../../../../arm-none-eabi/lib/thumb/v7e-m+dp/hard\libc_nano.a(libc_a-stdio.o)
                              C:/ST/STM32CubeIDE_1.19.0/STM32CubeIDE/plugins/com.st.stm32cube.ide.mcu.externaltools.gnu-tools-for-stm32.13.3.rel1.win32_1.0.0.202411081344/tools/bin/../lib/gcc/arm-none-eabi/13.3.1/../../../../arm-none-eabi/lib/thumb/v7e-m+dp/hard\libc_nano.a(libc_a-findfp.o) (__sread)
C:/ST/STM32CubeIDE_1.19.0/STM32CubeIDE/plugins/com.st.stm32cube.ide.mcu.externaltools.gnu-tools-for-stm32.13.3.rel1.win32_1.0.0.202411081344/tools/bin/../lib/gcc/arm-none-eabi/13.3.1/../../../../arm-none-eabi/lib/thumb/v7e-m+dp/hard\libc_nano.a(libc_a-memset.o)
                              C:/ST/STM32CubeIDE_1.19.0/STM32CubeIDE/plugins/com.st.stm32cube.ide.mcu.externaltools.gnu-tools-for-stm32.13.3.rel1.win32_1.0.0.202411081344/tools/bin/../lib/gcc/arm-none-eabi/13.3.1/../../../../arm-none-eabi/lib/thumb/v7e-m+dp/hard/crt0.o (memset)
C:/ST/STM32CubeIDE_1.19.0/STM32CubeIDE/plugins/com.st.stm32cube.ide.mcu.externaltools.gnu-tools-for-stm32.13.3.rel1.win32_1.0.0.202411081344/tools/bin/../lib/gcc/arm-none-eabi/13.3.1/../../../../arm-none-eabi/lib/thumb/v7e-m+dp/hard\libc_nano.a(libc_a-closer.o)
                              C:/ST/STM32CubeIDE_1.19.0/STM32CubeIDE/plugins/com.st.stm32cube.ide.mcu.externaltools.gnu-tools-for-stm32.13.3.rel1.win32_1.0.0.202411081344/tools/bin/../lib/gcc/arm-none-eabi/13.3.1/../../../../arm-none-eabi/lib/thumb/v7e-m+dp/hard\libc_nano.a(libc_a-stdio.o) (_close_r)
C:/ST/STM32CubeIDE_1.19.0/STM32CubeIDE/plugins/com.st.stm32cube.ide.mcu.externaltools.gnu-tools-for-stm32.13.3.rel1.win32_1.0.0.202411081344/tools/bin/../lib/gcc/arm-none-eabi/13.3.1/../../../../arm-none-eabi/lib/thumb/v7e-m+dp/hard\libc_nano.a(libc_a-reent.o)
                              C:/ST/STM32CubeIDE_1.19.0/STM32CubeIDE/plugins/com.st.stm32cube.ide.mcu.externaltools.gnu-tools-for-stm32.13.3.rel1.win32_1.0.0.202411081344/tools/bin/../lib/gcc/arm-none-eabi/13.3.1/../../../../arm-none-eabi/lib/thumb/v7e-m+dp/hard\libc_nano.a(libc_a-closer.o) (errno)
C:/ST/STM32CubeIDE_1.19.0/STM32CubeIDE/plugins/com.st.stm32cube.ide.mcu.externaltools.gnu-tools-for-stm32.13.3.rel1.win32_1.0.0.202411081344/tools/bin/../lib/gcc/arm-none-eabi/13.3.1/../../../../arm-none-eabi/lib/thumb/v7e-m+dp/hard\libc_nano.a(libc_a-impure.o)
                              C:/ST/STM32CubeIDE_1.19.0/STM32CubeIDE/plugins/com.st.stm32cube.ide.mcu.externaltools.gnu-tools-for-stm32.13.3.rel1.win32_1.0.0.202411081344/tools/bin/../lib/gcc/arm-none-eabi/13.3.1/../../../../arm-none-eabi/lib/thumb/v7e-m+dp/hard\libc_nano.a(libc_a-reent.o) (_impure_ptr)
C:/ST/STM32CubeIDE_1.19.0/STM32CubeIDE/plugins/com.st.stm32cube.ide.mcu.externaltools.gnu-tools-for-stm32.13.3.rel1.win32_1.0.0.202411081344/tools/bin/../lib/gcc/arm-none-eabi/13.3.1/../../../../arm-none-eabi/lib/thumb/v7e-m+dp/hard\libc_nano.a(libc_a-lseekr.o)
[...]
Memory Configuration

Name             Origin             Length             Attributes
RAM              0x20000000         0x00080000         xrw
FLASH            0x08000000         0x00200000         xr
*default*        0x00000000         0xffffffff

Linker script and memory map

LOAD C:/ST/STM32CubeIDE_1.19.0/STM32CubeIDE/plugins/com.st.stm32cube.ide.mcu.externaltools.gnu-tools-for-stm32.13.3.rel1.win32_1.0.0.202411081344/tools/bin/../lib/gcc/arm-none-eabi/13.3.1/thumb/v7e-m+dp/hard/crti.o
LOAD C:/ST/STM32CubeIDE_1.19.0/STM32CubeIDE/plugins/com.st.stm32cube.ide.mcu.externaltools.gnu-tools-for-stm32.13.3.rel1.win32_1.0.0.202411081344/tools/bin/../lib/gcc/arm-none-eabi/13.3.1/thumb/v7e-m+dp/hard/crtbegin.o
LOAD C:/ST/STM32CubeIDE_1.19.0/STM32CubeIDE/plugins/com.st.stm32cube.ide.mcu.externaltools.gnu-tools-for-stm32.13.3.rel1.win32_1.0.0.202411081344/tools/bin/../lib/gcc/arm-none-eabi/13.3.1/../../../../arm-none-eabi/lib/thumb/v7e-m+dp/hard/crt0.o
LOAD ./Core/Src/bldc_interface.o
LOAD ./Core/Src/bldc_interface_uart.o
LOAD ./Core/Src/buffer.o
LOAD ./Core/Src/crc.o
LOAD ./Core/Src/main.o
LOAD ./Core/Src/packet.o
LOAD ./Core/Src/stm32f7xx_hal_msp.o
LOAD ./Core/Src/stm32f7xx_it.o
LOAD ./Core/Src/syscalls.o
LOAD ./Core/Src/sysmem.o
LOAD ./Core/Src/system_stm32f7xx.o
LOAD ./Core/Startup/startup_stm32f767zitx.o
LOAD ./Drivers/STM32F7xx_HAL_Driver/Src/stm32f7xx_hal.o
LOAD ./Drivers/STM32F7xx_HAL_Driver/Src/stm32f7xx_hal_cortex.o
LOAD ./Drivers/STM32F7xx_HAL_Driver/Src/stm32f7xx_hal_dma.o
LOAD ./Drivers/STM32F7xx_HAL_Driver/Src/stm32f7xx_hal_dma_ex.o
LOAD ./Drivers/STM32F7xx_HAL_Driver/Src/stm32f7xx_hal_eth.o
LOAD ./Drivers/STM32F7xx_HAL_Driver/Src/stm32f7xx_hal_exti.o
LOAD ./Drivers/STM32F7xx_HAL_Driver/Src/stm32f7xx_hal_flash.o
LOAD ./Drivers/STM32F7xx_HAL_Driver/Src/stm32f7xx_hal_flash_ex.o
LOAD ./Drivers/STM32F7xx_HAL_Driver/Src/stm32f7xx_hal_gpio.o
LOAD ./Drivers/STM32F7xx_HAL_Driver/Src/stm32f7xx_hal_i2c.o
LOAD ./Drivers/STM32F7xx_HAL_Driver/Src/stm32f7xx_hal_i2c_ex.o
LOAD ./Drivers/STM32F7xx_HAL_Driver/Src/stm32f7xx_hal_pcd.o
LOAD ./Drivers/STM32F7xx_HAL_Driver/Src/stm32f7xx_hal_pcd_ex.o
LOAD ./Drivers/STM32F7xx_HAL_Driver/Src/stm32f7xx_hal_pwr.o
LOAD ./Drivers/STM32F7xx_HAL_Driver/Src/stm32f7xx_hal_pwr_ex.o
LOAD ./Drivers/STM32F7xx_HAL_Driver/Src/stm32f7xx_hal_rcc.o
LOAD ./Drivers/STM32F7xx_HAL_Driver/Src/stm32f7xx_hal_rcc_ex.o
LOAD ./Drivers/STM32F7xx_HAL_Driver/Src/stm32f7xx_hal_tim.o
LOAD ./Drivers/STM32F7xx_HAL_Driver/Src/stm32f7xx_hal_tim_ex.o
LOAD ./Drivers/STM32F7xx_HAL_Driver/Src/stm32f7xx_hal_uart.o
LOAD ./Drivers/STM32F7xx_HAL_Driver/Src/stm32f7xx_hal_uart_ex.o
LOAD ./Drivers/STM32F7xx_HAL_Driver/Src/stm32f7xx_ll_usb.o
START GROUP
LOAD C:/ST/STM32CubeIDE_1.19.0/STM32CubeIDE/plugins/com.st.stm32cube.ide.mcu.externaltools.gnu-tools-for-stm32.13.3.rel1.win32_1.0.0.202411081344/tools/bin/../lib/gcc/arm-none-eabi/13.3.1/../../../../arm-none-eabi/lib/thumb/v7e-m+dp/hard\libc_nano.a
LOAD C:/ST/STM32CubeIDE_1.19.0/STM32CubeIDE/plugins/com.st.stm32cube.ide.mcu.externaltools.gnu-tools-for-stm32.13.3.rel1.win32_1.0.0.202411081344/tools/bin/../lib/gcc/arm-none-eabi/13.3.1/../../../../arm-none-eabi/lib/thumb/v7e-m+dp/hard\libm.a
END GROUP
START GROUP
LOAD C:/ST/STM32CubeIDE_1.19.0/STM32CubeIDE/plugins/com.st.stm32cube.ide.mcu.externaltools.gnu-tools-for-stm32.13.3.rel1.win32_1.0.0.202411081344/tools/bin/../lib/gcc/arm-none-eabi/13.3.1/thumb/v7e-m+dp/hard\libgcc.a
LOAD C:/ST/STM32CubeIDE_1.19.0/STM32CubeIDE/plugins/com.st.stm32cube.ide.mcu.externaltools.gnu-tools-for-stm32.13.3.rel1.win32_1.0.0.202411081344/tools/bin/../lib/gcc/arm-none-eabi/13.3.1/../../../../arm-none-eabi/lib/thumb/v7e-m+dp/hard\libc_nano.a
END GROUP
START GROUP
LOAD C:/ST/STM32CubeIDE_1.19.0/STM32CubeIDE/plugins/com.st.stm32cube.ide.mcu.externaltools.gnu-tools-for-stm32.13.3.rel1.win32_1.0.0.202411081344/tools/bin/../lib/gcc/arm-none-eabi/13.3.1/thumb/v7e-m+dp/hard\libgcc.a
LOAD C:/ST/STM32CubeIDE_1.19.0/STM32CubeIDE/plugins/com.st.stm32cube.ide.mcu.externaltools.gnu-tools-for-stm32.13.3.rel1.win32_1.0.0.202411081344/tools/bin/../lib/gcc/arm-none-eabi/13.3.1/../../../../arm-none-eabi/lib/thumb/v7e-m+dp/hard\libc_nano.a
LOAD C:/ST/STM32CubeIDE_1.19.0/STM32CubeIDE/plugins/com.st.stm32cube.ide.mcu.externaltools.gnu-tools-for-stm32.13.3.rel1.win32_1.0.0.202411081344/tools/bin/../lib/gcc/arm-none-eabi/13.3.1/../../../../arm-none-eabi/lib/thumb/v7e-m+dp/hard\libnosys.a
END GROUP
START GROUP
LOAD C:/ST/STM32CubeIDE_1.19.0/STM32CubeIDE/plugins/com.st.stm32cube.ide.mcu.externaltools.gnu-tools-for-stm32.13.3.rel1.win32_1.0.0.202411081344/tools/bin/../lib/gcc/arm-none-eabi/13.3.1/thumb/v7e-m+dp/hard\libgcc.a
LOAD C:/ST/STM32CubeIDE_1.19.0/STM32CubeIDE/plugins/com.st.stm32cube.ide.mcu.externaltools.gnu-tools-for-stm32.13.3.rel1.win32_1.0.0.202411081344/tools/bin/../lib/gcc/arm-none-eabi/13.3.1/../../../../arm-none-eabi/lib/thumb/v7e-m+dp/hard\libc_nano.a
LOAD C:/ST/STM32CubeIDE_1.19.0/STM32CubeIDE/plugins/com.st.stm32cube.ide.mcu.externaltools.gnu-tools-for-stm32.13.3.rel1.win32_1.0.0.202411081344/tools/bin/../lib/gcc/arm-none-eabi/13.3.1/../../../../arm-none-eabi/lib/thumb/v7e-m+dp/hard\libnosys.a
END GROUP
LOAD C:/ST/STM32CubeIDE_1.19.0/STM32CubeIDE/plugins/com.st.stm32cube.ide.mcu.externaltools.gnu-tools-for-stm32.13.3.rel1.win32_1.0.0.202411081344/tools/bin/../lib/gcc/arm-none-eabi/13.3.1/thumb/v7e-m+dp/hard/crtend.o
LOAD C:/ST/STM32CubeIDE_1.19.0/STM32CubeIDE/plugins/com.st.stm32cube.ide.mcu.externaltools.gnu-tools-for-stm32.13.3.rel1.win32_1.0.0.202411081344/tools/bin/../lib/gcc/arm-none-eabi/13.3.1/thumb/v7e-m+dp/hard/crtn.o
                0x20080000                        _estack = (ORIGIN (RAM) + LENGTH (RAM))
                0x00000200                        _Min_Heap_Size = 0x200
                0x00000400                        _Min_Stack_Size = 0x400

.isr_vector     0x08000000      0x1f8
                0x08000000                        . = ALIGN (0x4)
 *(.isr_vector)
 .isr_vector    0x08000000      0x1f8 ./Core/Startup/startup_stm32f767zitx.o
                0x08000000                g_pfnVectors
                0x080001f8                        . = ALIGN (0x4)

.text           0x080001f8     0x9920
                0x080001f8                        . = ALIGN (0x4)
 *(.text)
 .text          0x080001f8       0x40 C:/ST/STM32CubeIDE_1.19.0/STM32CubeIDE/plugins/com.st.stm32cube.ide.mcu.externaltools.gnu-tools-for-stm32.13.3.rel1.win32_1.0.0.202411081344/tools/bin/../lib/gcc/arm-none-eabi/13.3.1/thumb/v7e-m+dp/hard/crtbegin.o
 .text          0x08000238       0x30 C:/ST/STM32CubeIDE_1.19.0/STM32CubeIDE/plugins/com.st.stm32cube.ide.mcu.externaltools.gnu-tools-for-stm32.13.3.rel1.win32_1.0.0.202411081344/tools/bin/../lib/gcc/arm-none-eabi/13.3.1/thumb/v7e-m+dp/hard\libgcc.a(_aeabi_uldivmod.o)
                0x08000238                __aeabi_uldivmod
 .text          0x08000268      0x2f8 C:/ST/STM32CubeIDE_1.19.0/STM32CubeIDE/plugins/com.st.stm32cube.ide.mcu.externaltools.gnu-tools-for-stm32.13.3.rel1.win32_1.0.0.202411081344/tools/bin/../lib/gcc/arm-none-eabi/13.3.1/thumb/v7e-m+dp/hard\libgcc.a(_udivmoddi4.o)
                0x08000268                __udivmoddi4
 .text          0x08000560        0x4 C:/ST/STM32CubeIDE_1.19.0/STM32CubeIDE/plugins/com.st.stm32cube.ide.mcu.externaltools.gnu-tools-for-stm32.13.3.rel1.win32_1.0.0.202411081344/tools/bin/../lib/gcc/arm-none-eabi/13.3.1/thumb/v7e-m+dp/hard\libgcc.a(_dvmd_tls.o)
                0x08000560                __aeabi_idiv0
                0x08000560                __aeabi_ldiv0
 *(.text*)
 .text.bldc_interface_init
                0x08000564       0x20 ./Core/Src/bldc_interface.o
                0x08000564                bldc_interface_init
 .text.bldc_interface_send_packet
                0x08000584       0x28 ./Core/Src/bldc_interface.o
                0x08000584                bldc_interface_send_packet
 .text.bldc_interface_process_packet
                0x080005ac     0x14a0 ./Core/Src/bldc_interface.o
                0x080005ac                bldc_interface_process_packet
 .text.bldc_interface_set_duty_cycle
                0x08001a4c       0x60 ./Core/Src/bldc_interface.o
                0x08001a4c                bldc_interface_set_duty_cycle
 .text.bldc_interface_set_handbrake
                0x08001aac       0x48 ./Core/Src/bldc_interface.o
                0x08001aac                bldc_interface_set_handbrake
 .text.send_packet_no_fwd
                0x08001af4       0x28 ./Core/Src/bldc_interface.o
                0x08001af4                send_packet_no_fwd
 .text.bldc_interface_uart_init
                0x08001b1c       0x28 ./Core/Src/bldc_interface_uart.o
                0x08001b1c                bldc_interface_uart_init
 .text.bldc_interface_uart_process_byte
                0x08001b44       0x1c ./Core/Src/bldc_interface_uart.o
                0x08001b44                bldc_interface_uart_process_byte
 .text.process_packet
                0x08001b60       0x1a ./Core/Src/bldc_interface_uart.o
 .text.send_packet_bldc_interface
                0x08001b7a       0x1c ./Core/Src/bldc_interface_uart.o
 .text.buffer_append_int32
                0x08001b96       0x76 ./Core/Src/buffer.o
                0x08001b96                buffer_append_int32
 .text.buffer_append_float32
                0x08001c0c       0x36 ./Core/Src/buffer.o
                0x08001c0c                buffer_append_float32
 .text.buffer_get_int16
                0x08001c42       0x48 ./Core/Src/buffer.o
                0x08001c42                buffer_get_int16
 .text.buffer_get_uint16
                0x08001c8a       0x48 ./Core/Src/buffer.o
                0x08001c8a                buffer_get_uint16
 .text.buffer_get_int32
                0x08001cd2       0x60 ./Core/Src/buffer.o
                0x08001cd2                buffer_get_int32
 .text.buffer_get_uint32
                0x08001d32       0x60 ./Core/Src/buffer.o
                0x08001d32                buffer_get_uint32
 .text.buffer_get_float16
                0x08001d92       0x36 ./Core/Src/buffer.o
                0x08001d92                buffer_get_float16
 .text.buffer_get_float32
                0x08001dc8       0x34 ./Core/Src/buffer.o
                0x08001dc8                buffer_get_float32
 *fill*         0x08001dfc        0x4 
 .text.buffer_get_float32_auto
                0x08001e00       0xa8 ./Core/Src/buffer.o
                0x08001e00                buffer_get_float32_auto
 .text.crc16    0x08001ea8       0x60 ./Core/Src/crc.o
                0x08001ea8                crc16
 .text.main     0x08001f08      0x3fc ./Core/Src/main.o
                0x08001f08                main
 .text.SystemClock_Config
                0x08002304       0xe4 ./Core/Src/main.o
                0x08002304                SystemClock_Config
 .text.MX_ETH_Init
                0x080023e8       0x9c ./Core/Src/main.o
 .text.MX_I2C1_Init
                0x08002484       0x80 ./Core/Src/main.o
 .text.MX_TIM4_Init
                0x08002504       0xa0 ./Core/Src/main.o
 .text.MX_TIM9_Init
                0x080025a4       0x74 ./Core/Src/main.o
 .text.MX_UART4_Init
                0x08002618       0x60 ./Core/Src/main.o
 .text.MX_UART5_Init
                0x08002678       0x60 ./Core/Src/main.o
 .text.MX_UART7_Init
                0x080026d8       0x60 ./Core/Src/main.o
 .text.MX_UART8_Init
                0x08002738       0x60 ./Core/Src/main.o
 .text.MX_USART3_UART_Init
                0x08002798       0x60 ./Core/Src/main.o
 .text.MX_USB_OTG_FS_PCD_Init
                0x080027f8       0x5c ./Core/Src/main.o
 .text.MX_DMA_Init
                0x08002854       0x7c ./Core/Src/main.o
 .text.MX_GPIO_Init
                0x080028d0      0x19c ./Core/Src/main.o
 .text.send_left
                0x08002a6c       0x24 ./Core/Src/main.o
                0x08002a6c                send_left
 .text.send_right
                0x08002a90       0x24 ./Core/Src/main.o
                0x08002a90                send_right
 .text.HAL_UART_RxCpltCallback
                0x08002ab4       0xbc ./Core/Src/main.o
                0x08002ab4                HAL_UART_RxCpltCallback
 .text.HAL_TIM_PeriodElapsedCallback
                0x08002b70       0x4c ./Core/Src/main.o
                0x08002b70                HAL_TIM_PeriodElapsedCallback
 .text.Error_Handler
                0x08002bbc        0xc ./Core/Src/main.o
                0x08002bbc                Error_Handler
 .text.packet_init
                0x08002bc8       0x44 ./Core/Src/packet.o
                0x08002bc8                packet_init
 .text.packet_send_packet
                0x08002c0c      0x1b4 ./Core/Src/packet.o
                0x08002c0c                packet_send_packet
 .text.packet_process_byte
                0x08002dc0      0x470 ./Core/Src/packet.o
                0x08002dc0                packet_process_byte
 .text.HAL_MspInit
                0x08003230       0x48 ./Core/Src/stm32f7xx_hal_msp.o
                0x08003230                HAL_MspInit
 .text.HAL_ETH_MspInit
                0x08003278      0x170 ./Core/Src/stm32f7xx_hal_msp.o
                0x08003278                HAL_ETH_MspInit
 .text.HAL_I2C_MspInit
                0x080033e8       0xc0 ./Core/Src/stm32f7xx_hal_msp.o
                0x080033e8                HAL_I2C_MspInit
 .text.HAL_TIM_Base_MspInit
                0x080034a8       0x74 ./Core/Src/stm32f7xx_hal_msp.o
                0x080034a8                HAL_TIM_Base_MspInit
 .text.HAL_UART_MspInit
                0x0800351c      0x56c ./Core/Src/stm32f7xx_hal_msp.o
                0x0800351c                HAL_UART_MspInit
 .text.HAL_PCD_MspInit
                0x08003a88       0xf4 ./Core/Src/stm32f7xx_hal_msp.o
                0x08003a88                HAL_PCD_MspInit
 .text.NMI_Handler
                0x08003b7c        0x8 ./Core/Src/stm32f7xx_it.o
                0x08003b7c                NMI_Handler
 .text.HardFault_Handler
                0x08003b84        0x8 ./Core/Src/stm32f7xx_it.o
                0x08003b84                HardFault_Handler
 .text.MemManage_Handler
                0x08003b8c        0x8 ./Core/Src/stm32f7xx_it.o
                0x08003b8c                MemManage_Handler
 .text.BusFault_Handler
                0x08003b94        0x8 ./Core/Src/stm32f7xx_it.o
                0x08003b94                BusFault_Handler
 .text.UsageFault_Handler
                0x08003b9c        0x8 ./Core/Src/stm32f7xx_it.o
                0x08003b9c                UsageFault_Handler
 .text.SVC_Handler
                0x08003ba4        0xe ./Core/Src/stm32f7xx_it.o
                0x08003ba4                SVC_Handler
 .text.DebugMon_Handler
                0x08003bb2        0xe ./Core/Src/stm32f7xx_it.o
                0x08003bb2                DebugMon_Handler
 .text.PendSV_Handler
                0x08003bc0        0xe ./Core/Src/stm32f7xx_it.o
                0x08003bc0                PendSV_Handler
 .text.SysTick_Handler
                0x08003bce        0xc ./Core/Src/stm32f7xx_it.o
                0x08003bce                SysTick_Handler
 *fill*         0x08003bda        0x2 
 .text.DMA1_Stream0_IRQHandler
                0x08003bdc       0x14 ./Core/Src/stm32f7xx_it.o
                0x08003bdc                DMA1_Stream0_IRQHandler
 .text.DMA1_Stream2_IRQHandler
                0x08003bf0       0x14 ./Core/Src/stm32f7xx_it.o
                0x08003bf0                DMA1_Stream2_IRQHandler
 .text.DMA1_Stream3_IRQHandler
                0x08003c04       0x14 ./Core/Src/stm32f7xx_it.o
                0x08003c04                DMA1_Stream3_IRQHandler
 .text.DMA1_Stream4_IRQHandler
                0x08003c18       0x14 ./Core/Src/stm32f7xx_it.o
                0x08003c18                DMA1_Stream4_IRQHandler
 .text.DMA1_Stream6_IRQHandler
                0x08003c2c       0x14 ./Core/Src/stm32f7xx_it.o
                0x08003c2c                DMA1_Stream6_IRQHandler
 .text.TIM1_BRK_TIM9_IRQHandler
                0x08003c40       0x14 ./Core/Src/stm32f7xx_it.o
                0x08003c40                TIM1_BRK_TIM9_IRQHandler
 .text.UART5_IRQHandler
                0x08003c54       0x14 ./Core/Src/stm32f7xx_it.o
                0x08003c54                UART5_IRQHandler
 .text.UART7_IRQHandler
                0x08003c68       0x14 ./Core/Src/stm32f7xx_it.o
                0x08003c68                UART7_IRQHandler
 .text.SystemInit
                0x08003c7c       0x24 ./Core/Src/system_stm32f7xx.o
                0x08003c7c                SystemInit
 .text.Reset_Handler
                0x08003ca0       0x50 ./Core/Startup/startup_stm32f767zitx.o
                0x08003ca0                Reset_Handler
 .text.Default_Handler
                0x08003cf0        0x2 ./Core/Startup/startup_stm32f767zitx.o
                0x08003cf0                RTC_Alarm_IRQHandler
                0x08003cf0                EXTI2_IRQHandler
                0x08003cf0                TIM8_CC_IRQHandler
                0x08003cf0                UART8_IRQHandler
                0x08003cf0                SPI4_IRQHandler
                0x08003cf0                TIM1_CC_IRQHandler
                0x08003cf0                DMA2_Stream5_IRQHandler
                0x08003cf0                JPEG_IRQHandler
                0x08003cf0                DMA1_Stream5_IRQHandler
                0x08003cf0                CAN3_RX1_IRQHandler
                0x08003cf0                PVD_IRQHandler
                0x08003cf0                TAMP_STAMP_IRQHandler
                0x08003cf0                CAN2_RX1_IRQHandler
                0x08003cf0                EXTI3_IRQHandler
                0x08003cf0                TIM8_TRG_COM_TIM14_IRQHandler
                0x08003cf0                DFSDM1_FLT1_IRQHandler
                0x08003cf0                TIM1_UP_TIM10_IRQHandler
                0x08003cf0                TIM8_UP_TIM13_IRQHandler
                0x08003cf0                I2C3_ER_IRQHandler
                0x08003cf0                DFSDM1_FLT2_IRQHandler
                0x08003cf0                EXTI0_IRQHandler
                0x08003cf0                I2C2_EV_IRQHandler
                0x08003cf0                CAN1_RX0_IRQHandler
                0x08003cf0                FPU_IRQHandler
                0x08003cf0                OTG_HS_WKUP_IRQHandler
                0x08003cf0                CAN3_SCE_IRQHandler
                0x08003cf0                LTDC_ER_IRQHandler
                0x08003cf0                CAN2_SCE_IRQHandler
                0x08003cf0                DMA2_Stream2_IRQHandler
                0x08003cf0                SPI1_IRQHandler
                0x08003cf0                TIM6_DAC_IRQHandler
                0x08003cf0                DCMI_IRQHandler
                0x08003cf0                CAN2_RX0_IRQHandler
                0x08003cf0                DMA2_Stream3_IRQHandler
                0x08003cf0                SAI2_IRQHandler
                0x08003cf0                DFSDM1_FLT3_IRQHandler
                0x08003cf0                USART6_IRQHandler
                0x08003cf0                CAN3_RX0_IRQHandler
                0x08003cf0                USART3_IRQHandler
                0x08003cf0                CAN1_RX1_IRQHandler
                0x08003cf0                DMA2_Stream0_IRQHandler
                0x08003cf0                TIM4_IRQHandler
                0x08003cf0                QUADSPI_IRQHandler
                0x08003cf0                I2C1_EV_IRQHandler
                0x08003cf0                DMA1_Stream1_IRQHandler
                0x08003cf0                UART4_IRQHandler
                0x08003cf0                TIM3_IRQHandler
                0x08003cf0                RCC_IRQHandler
                0x08003cf0                TIM8_BRK_TIM12_IRQHandler
                0x08003cf0                Default_Handler
                0x08003cf0                CEC_IRQHandler
                0x08003cf0                EXTI15_10_IRQHandler
                0x08003cf0                ADC_IRQHandler
                0x08003cf0                DMA1_Stream7_IRQHandler
                0x08003cf0                SPI5_IRQHandler
                0x08003cf0                TIM7_IRQHandler
                0x08003cf0                SDMMC1_IRQHandler
                0x08003cf0                CAN2_TX_IRQHandler
                0x08003cf0                TIM5_IRQHandler
                0x08003cf0                DMA2_Stream7_IRQHandler
                0x08003cf0                I2C3_EV_IRQHandler
                0x08003cf0                EXTI9_5_IRQHandler
                0x08003cf0                RTC_WKUP_IRQHandler
                0x08003cf0                LTDC_IRQHandler
                0x08003cf0                ETH_WKUP_IRQHandler
                0x08003cf0                SPDIF_RX_IRQHandler
                0x08003cf0                SPI2_IRQHandler
                0x08003cf0                OTG_HS_EP1_IN_IRQHandler
                0x08003cf0                CAN1_TX_IRQHandler
                0x08003cf0                EXTI4_IRQHandler
                0x08003cf0                RNG_IRQHandler
                0x08003cf0                ETH_IRQHandler
                0x08003cf0                OTG_HS_EP1_OUT_IRQHandler
                0x08003cf0                WWDG_IRQHandler
                0x08003cf0                SPI6_IRQHandler
                0x08003cf0                MDIOS_IRQHandler
                0x08003cf0                I2C4_EV_IRQHandler
                0x08003cf0                CAN3_TX_IRQHandler
                0x08003cf0                TIM2_IRQHandler
                0x08003cf0                OTG_FS_WKUP_IRQHandler
                0x08003cf0                TIM1_TRG_COM_TIM11_IRQHandler
                0x08003cf0                OTG_HS_IRQHandler
                0x08003cf0                DMA2D_IRQHandler
                0x08003cf0                EXTI1_IRQHandler
                0x08003cf0                SDMMC2_IRQHandler
                0x08003cf0                USART2_IRQHandler
                0x08003cf0                DFSDM1_FLT0_IRQHandler
                0x08003cf0                I2C2_ER_IRQHandler
                0x08003cf0                DMA2_Stream1_IRQHandler
                0x08003cf0                CAN1_SCE_IRQHandler
                0x08003cf0                FLASH_IRQHandler
                0x08003cf0                DMA2_Stream4_IRQHandler
                0x08003cf0                USART1_IRQHandler
                0x08003cf0                OTG_FS_IRQHandler
                0x08003cf0                SPI3_IRQHandler
                0x08003cf0                I2C1_ER_IRQHandler
                0x08003cf0                FMC_IRQHandler
                0x08003cf0                LPTIM1_IRQHandler
                0x08003cf0                I2C4_ER_IRQHandler
                0x08003cf0                DMA2_Stream6_IRQHandler
                0x08003cf0                SAI1_IRQHandler
 .text.HAL_Init
                0x08003cf2       0x1a ./Drivers/STM32F7xx_HAL_Driver/Src/stm32f7xx_hal.o
                0x08003cf2                HAL_Init
 .text.HAL_InitTick
                0x08003d0c       0x60 ./Drivers/STM32F7xx_HAL_Driver/Src/stm32f7xx_hal.o
                0x08003d0c                HAL_InitTick
 .text.HAL_IncTick
                0x08003d6c       0x28 ./Drivers/STM32F7xx_HAL_Driver/Src/stm32f7xx_hal.o
                0x08003d6c                HAL_IncTick
 .text.HAL_GetTick
                0x08003d94       0x18 ./Drivers/STM32F7xx_HAL_Driver/Src/stm32f7xx_hal.o
                0x08003d94                HAL_GetTick
 .text.HAL_Delay
                0x08003dac       0x48 ./Drivers/STM32F7xx_HAL_Driver/Src/stm32f7xx_hal.o
                0x08003dac                HAL_Delay
 .text.__NVIC_SetPriorityGrouping
                0x08003df4       0x48 ./Drivers/STM32F7xx_HAL_Driver/Src/stm32f7xx_hal_cortex.o
 .text.__NVIC_GetPriorityGrouping
                0x08003e3c       0x1c ./Drivers/STM32F7xx_HAL_Driver/Src/stm32f7xx_hal_cortex.o
 .text.__NVIC_EnableIRQ
                0x08003e58       0x3c ./Drivers/STM32F7xx_HAL_Driver/Src/stm32f7xx_hal_cortex.o
 .text.__NVIC_SetPriority
                0x08003e94       0x54 ./Drivers/STM32F7xx_HAL_Driver/Src/stm32f7xx_hal_cortex.o
 .text.NVIC_EncodePriority
                0x08003ee8       0x66 ./Drivers/STM32F7xx_HAL_Driver/Src/stm32f7xx_hal_cortex.o
 *fill*         0x08003f4e        0x2 
 .text.SysTick_Config
                0x08003f50       0x44 ./Drivers/STM32F7xx_HAL_Driver/Src/stm32f7xx_hal_cortex.o
 .text.HAL_NVIC_SetPriorityGrouping
                0x08003f94       0x16 ./Drivers/STM32F7xx_HAL_Driver/Src/stm32f7xx_hal_cortex.o
                0x08003f94                HAL_NVIC_SetPriorityGrouping
 .text.HAL_NVIC_SetPriority
                0x08003faa       0x38 ./Drivers/STM32F7xx_HAL_Driver/Src/stm32f7xx_hal_cortex.o
                0x08003faa                HAL_NVIC_SetPriority
 .text.HAL_NVIC_EnableIRQ
                0x08003fe2       0x1c ./Drivers/STM32F7xx_HAL_Driver/Src/stm32f7xx_hal_cortex.o
                0x08003fe2                HAL_NVIC_EnableIRQ
 .text.HAL_SYSTICK_Config
                0x08003ffe       0x18 ./Drivers/STM32F7xx_HAL_Driver/Src/stm32f7xx_hal_cortex.o
                0x08003ffe                HAL_SYSTICK_Config
 *fill*         0x08004016        0x2 
 .text.HAL_DMA_Init
                0x08004018      0x15c ./Drivers/STM32F7xx_HAL_Driver/Src/stm32f7xx_hal_dma.o
                0x08004018                HAL_DMA_Init
 .text.HAL_DMA_Start_IT
                0x08004174       0xc0 ./Drivers/STM32F7xx_HAL_Driver/Src/stm32f7xx_hal_dma.o
                0x08004174                HAL_DMA_Start_IT
 .text.HAL_DMA_Abort
                0x08004234       0xe0 ./Drivers/STM32F7xx_HAL_Driver/Src/stm32f7xx_hal_dma.o
                0x08004234                HAL_DMA_Abort
 .text.HAL_DMA_Abort_IT
                0x08004314       0x44 ./Drivers/STM32F7xx_HAL_Driver/Src/stm32f7xx_hal_dma.o
                0x08004314                HAL_DMA_Abort_IT
 .text.HAL_DMA_IRQHandler
                0x08004358      0x314 ./Drivers/STM32F7xx_HAL_Driver/Src/stm32f7xx_hal_dma.o
                0x08004358                HAL_DMA_IRQHandler
 .text.DMA_SetConfig
                0x0800466c       0x5c ./Drivers/STM32F7xx_HAL_Driver/Src/stm32f7xx_hal_dma.o
 .text.DMA_CalcBaseAndBitshift
                0x080046c8       0x6c ./Drivers/STM32F7xx_HAL_Driver/Src/stm32f7xx_hal_dma.o
 .text.DMA_CheckFifoParam
                0x08004734       0xf8 ./Drivers/STM32F7xx_HAL_Driver/Src/stm32f7xx_hal_dma.o
 .text.HAL_ETH_Init
                0x0800482c      0x134 ./Drivers/STM32F7xx_HAL_Driver/Src/stm32f7xx_hal_eth.o
                0x0800482c                HAL_ETH_Init
 .text.ETH_SetMACConfig
                0x08004960      0x168 ./Drivers/STM32F7xx_HAL_Driver/Src/stm32f7xx_hal_eth.o
 .text.ETH_SetDMAConfig
                0x08004ac8      0x114 ./Drivers/STM32F7xx_HAL_Driver/Src/stm32f7xx_hal_eth.o
 .text.ETH_MACDMAConfig
                0x08004bdc       0xea ./Drivers/STM32F7xx_HAL_Driver/Src/stm32f7xx_hal_eth.o
 *fill*         0x08004cc6        0x2 
 .text.ETH_MACAddressConfig
                0x08004cc8       0x70 ./Drivers/STM32F7xx_HAL_Driver/Src/stm32f7xx_hal_eth.o
 .text.ETH_DMATxDescListInit
                0x08004d38       0xb2 ./Drivers/STM32F7xx_HAL_Driver/Src/stm32f7xx_hal_eth.o
 .text.ETH_DMARxDescListInit
                0x08004dea       0xde ./Drivers/STM32F7xx_HAL_Driver/Src/stm32f7xx_hal_eth.o
 .text.HAL_GPIO_Init
                0x08004ec8      0x358 ./Drivers/STM32F7xx_HAL_Driver/Src/stm32f7xx_hal_gpio.o
                0x08004ec8                HAL_GPIO_Init
 .text.HAL_GPIO_WritePin
                0x08005220       0x32 ./Drivers/STM32F7xx_HAL_Driver/Src/stm32f7xx_hal_gpio.o
                0x08005220                HAL_GPIO_WritePin
 .text.HAL_GPIO_TogglePin
                0x08005252       0x34 ./Drivers/STM32F7xx_HAL_Driver/Src/stm32f7xx_hal_gpio.o
                0x08005252                HAL_GPIO_TogglePin
 *fill*         0x08005286        0x2 
 .text.HAL_I2C_Init
                0x08005288      0x138 ./Drivers/STM32F7xx_HAL_Driver/Src/stm32f7xx_hal_i2c.o
                0x08005288                HAL_I2C_Init
 .text.HAL_I2CEx_ConfigAnalogFilter
                0x080053c0       0x96 ./Drivers/STM32F7xx_HAL_Driver/Src/stm32f7xx_hal_i2c_ex.o
                0x080053c0                HAL_I2CEx_ConfigAnalogFilter
 .text.HAL_I2CEx_ConfigDigitalFilter
                0x08005456       0x98 ./Drivers/STM32F7xx_HAL_Driver/Src/stm32f7xx_hal_i2c_ex.o
                0x08005456                HAL_I2CEx_ConfigDigitalFilter
 .text.HAL_PCD_Init
                0x080054ee      0x22c ./Drivers/STM32F7xx_HAL_Driver/Src/stm32f7xx_hal_pcd.o
                0x080054ee                HAL_PCD_Init
 *fill*         0x0800571a        0x2 
 .text.HAL_PCDEx_ActivateLPM
                0x0800571c       0x48 ./Drivers/STM32F7xx_HAL_Driver/Src/stm32f7xx_hal_pcd_ex.o
                0x0800571c                HAL_PCDEx_ActivateLPM
 .text.HAL_PWR_EnableBkUpAccess
                0x08005764       0x20 ./Drivers/STM32F7xx_HAL_Driver/Src/stm32f7xx_hal_pwr.o
                0x08005764                HAL_PWR_EnableBkUpAccess
 .text.HAL_PWREx_EnableOverDrive
                0x08005784       0xa0 ./Drivers/STM32F7xx_HAL_Driver/Src/stm32f7xx_hal_pwr_ex.o
                0x08005784                HAL_PWREx_EnableOverDrive
 .text.HAL_RCC_OscConfig
                0x08005824      0x55c ./Drivers/STM32F7xx_HAL_Driver/Src/stm32f7xx_hal_rcc.o
                0x08005824                HAL_RCC_OscConfig
 .text.HAL_RCC_ClockConfig
                0x08005d80      0x1d8 ./Drivers/STM32F7xx_HAL_Driver/Src/stm32f7xx_hal_rcc.o
                0x08005d80                HAL_RCC_ClockConfig
 .text.HAL_RCC_GetSysClockFreq
                0x08005f58      0x20c ./Drivers/STM32F7xx_HAL_Driver/Src/stm32f7xx_hal_rcc.o
                0x08005f58                HAL_RCC_GetSysClockFreq
 .text.HAL_RCC_GetHCLKFreq
                0x08006164       0x18 ./Drivers/STM32F7xx_HAL_Driver/Src/stm32f7xx_hal_rcc.o
                0x08006164                HAL_RCC_GetHCLKFreq
 .text.HAL_RCC_GetPCLK1Freq
                0x0800617c       0x28 ./Drivers/STM32F7xx_HAL_Driver/Src/stm32f7xx_hal_rcc.o
                0x0800617c                HAL_RCC_GetPCLK1Freq
 .text.HAL_RCC_GetPCLK2Freq
                0x080061a4       0x28 ./Drivers/STM32F7xx_HAL_Driver/Src/stm32f7xx_hal_rcc.o
                0x080061a4                HAL_RCC_GetPCLK2Freq
 .text.HAL_RCCEx_PeriphCLKConfig
                0x080061cc      0x850 ./Drivers/STM32F7xx_HAL_Driver/Src/stm32f7xx_hal_rcc_ex.o
                0x080061cc                HAL_RCCEx_PeriphCLKConfig
 .text.HAL_TIM_Base_Init
                0x08006a1c       0xae ./Drivers/STM32F7xx_HAL_Driver/Src/stm32f7xx_hal_tim.o
                0x08006a1c                HAL_TIM_Base_Init
 *fill*         0x08006aca        0x2 
 .text.HAL_TIM_Base_Start_IT
                0x08006acc       0xf0 ./Drivers/STM32F7xx_HAL_Driver/Src/stm32f7xx_hal_tim.o
                0x08006acc                HAL_TIM_Base_Start_IT
 .text.HAL_TIM_IRQHandler
                0x08006bbc      0x20e ./Drivers/STM32F7xx_HAL_Driver/Src/stm32f7xx_hal_tim.o
                0x08006bbc                HAL_TIM_IRQHandler
 *fill*         0x08006dca        0x2 
 .text.HAL_TIM_ConfigClockSource
                0x08006dcc      0x194 ./Drivers/STM32F7xx_HAL_Driver/Src/stm32f7xx_hal_tim.o
                0x08006dcc                HAL_TIM_ConfigClockSource
 .text.HAL_TIM_SlaveConfigSynchro
                0x08006f60       0x84 ./Drivers/STM32F7xx_HAL_Driver/Src/stm32f7xx_hal_tim.o
                0x08006f60                HAL_TIM_SlaveConfigSynchro
 .text.HAL_TIM_OC_DelayElapsedCallback
                0x08006fe4       0x14 ./Drivers/STM32F7xx_HAL_Driver/Src/stm32f7xx_hal_tim.o
                0x08006fe4                HAL_TIM_OC_DelayElapsedCallback
 .text.HAL_TIM_IC_CaptureCallback
                0x08006ff8       0x14 ./Drivers/STM32F7xx_HAL_Driver/Src/stm32f7xx_hal_tim.o
                0x08006ff8                HAL_TIM_IC_CaptureCallback
 .text.HAL_TIM_PWM_PulseFinishedCallback
                0x0800700c       0x14 ./Drivers/STM32F7xx_HAL_Driver/Src/stm32f7xx_hal_tim.o
                0x0800700c                HAL_TIM_PWM_PulseFinishedCallback
 .text.HAL_TIM_TriggerCallback
                0x08007020       0x14 ./Drivers/STM32F7xx_HAL_Driver/Src/stm32f7xx_hal_tim.o
                0x08007020                HAL_TIM_TriggerCallback
 .text.TIM_Base_SetConfig
                0x08007034      0x14c ./Drivers/STM32F7xx_HAL_Driver/Src/stm32f7xx_hal_tim.o
                0x08007034                TIM_Base_SetConfig
 .text.TIM_SlaveTimer_SetConfig
                0x08007180      0x128 ./Drivers/STM32F7xx_HAL_Driver/Src/stm32f7xx_hal_tim.o
 .text.TIM_TI1_ConfigInputStage
                0x080072a8       0x5e ./Drivers/STM32F7xx_HAL_Driver/Src/stm32f7xx_hal_tim.o
 .text.TIM_TI2_ConfigInputStage
                0x08007306       0x60 ./Drivers/STM32F7xx_HAL_Driver/Src/stm32f7xx_hal_tim.o
 .text.TIM_ITRx_SetConfig
                0x08007366       0x36 ./Drivers/STM32F7xx_HAL_Driver/Src/stm32f7xx_hal_tim.o
 .text.TIM_ETR_SetConfig
                0x0800739c       0x40 ./Drivers/STM32F7xx_HAL_Driver/Src/stm32f7xx_hal_tim.o
                0x0800739c                TIM_ETR_SetConfig
 .text.HAL_TIMEx_MasterConfigSynchronization
                0x080073dc      0x11c ./Drivers/STM32F7xx_HAL_Driver/Src/stm32f7xx_hal_tim_ex.o
                0x080073dc                HAL_TIMEx_MasterConfigSynchronization
 .text.HAL_TIMEx_CommutCallback
                0x080074f8       0x14 ./Drivers/STM32F7xx_HAL_Driver/Src/stm32f7xx_hal_tim_ex.o
                0x080074f8                HAL_TIMEx_CommutCallback
 .text.HAL_TIMEx_BreakCallback
                0x0800750c       0x14 ./Drivers/STM32F7xx_HAL_Driver/Src/stm32f7xx_hal_tim_ex.o
                0x0800750c                HAL_TIMEx_BreakCallback
 .text.HAL_TIMEx_Break2Callback
                0x08007520       0x14 ./Drivers/STM32F7xx_HAL_Driver/Src/stm32f7xx_hal_tim_ex.o
                0x08007520                HAL_TIMEx_Break2Callback
 .text.HAL_UART_Init
                0x08007534       0x9c ./Drivers/STM32F7xx_HAL_Driver/Src/stm32f7xx_hal_uart.o
                0x08007534                HAL_UART_Init
 .text.HAL_UART_Transmit_IT
                0x080075d0       0xbc ./Drivers/STM32F7xx_HAL_Driver/Src/stm32f7xx_hal_uart.o
                0x080075d0                HAL_UART_Transmit_IT
 .text.HAL_UART_Receive_IT
                0x0800768c       0x88 ./Drivers/STM32F7xx_HAL_Driver/Src/stm32f7xx_hal_uart.o
                0x0800768c                HAL_UART_Receive_IT
 .text.HAL_UART_Transmit_DMA
                0x08007714       0xf8 ./Drivers/STM32F7xx_HAL_Driver/Src/stm32f7xx_hal_uart.o
                0x08007714                HAL_UART_Transmit_DMA
 .text.HAL_UART_Receive_DMA
                0x0800780c       0x88 ./Drivers/STM32F7xx_HAL_Driver/Src/stm32f7xx_hal_uart.o
                0x0800780c                HAL_UART_Receive_DMA
 .text.HAL_UART_IRQHandler
                0x08007894      0x604 ./Drivers/STM32F7xx_HAL_Driver/Src/stm32f7xx_hal_uart.o
                0x08007894                HAL_UART_IRQHandler
 .text.HAL_UART_TxCpltCallback
                0x08007e98       0x14 ./Drivers/STM32F7xx_HAL_Driver/Src/stm32f7xx_hal_uart.o
                0x08007e98                HAL_UART_TxCpltCallback
 .text.HAL_UART_TxHalfCpltCallback
                0x08007eac       0x14 ./Drivers/STM32F7xx_HAL_Driver/Src/stm32f7xx_hal_uart.o
                0x08007eac                HAL_UART_TxHalfCpltCallback
 .text.HAL_UART_RxHalfCpltCallback
                0x08007ec0       0x14 ./Drivers/STM32F7xx_HAL_Driver/Src/stm32f7xx_hal_uart.o
                0x08007ec0                HAL_UART_RxHalfCpltCallback
 .text.HAL_UART_ErrorCallback
                0x08007ed4       0x14 ./Drivers/STM32F7xx_HAL_Driver/Src/stm32f7xx_hal_uart.o
                0x08007ed4                HAL_UART_ErrorCallback
 .text.HAL_UARTEx_RxEventCallback
                0x08007ee8       0x18 ./Drivers/STM32F7xx_HAL_Driver/Src/stm32f7xx_hal_uart.o
                0x08007ee8                HAL_UARTEx_RxEventCallback
 .text.HAL_UARTEx_WakeupCallback
                0x08007f00       0x14 ./Drivers/STM32F7xx_HAL_Driver/Src/stm32f7xx_hal_uart.o
                0x08007f00                HAL_UARTEx_WakeupCallback
 .text.UART_SetConfig
                0x08007f14      0x4c8 ./Drivers/STM32F7xx_HAL_Driver/Src/stm32f7xx_hal_uart.o
                0x08007f14                UART_SetConfig
 .text.UART_AdvFeatureConfig
                0x080083dc      0x144 ./Drivers/STM32F7xx_HAL_Driver/Src/stm32f7xx_hal_uart.o
                0x080083dc                UART_AdvFeatureConfig
 .text.UART_CheckIdleState
                0x08008520      0x150 ./Drivers/STM32F7xx_HAL_Driver/Src/stm32f7xx_hal_uart.o
                0x08008520                UART_CheckIdleState
 .text.UART_WaitOnFlagUntilTimeout
                0x08008670       0xda ./Drivers/STM32F7xx_HAL_Driver/Src/stm32f7xx_hal_uart.o
                0x08008670                UART_WaitOnFlagUntilTimeout
 *fill*         0x0800874a        0x2 
 .text.UART_Start_Receive_IT
                0x0800874c      0x18c ./Drivers/STM32F7xx_HAL_Driver/Src/stm32f7xx_hal_uart.o
                0x0800874c                UART_Start_Receive_IT
 .text.UART_Start_Receive_DMA
                0x080088d8      0x140 ./Drivers/STM32F7xx_HAL_Driver/Src/stm32f7xx_hal_uart.o
                0x080088d8                UART_Start_Receive_DMA
 .text.UART_EndTxTransfer
                0x08008a18       0x4c ./Drivers/STM32F7xx_HAL_Driver/Src/stm32f7xx_hal_uart.o
 .text.UART_EndRxTransfer
                0x08008a64       0xc8 ./Drivers/STM32F7xx_HAL_Driver/Src/stm32f7xx_hal_uart.o
 .text.UART_DMATransmitCplt
                0x08008b2c       0x96 ./Drivers/STM32F7xx_HAL_Driver/Src/stm32f7xx_hal_uart.o
 .text.UART_DMATxHalfCplt
                0x08008bc2       0x1c ./Drivers/STM32F7xx_HAL_Driver/Src/stm32f7xx_hal_uart.o
 .text.UART_DMAReceiveCplt
                0x08008bde      0x15e ./Drivers/STM32F7xx_HAL_Driver/Src/stm32f7xx_hal_uart.o
 .text.UART_DMARxHalfCplt
                0x08008d3c       0x72 ./Drivers/STM32F7xx_HAL_Driver/Src/stm32f7xx_hal_uart.o
 .text.UART_DMAError
                0x08008dae       0x7e ./Drivers/STM32F7xx_HAL_Driver/Src/stm32f7xx_hal_uart.o
 .text.UART_DMAAbortOnError
                0x08008e2c       0x24 ./Drivers/STM32F7xx_HAL_Driver/Src/stm32f7xx_hal_uart.o
 .text.UART_TxISR_8BIT
                0x08008e50       0xb6 ./Drivers/STM32F7xx_HAL_Driver/Src/stm32f7xx_hal_uart.o
 .text.UART_TxISR_16BIT
                0x08008f06       0xc0 ./Drivers/STM32F7xx_HAL_Driver/Src/stm32f7xx_hal_uart.o
 .text.UART_EndTransmit_IT
                0x08008fc6       0x54 ./Drivers/STM32F7xx_HAL_Driver/Src/stm32f7xx_hal_uart.o
 .text.UART_RxISR_8BIT
                0x0800901a      0x1a8 ./Drivers/STM32F7xx_HAL_Driver/Src/stm32f7xx_hal_uart.o
 .text.UART_RxISR_16BIT
                0x080091c2      0x1a8 ./Drivers/STM32F7xx_HAL_Driver/Src/stm32f7xx_hal_uart.o
 *fill*         0x0800936a        0x2 
 .text.USB_CoreInit
                0x0800936c       0xb4 ./Drivers/STM32F7xx_HAL_Driver/Src/stm32f7xx_ll_usb.o
                0x0800936c                USB_CoreInit
 .text.USB_DisableGlobalInt
                0x08009420       0x22 ./Drivers/STM32F7xx_HAL_Driver/Src/stm32f7xx_ll_usb.o
                0x08009420                USB_DisableGlobalInt
 .text.USB_SetCurrentMode
                0x08009442       0x98 ./Drivers/STM32F7xx_HAL_Driver/Src/stm32f7xx_ll_usb.o
                0x08009442                USB_SetCurrentMode
 *fill*         0x080094da        0x2 
 .text.USB_DevInit
                0x080094dc      0x2bc ./Drivers/STM32F7xx_HAL_Driver/Src/stm32f7xx_ll_usb.o
                0x080094dc                USB_DevInit
 .text.USB_FlushTxFifo
                0x08009798       0x64 ./Drivers/STM32F7xx_HAL_Driver/Src/stm32f7xx_ll_usb.o
                0x08009798                USB_FlushTxFifo
 .text.USB_FlushRxFifo
                0x080097fc       0x5c ./Drivers/STM32F7xx_HAL_Driver/Src/stm32f7xx_ll_usb.o
                0x080097fc                USB_FlushRxFifo
 .text.USB_SetDevSpeed
                0x08009858       0x32 ./Drivers/STM32F7xx_HAL_Driver/Src/stm32f7xx_ll_usb.o
                0x08009858                USB_SetDevSpeed
 .text.USB_DevDisconnect
                0x0800988a       0x42 ./Drivers/STM32F7xx_HAL_Driver/Src/stm32f7xx_ll_usb.o
                0x0800988a                USB_DevDisconnect
 .text.USB_GetMode
                0x080098cc       0x1c ./Drivers/STM32F7xx_HAL_Driver/Src/stm32f7xx_ll_usb.o
                0x080098cc                USB_GetMode
 .text.USB_CoreReset
                0x080098e8       0x70 ./Drivers/STM32F7xx_HAL_Driver/Src/stm32f7xx_ll_usb.o
 .text.memset   0x08009958       0x10 C:/ST/STM32CubeIDE_1.19.0/STM32CubeIDE/plugins/com.st.stm32cube.ide.mcu.externaltools.gnu-tools-for-stm32.13.3.rel1.win32_1.0.0.202411081344/tools/bin/../lib/gcc/arm-none-eabi/13.3.1/../../../../arm-none-eabi/lib/thumb/v7e-m+dp/hard\libc_nano.a(libc_a-memset.o)
                0x08009958                memset
 .text.__errno  0x08009968        0xc C:/ST/STM32CubeIDE_1.19.0/STM32CubeIDE/plugins/com.st.stm32cube.ide.mcu.externaltools.gnu-tools-for-stm32.13.3.rel1.win32_1.0.0.202411081344/tools/bin/../lib/gcc/arm-none-eabi/13.3.1/../../../../arm-none-eabi/lib/thumb/v7e-m+dp/hard\libc_nano.a(libc_a-errno.o)
                0x08009968                __errno
 .text.__libc_init_array
                0x08009974       0x48 C:/ST/STM32CubeIDE_1.19.0/STM32CubeIDE/plugins/com.st.stm32cube.ide.mcu.externaltools.gnu-tools-for-stm32.13.3.rel1.win32_1.0.0.202411081344/tools/bin/../lib/gcc/arm-none-eabi/13.3.1/../../../../arm-none-eabi/lib/thumb/v7e-m+dp/hard\libc_nano.a(libc_a-init.o)
                0x08009974                __libc_init_array
 .text.memcpy   0x080099bc       0x1c C:/ST/STM32CubeIDE_1.19.0/STM32CubeIDE/plugins/com.st.stm32cube.ide.mcu.externaltools.gnu-tools-for-stm32.13.3.rel1.win32_1.0.0.202411081344/tools/bin/../lib/gcc/arm-none-eabi/13.3.1/../../../../arm-none-eabi/lib/thumb/v7e-m+dp/hard\libc_nano.a(libc_a-memcpy-stub.o)
                0x080099bc                memcpy
 .text.ldexpf   0x080099d8       0x4c C:/ST/STM32CubeIDE_1.19.0/STM32CubeIDE/plugins/com.st.stm32cube.ide.mcu.externaltools.gnu-tools-for-stm32.13.3.rel1.win32_1.0.0.202411081344/tools/bin/../lib/gcc/arm-none-eabi/13.3.1/../../../../arm-none-eabi/lib/thumb/v7e-m+dp/hard\libc_nano.a(libm_a-sf_ldexp.o)
                0x080099d8                ldexpf
 .text.scalbnf  0x08009a24       0xc8 C:/ST/STM32CubeIDE_1.19.0/STM32CubeIDE/plugins/com.st.stm32cube.ide.mcu.externaltools.gnu-tools-for-stm32.13.3.rel1.win32_1.0.0.202411081344/tools/bin/../lib/gcc/arm-none-eabi/13.3.1/../../../../arm-none-eabi/lib/thumb/v7e-m+dp/hard\libc_nano.a(libm_a-sf_scalbn.o)
                0x08009a24                scalbnf
 .text.finitef  0x08009aec       0x14 C:/ST/STM32CubeIDE_1.19.0/STM32CubeIDE/plugins/com.st.stm32cube.ide.mcu.externaltools.gnu-tools-for-stm32.13.3.rel1.win32_1.0.0.202411081344/tools/bin/../lib/gcc/arm-none-eabi/13.3.1/../../../../arm-none-eabi/lib/thumb/v7e-m+dp/hard\libc_nano.a(libm_a-sf_finite.o)
                0x08009aec                finitef
 *(.glue_7)
 .glue_7        0x08009b00        0x0 linker stubs
 *(.glue_7t)
 .glue_7t       0x08009b00        0x0 linker stubs
 *(.eh_frame)
 .eh_frame      0x08009b00        0x0 C:/ST/STM32CubeIDE_1.19.0/STM32CubeIDE/plugins/com.st.stm32cube.ide.mcu.externaltools.gnu-tools-for-stm32.13.3.rel1.win32_1.0.0.202411081344/tools/bin/../lib/gcc/arm-none-eabi/13.3.1/thumb/v7e-m+dp/hard/crtbegin.o
 *(.init)
 .init          0x08009b00        0x4 C:/ST/STM32CubeIDE_1.19.0/STM32CubeIDE/plugins/com.st.stm32cube.ide.mcu.externaltools.gnu-tools-for-stm32.13.3.rel1.win32_1.0.0.202411081344/tools/bin/../lib/gcc/arm-none-eabi/13.3.1/thumb/v7e-m+dp/hard/crti.o
                0x08009b00                _init
 .init          0x08009b04        0x8 C:/ST/STM32CubeIDE_1.19.0/STM32CubeIDE/plugins/com.st.stm32cube.ide.mcu.externaltools.gnu-tools-for-stm32.13.3.rel1.win32_1.0.0.202411081344/tools/bin/../lib/gcc/arm-none-eabi/13.3.1/thumb/v7e-m+dp/hard/crtn.o
 *(.fini)
 .fini          0x08009b0c        0x4 C:/ST/STM32CubeIDE_1.19.0/STM32CubeIDE/plugins/com.st.stm32cube.ide.mcu.externaltools.gnu-tools-for-stm32.13.3.rel1.win32_1.0.0.202411081344/tools/bin/../lib/gcc/arm-none-eabi/13.3.1/thumb/v7e-m+dp/hard/crti.o
                0x08009b0c                _fini
 .fini          0x08009b10        0x8 C:/ST/STM32CubeIDE_1.19.0/STM32CubeIDE/plugins/com.st.stm32cube.ide.mcu.externaltools.gnu-tools-for-stm32.13.3.rel1.win32_1.0.0.202411081344/tools/bin/../lib/gcc/arm-none-eabi/13.3.1/thumb/v7e-m+dp/hard/crtn.o
                0x08009b18                        . = ALIGN (0x4)
                0x08009b18                        _etext = .

.vfp11_veneer   0x08009b18        0x0
 .vfp11_veneer  0x08009b18        0x0 linker stubs

.v4_bx          0x08009b18        0x0
 .v4_bx         0x08009b18        0x0 linker stubs

.iplt           0x08009b18        0x0
 .iplt          0x08009b18        0x0 C:/ST/STM32CubeIDE_1.19.0/STM32CubeIDE/plugins/com.st.stm32cube.ide.mcu.externaltools.gnu-tools-for-stm32.13.3.rel1.win32_1.0.0.202411081344/tools/bin/../lib/gcc/arm-none-eabi/13.3.1/thumb/v7e-m+dp/hard/crtbegin.o

.rodata         0x08009b18      0x220
                0x08009b18                        . = ALIGN (0x4)
 *(.rodata)
 *(.rodata*)
 .rodata.crc16_tab
                0x08009b18      0x200 ./Core/Src/crc.o
                0x08009b18                crc16_tab
 .rodata.AHBPrescTable
                0x08009d18       0x10 ./Core/Src/system_stm32f7xx.o
                0x08009d18                AHBPrescTable
 .rodata.APBPrescTable
                0x08009d28        0x8 ./Core/Src/system_stm32f7xx.o
                0x08009d28                APBPrescTable
 .rodata.flagBitshiftOffset.0
                0x08009d30        0x8 ./Drivers/STM32F7xx_HAL_Driver/Src/stm32f7xx_hal_dma.o
                0x08009d38                        . = ALIGN (0x4)

.ARM.extab      0x08009d38        0x0
                0x08009d38                        . = ALIGN (0x4)
 *(.ARM.extab* .gnu.linkonce.armextab.*)
                0x08009d38                        . = ALIGN (0x4)

.ARM            0x08009d38        0x8
                0x08009d38                        . = ALIGN (0x4)
                0x08009d38                        __exidx_start = .
 *(.ARM.exidx*)
 .ARM.exidx     0x08009d38        0x8 C:/ST/STM32CubeIDE_1.19.0/STM32CubeIDE/plugins/com.st.stm32cube.ide.mcu.externaltools.gnu-tools-for-stm32.13.3.rel1.win32_1.0.0.202411081344/tools/bin/../lib/gcc/arm-none-eabi/13.3.1/thumb/v7e-m+dp/hard\libgcc.a(_udivmoddi4.o)
                0x08009d40                        __exidx_end = .
                0x08009d40                        . = ALIGN (0x4)

.preinit_array  0x08009d40        0x0
                0x08009d40                        . = ALIGN (0x4)
                0x08009d40                        PROVIDE (__preinit_array_start = .)
 *(.preinit_array*)
                0x08009d40                        PROVIDE (__preinit_array_end = .)
                0x08009d40                        . = ALIGN (0x4)

.init_array     0x08009d40        0x4
                0x08009d40                        . = ALIGN (0x4)
                0x08009d40                        PROVIDE (__init_array_start = .)
 *(SORT_BY_NAME(.init_array.*))
 *(.init_array*)
 .init_array    0x08009d40        0x4 C:/ST/STM32CubeIDE_1.19.0/STM32CubeIDE/plugins/com.st.stm32cube.ide.mcu.externaltools.gnu-tools-for-stm32.13.3.rel1.win32_1.0.0.202411081344/tools/bin/../lib/gcc/arm-none-eabi/13.3.1/thumb/v7e-m+dp/hard/crtbegin.o
                0x08009d44                        PROVIDE (__init_array_end = .)
                0x08009d44                        . = ALIGN (0x4)

.fini_array     0x08009d44        0x4
                0x08009d44                        . = ALIGN (0x4)
                [!provide]                        PROVIDE (__fini_array_start = .)
 *(SORT_BY_NAME(.fini_array.*))
 *(.fini_array*)
 .fini_array    0x08009d44        0x4 C:/ST/STM32CubeIDE_1.19.0/STM32CubeIDE/plugins/com.st.stm32cube.ide.mcu.externaltools.gnu-tools-for-stm32.13.3.rel1.win32_1.0.0.202411081344/tools/bin/../lib/gcc/arm-none-eabi/13.3.1/thumb/v7e-m+dp/hard/crtbegin.o
                [!provide]                        PROVIDE (__fini_array_end = .)
                0x08009d48                        . = ALIGN (0x4)
                0x08009d48                        _sidata = LOADADDR (.data)

.rel.dyn        0x08009d48        0x0
 .rel.iplt      0x08009d48        0x0 C:/ST/STM32CubeIDE_1.19.0/STM32CubeIDE/plugins/com.st.stm32cube.ide.mcu.externaltools.gnu-tools-for-stm32.13.3.rel1.win32_1.0.0.202411081344/tools/bin/../lib/gcc/arm-none-eabi/13.3.1/thumb/v7e-m+dp/hard/crtbegin.o

.data           0x20000000       0x5c load address 0x08009d48
                0x20000000                        . = ALIGN (0x4)
                0x20000000                        _sdata = .
 *(.data)
 *(.data*)
 .data.SystemCoreClock
                0x20000000        0x4 ./Core/Src/system_stm32f7xx.o
                0x20000000                SystemCoreClock
 .data.uwTickPrio
                0x20000004        0x4 ./Drivers/STM32F7xx_HAL_Driver/Src/stm32f7xx_hal.o
                0x20000004                uwTickPrio
 .data.uwTickFreq
                0x20000008        0x1 ./Drivers/STM32F7xx_HAL_Driver/Src/stm32f7xx_hal.o
                0x20000008                uwTickFreq
 *fill*         0x20000009        0x3 
 .data._impure_ptr
                0x2000000c        0x4 C:/ST/STM32CubeIDE_1.19.0/STM32CubeIDE/plugins/com.st.stm32cube.ide.mcu.externaltools.gnu-tools-for-stm32.13.3.rel1.win32_1.0.0.202411081344/tools/bin/../lib/gcc/arm-none-eabi/13.3.1/../../../../arm-none-eabi/lib/thumb/v7e-m+dp/hard\libc_nano.a(libc_a-impure.o)
                0x2000000c                _impure_ptr
 .data._impure_data
                0x20000010       0x4c C:/ST/STM32CubeIDE_1.19.0/STM32CubeIDE/plugins/com.st.stm32cube.ide.mcu.externaltools.gnu-tools-for-stm32.13.3.rel1.win32_1.0.0.202411081344/tools/bin/../lib/gcc/arm-none-eabi/13.3.1/../../../../arm-none-eabi/lib/thumb/v7e-m+dp/hard\libc_nano.a(libc_a-impure.o)
                0x20000010                _impure_data
 *(.RamFunc)
 *(.RamFunc*)
                0x2000005c                        . = ALIGN (0x4)
                0x2000005c                        _edata = .

.igot.plt       0x2000005c        0x0 load address 0x08009da4
 .igot.plt      0x2000005c        0x0 C:/ST/STM32CubeIDE_1.19.0/STM32CubeIDE/plugins/com.st.stm32cube.ide.mcu.externaltools.gnu-tools-for-stm32.13.3.rel1.win32_1.0.0.202411081344/tools/bin/../lib/gcc/arm-none-eabi/13.3.1/thumb/v7e-m+dp/hard/crtbegin.o

.RxDecripSection
                0x2000005c       0xa0 load address 0x08009da4
 .RxDecripSection
                0x2000005c       0xa0 ./Core/Src/main.o
                0x2000005c                DMARxDscrTab

.TxDecripSection
                0x200000fc       0xa0 load address 0x08009e44
 .TxDecripSection
                0x200000fc       0xa0 ./Core/Src/main.o
                0x200000fc                DMATxDscrTab
                0x2000019c                        . = ALIGN (0x4)

.bss            0x2000019c     0x17ec load address 0x08009ee4
                0x2000019c                        _sbss = .
                0x2000019c                        __bss_start__ = _sbss
 *(.bss)
 .bss           0x2000019c       0x1c C:/ST/STM32CubeIDE_1.19.0/STM32CubeIDE/plugins/com.st.stm32cube.ide.mcu.externaltools.gnu-tools-for-stm32.13.3.rel1.win32_1.0.0.202411081344/tools/bin/../lib/gcc/arm-none-eabi/13.3.1/thumb/v7e-m+dp/hard/crtbegin.o
 *(.bss*)
 .bss.send_buffer
                0x200001b8      0x400 ./Core/Src/bldc_interface.o
 .bss.values    0x200005b8       0x48 ./Core/Src/bldc_interface.o
 .bss.fw_major  0x20000600        0x4 ./Core/Src/bldc_interface.o
 .bss.fw_minor  0x20000604        0x4 ./Core/Src/bldc_interface.o
 .bss.rotor_pos
                0x20000608        0x4 ./Core/Src/bldc_interface.o
 .bss.mcconf    0x2000060c      0x184 ./Core/Src/bldc_interface.o
 .bss.appconf   0x20000790       0xc8 ./Core/Src/bldc_interface.o
 .bss.detect_cycle_int_limit
                0x20000858        0x4 ./Core/Src/bldc_interface.o
 .bss.detect_coupling_k
                0x2000085c        0x4 ./Core/Src/bldc_interface.o
 .bss.detect_hall_table
                0x20000860        0x8 ./Core/Src/bldc_interface.o
 .bss.detect_hall_res
                0x20000868        0x1 ./Core/Src/bldc_interface.o
 *fill*         0x20000869        0x3 
 .bss.dec_ppm   0x2000086c        0x4 ./Core/Src/bldc_interface.o
 .bss.dec_ppm_len
                0x20000870        0x4 ./Core/Src/bldc_interface.o
 .bss.dec_adc   0x20000874        0x4 ./Core/Src/bldc_interface.o
 .bss.dec_adc_voltage
                0x20000878        0x4 ./Core/Src/bldc_interface.o
 .bss.dec_chuk  0x2000087c        0x4 ./Core/Src/bldc_interface.o
 .bss.send_func
                0x20000880        0x4 ./Core/Src/bldc_interface.o
 .bss.forward_func
                0x20000884        0x4 ./Core/Src/bldc_interface.o
 .bss.rx_value_func
                0x20000888        0x4 ./Core/Src/bldc_interface.o
 .bss.rx_printf_func
                0x2000088c        0x4 ./Core/Src/bldc_interface.o
 .bss.rx_rotor_pos_func
                0x20000890        0x4 ./Core/Src/bldc_interface.o
 .bss.rx_mcconf_func
                0x20000894        0x4 ./Core/Src/bldc_interface.o
 .bss.rx_appconf_func
                0x20000898        0x4 ./Core/Src/bldc_interface.o
 .bss.rx_detect_func
                0x2000089c        0x4 ./Core/Src/bldc_interface.o
 .bss.rx_dec_ppm_func
                0x200008a0        0x4 ./Core/Src/bldc_interface.o
 .bss.rx_dec_adc_func
                0x200008a4        0x4 ./Core/Src/bldc_interface.o
 .bss.rx_dec_chuk_func
                0x200008a8        0x4 ./Core/Src/bldc_interface.o
 .bss.rx_mcconf_received_func
                0x200008ac        0x4 ./Core/Src/bldc_interface.o
 .bss.rx_appconf_received_func
                0x200008b0        0x4 ./Core/Src/bldc_interface.o
 .bss.motor_control_set_func
                0x200008b4        0x4 ./Core/Src/bldc_interface.o
 .bss.TxConfig  0x200008b8       0x38 ./Core/Src/main.o
                0x200008b8                TxConfig
 .bss.heth      0x200008f0       0xb0 ./Core/Src/main.o
                0x200008f0                heth
 .bss.hi2c1     0x200009a0       0x54 ./Core/Src/main.o
                0x200009a0                hi2c1
 .bss.htim4     0x200009f4       0x4c ./Core/Src/main.o
                0x200009f4                htim4
 .bss.htim9     0x20000a40       0x4c ./Core/Src/main.o
                0x20000a40                htim9
 .bss.huart4    0x20000a8c       0x88 ./Core/Src/main.o
                0x20000a8c                huart4
 .bss.huart5    0x20000b14       0x88 ./Core/Src/main.o
                0x20000b14                huart5
 .bss.huart7    0x20000b9c       0x88 ./Core/Src/main.o
                0x20000b9c                huart7
 .bss.huart8    0x20000c24       0x88 ./Core/Src/main.o
                0x20000c24                huart8
 .bss.huart3    0x20000cac       0x88 ./Core/Src/main.o
                0x20000cac                huart3
 .bss.hdma_uart4_rx
                0x20000d34       0x60 ./Core/Src/main.o
                0x20000d34                hdma_uart4_rx
 .bss.hdma_uart4_tx
                0x20000d94       0x60 ./Core/Src/main.o
                0x20000d94                hdma_uart4_tx
 .bss.hdma_uart8_tx
                0x20000df4       0x60 ./Core/Src/main.o
                0x20000df4                hdma_uart8_tx
 .bss.hdma_uart8_rx
                0x20000e54       0x60 ./Core/Src/main.o
                0x20000e54                hdma_uart8_rx
 .bss.hdma_usart3_tx
                0x20000eb4       0x60 ./Core/Src/main.o
                0x20000eb4                hdma_usart3_tx
 .bss.hpcd_USB_OTG_FS
                0x20000f14      0x4e0 ./Core/Src/main.o
                0x20000f14                hpcd_USB_OTG_FS
 .bss.ms        0x200013f4        0x2 ./Core/Src/main.o
                0x200013f4                ms
 .bss.ss        0x200013f6        0x2 ./Core/Src/main.o
                0x200013f6                ss
 .bss.vesc_buff
                0x200013f8        0x1 ./Core/Src/main.o
                0x200013f8                vesc_buff
 *fill*         0x200013f9        0x3 
 .bss.esp_buff  0x200013fc        0xd ./Core/Src/main.o
                0x200013fc                esp_buff
 *fill*         0x20001409        0x3 
 .bss.arm_buff  0x2000140c        0xd ./Core/Src/main.o
                0x2000140c                arm_buff
 *fill*         0x20001419        0x3 
 .bss.in1       0x2000141c        0x4 ./Core/Src/main.o
                0x2000141c                in1
 .bss.in2       0x20001420        0x4 ./Core/Src/main.o
                0x20001420                in2
 .bss.MACAddr.0
                0x20001424        0x6 ./Core/Src/main.o
 *fill*         0x2000142a        0x2 
 .bss.handler_states
                0x2000142c      0x420 ./Core/Src/packet.o
 .bss.uwTick    0x2000184c        0x4 ./Drivers/STM32F7xx_HAL_Driver/Src/stm32f7xx_hal.o
                0x2000184c                uwTick
 .bss.__sf      0x20001850      0x138 C:/ST/STM32CubeIDE_1.19.0/STM32CubeIDE/plugins/com.st.stm32cube.ide.mcu.externaltools.gnu-tools-for-stm32.13.3.rel1.win32_1.0.0.202411081344/tools/bin/../lib/gcc/arm-none-eabi/13.3.1/../../../../arm-none-eabi/lib/thumb/v7e-m+dp/hard\libc_nano.a(libc_a-findfp.o)
                0x20001850                __sf
 *(COMMON)
                0x20001988                        . = ALIGN (0x4)
                0x20001988                        _ebss = .
                0x20001988                        __bss_end__ = _ebss

._user_heap_stack
                0x20001988      0x600 load address 0x08009ee4
                0x20001988                        . = ALIGN (0x8)
                [!provide]                        PROVIDE (end = .)
                0x20001988                        PROVIDE (_end = .)
                0x20001b88                        . = (. + _Min_Heap_Size)
 *fill*         0x20001988      0x200 
                0x20001f88                        . = (. + _Min_Stack_Size)
 *fill*         0x20001b88      0x400 
                0x20001f88                        . = ALIGN (0x8)

/DISCARD/
 libc.a(*)
 libm.a(*)
 libgcc.a(*)

.ARM.attributes
                0x00000000       0x2e
 *(.ARM.attributes)
 .ARM.attributes
                0x00000000       0x20 C:/ST/STM32CubeIDE_1.19.0/STM32CubeIDE/plugins/com.st.stm32cube.ide.mcu.externaltools.gnu-tools-for-stm32.13.3.rel1.win32_1.0.0.202411081344/tools/bin/../lib/gcc/arm-none-eabi/13.3.1/thumb/v7e-m+dp/hard/crti.o
 .ARM.attributes
                0x00000020       0x32 C:/ST/STM32CubeIDE_1.19.0/STM32CubeIDE/plugins/com.st.stm32cube.ide.mcu.externaltools.gnu-tools-for-stm32.13.3.rel1.win32_1.0.0.202411081344/tools/bin/../lib/gcc/arm-none-eabi/13.3.1/thumb/v7e-m+dp/hard/crtbegin.o
 .ARM.attributes
                0x00000052       0x32 ./Core/Src/bldc_interface.o
 .ARM.attributes
                0x00000084       0x32 ./Core/Src/bldc_interface_uart.o
 .ARM.attributes
                0x000000b6       0x32 ./Core/Src/buffer.o
 .ARM.attributes
                0x000000e8       0x32 ./Core/Src/crc.o
 .ARM.attributes
                0x0000011a       0x32 ./Core/Src/main.o
 .ARM.attributes
                0x0000014c       0x32 ./Core/Src/packet.o
 .ARM.attributes
                0x0000017e       0x32 ./Core/Src/stm32f7xx_hal_msp.o
 .ARM.attributes
                0x000001b0       0x32 ./Core/Src/stm32f7xx_it.o
 .ARM.attributes
                0x000001e2       0x32 ./Core/Src/system_stm32f7xx.o
 .ARM.attributes
                0x00000214       0x21 ./Core/Startup/startup_stm32f767zitx.o
 .ARM.attributes
                0x00000235       0x32 ./Drivers/STM32F7xx_HAL_Driver/Src/stm32f7xx_hal.o
 .ARM.attributes
                0x00000267       0x32 ./Drivers/STM32F7xx_HAL_Driver/Src/stm32f7xx_hal_cortex.o
 .ARM.attributes
                0x00000299       0x32 ./Drivers/STM32F7xx_HAL_Driver/Src/stm32f7xx_hal_dma.o
 .ARM.attributes
                0x000002cb       0x32 ./Drivers/STM32F7xx_HAL_Driver/Src/stm32f7xx_hal_eth.o
 .ARM.attributes
                0x000002fd       0x32 ./Drivers/STM32F7xx_HAL_Driver/Src/stm32f7xx_hal_gpio.o
 .ARM.attributes
                0x0000032f       0x32 ./Drivers/STM32F7xx_HAL_Driver/Src/stm32f7xx_hal_i2c.o
 .ARM.attributes
                0x00000361       0x32 ./Drivers/STM32F7xx_HAL_Driver/Src/stm32f7xx_hal_i2c_ex.o
 .ARM.attributes
                0x00000393       0x32 ./Drivers/STM32F7xx_HAL_Driver/Src/stm32f7xx_hal_pcd.o
 .ARM.attributes
                0x000003c5       0x32 ./Drivers/STM32F7xx_HAL_Driver/Src/stm32f7xx_hal_pcd_ex.o
 .ARM.attributes
                0x000003f7       0x32 ./Drivers/STM32F7xx_HAL_Driver/Src/stm32f7xx_hal_pwr.o
 .ARM.attributes
                0x00000429       0x32 ./Drivers/STM32F7xx_HAL_Driver/Src/stm32f7xx_hal_pwr_ex.o
 .ARM.attributes
                0x0000045b       0x32 ./Drivers/STM32F7xx_HAL_Driver/Src/stm32f7xx_hal_rcc.o
 .ARM.attributes
                0x0000048d       0x32 ./Drivers/STM32F7xx_HAL_Driver/Src/stm32f7xx_hal_rcc_ex.o
 .ARM.attributes
                0x000004bf       0x32 ./Drivers/STM32F7xx_HAL_Driver/Src/stm32f7xx_hal_tim.o
 .ARM.attributes
                0x000004f1       0x32 ./Drivers/STM32F7xx_HAL_Driver/Src/stm32f7xx_hal_tim_ex.o
 .ARM.attributes
                0x00000523       0x32 ./Drivers/STM32F7xx_HAL_Driver/Src/stm32f7xx_hal_uart.o
 .ARM.attributes
                0x00000555       0x32 ./Drivers/STM32F7xx_HAL_Driver/Src/stm32f7xx_ll_usb.o
 .ARM.attributes
                0x00000587       0x32 C:/ST/STM32CubeIDE_1.19.0/STM32CubeIDE/plugins/com.st.stm32cube.ide.mcu.externaltools.gnu-tools-for-stm32.13.3.rel1.win32_1.0.0.202411081344/tools/bin/../lib/gcc/arm-none-eabi/13.3.1/../../../../arm-none-eabi/lib/thumb/v7e-m+dp/hard\libc_nano.a(libc_a-findfp.o)
 .ARM.attributes
                0x000005b9       0x32 C:/ST/STM32CubeIDE_1.19.0/STM32CubeIDE/plugins/com.st.stm32cube.ide.mcu.externaltools.gnu-tools-for-stm32.13.3.rel1.win32_1.0.0.202411081344/tools/bin/../lib/gcc/arm-none-eabi/13.3.1/../../../../arm-none-eabi/lib/thumb/v7e-m+dp/hard\libc_nano.a(libc_a-memset.o)
 .ARM.attributes
                0x000005eb       0x32 C:/ST/STM32CubeIDE_1.19.0/STM32CubeIDE/plugins/com.st.stm32cube.ide.mcu.externaltools.gnu-tools-for-stm32.13.3.rel1.win32_1.0.0.202411081344/tools/bin/../lib/gcc/arm-none-eabi/13.3.1/../../../../arm-none-eabi/lib/thumb/v7e-m+dp/hard\libc_nano.a(libc_a-impure.o)
 .ARM.attributes
                0x0000061d       0x32 C:/ST/STM32CubeIDE_1.19.0/STM32CubeIDE/plugins/com.st.stm32cube.ide.mcu.externaltools.gnu-tools-for-stm32.13.3.rel1.win32_1.0.0.202411081344/tools/bin/../lib/gcc/arm-none-eabi/13.3.1/../../../../arm-none-eabi/lib/thumb/v7e-m+dp/hard\libc_nano.a(libc_a-errno.o)
 .ARM.attributes
                0x0000064f       0x32 C:/ST/STM32CubeIDE_1.19.0/STM32CubeIDE/plugins/com.st.stm32cube.ide.mcu.externaltools.gnu-tools-for-stm32.13.3.rel1.win32_1.0.0.202411081344/tools/bin/../lib/gcc/arm-none-eabi/13.3.1/../../../../arm-none-eabi/lib/thumb/v7e-m+dp/hard\libc_nano.a(libc_a-init.o)
 .ARM.attributes
                0x00000681       0x32 C:/ST/STM32CubeIDE_1.19.0/STM32CubeIDE/plugins/com.st.stm32cube.ide.mcu.externaltools.gnu-tools-for-stm32.13.3.rel1.win32_1.0.0.202411081344/tools/bin/../lib/gcc/arm-none-eabi/13.3.1/../../../../arm-none-eabi/lib/thumb/v7e-m+dp/hard\libc_nano.a(libc_a-memcpy-stub.o)
 .ARM.attributes
                0x000006b3       0x32 C:/ST/STM32CubeIDE_1.19.0/STM32CubeIDE/plugins/com.st.stm32cube.ide.mcu.externaltools.gnu-tools-for-stm32.13.3.rel1.win32_1.0.0.202411081344/tools/bin/../lib/gcc/arm-none-eabi/13.3.1/../../../../arm-none-eabi/lib/thumb/v7e-m+dp/hard\libc_nano.a(libm_a-sf_ldexp.o)
 .ARM.attributes
                0x000006e5       0x32 C:/ST/STM32CubeIDE_1.19.0/STM32CubeIDE/plugins/com.st.stm32cube.ide.mcu.externaltools.gnu-tools-for-stm32.13.3.rel1.win32_1.0.0.202411081344/tools/bin/../lib/gcc/arm-none-eabi/13.3.1/../../../../arm-none-eabi/lib/thumb/v7e-m+dp/hard\libc_nano.a(libm_a-sf_scalbn.o)
 .ARM.attributes
                0x00000717       0x32 C:/ST/STM32CubeIDE_1.19.0/STM32CubeIDE/plugins/com.st.stm32cube.ide.mcu.externaltools.gnu-tools-for-stm32.13.3.rel1.win32_1.0.0.202411081344/tools/bin/../lib/gcc/arm-none-eabi/13.3.1/../../../../arm-none-eabi/lib/thumb/v7e-m+dp/hard\libc_nano.a(libm_a-sf_finite.o)
 .ARM.attributes
                0x00000749       0x20 C:/ST/STM32CubeIDE_1.19.0/STM32CubeIDE/plugins/com.st.stm32cube.ide.mcu.externaltools.gnu-tools-for-stm32.13.3.rel1.win32_1.0.0.202411081344/tools/bin/../lib/gcc/arm-none-eabi/13.3.1/thumb/v7e-m+dp/hard\libgcc.a(_aeabi_uldivmod.o)
 .ARM.attributes
                0x00000769       0x32 C:/ST/STM32CubeIDE_1.19.0/STM32CubeIDE/plugins/com.st.stm32cube.ide.mcu.externaltools.gnu-tools-for-stm32.13.3.rel1.win32_1.0.0.202411081344/tools/bin/../lib/gcc/arm-none-eabi/13.3.1/thumb/v7e-m+dp/hard\libgcc.a(_udivmoddi4.o)
 .ARM.attributes
                0x0000079b       0x20 C:/ST/STM32CubeIDE_1.19.0/STM32CubeIDE/plugins/com.st.stm32cube.ide.mcu.externaltools.gnu-tools-for-stm32.13.3.rel1.win32_1.0.0.202411081344/tools/bin/../lib/gcc/arm-none-eabi/13.3.1/thumb/v7e-m+dp/hard\libgcc.a(_dvmd_tls.o)
 .ARM.attributes
                0x000007bb       0x20 C:/ST/STM32CubeIDE_1.19.0/STM32CubeIDE/plugins/com.st.stm32cube.ide.mcu.externaltools.gnu-tools-for-stm32.13.3.rel1.win32_1.0.0.202411081344/tools/bin/../lib/gcc/arm-none-eabi/13.3.1/thumb/v7e-m+dp/hard/crtn.o
OUTPUT(Base-Ctrl-integration.elf elf32-littlearm)
LOAD linker stubs
LOAD C:/ST/STM32CubeIDE_1.19.0/STM32CubeIDE/plugins/com.st.stm32cube.ide.mcu.externaltools.gnu-tools-for-stm32.13.3.rel1.win32_1.0.0.202411081344/tools/bin/../lib/gcc/arm-none-eabi/13.3.1/../../../../arm-none-eabi/lib/thumb/v7e-m+dp/hard\libc.a
LOAD C:/ST/STM32CubeIDE_1.19.0/STM32CubeIDE/plugins/com.st.stm32cube.ide.mcu.externaltools.gnu-tools-for-stm32.13.3.rel1.win32_1.0.0.202411081344/tools/bin/../lib/gcc/arm-none-eabi/13.3.1/../../../../arm-none-eabi/lib/thumb/v7e-m+dp/hard\libm.a
LOAD C:/ST/STM32CubeIDE_1.19.0/STM32CubeIDE/plugins/com.st.stm32cube.ide.mcu.externaltools.gnu-tools-for-stm32.13.3.rel1.win32_1.0.0.202411081344/tools/bin/../lib/gcc/arm-none-eabi/13.3.1/thumb/v7e-m+dp/hard\libgcc.a

.debug_info     0x00000000    0x1db65
 .debug_info    0x00000000     0x1c0f ./Core/Src/bldc_interface.o
 .debug_info    0x00001c0f      0x1e4 ./Core/Src/bldc_interface_uart.o
 .debug_info    0x00001df3      0x749 ./Core/Src/buffer.o
 .debug_info    0x0000253c       0xc3 ./Core/Src/crc.o
 .debug_info    0x000025ff     0x2c6e ./Core/Src/main.o
 .debug_info    0x0000526d      0x2c6 ./Core/Src/packet.o
 .debug_info    0x00005533     0x2794 ./Core/Src/stm32f7xx_hal_msp.o
 .debug_info    0x00007cc7      0xb8e ./Core/Src/stm32f7xx_it.o
 .debug_info    0x00008855      0x6ed ./Core/Src/system_stm32f7xx.o
 .debug_info    0x00008f42       0x30 ./Core/Startup/startup_stm32f767zitx.o
 .debug_info    0x00008f72      0xa4c ./Drivers/STM32F7xx_HAL_Driver/Src/stm32f7xx_hal.o
 .debug_info    0x000099be      0xfc0 ./Drivers/STM32F7xx_HAL_Driver/Src/stm32f7xx_hal_cortex.o
 .debug_info    0x0000a97e      0x8e7 ./Drivers/STM32F7xx_HAL_Driver/Src/stm32f7xx_hal_dma.o
 .debug_info    0x0000b265     0x21b6 ./Drivers/STM32F7xx_HAL_Driver/Src/stm32f7xx_hal_eth.o
 .debug_info    0x0000d41b      0x6f3 ./Drivers/STM32F7xx_HAL_Driver/Src/stm32f7xx_hal_gpio.o
 .debug_info    0x0000db0e     0x2147 ./Drivers/STM32F7xx_HAL_Driver/Src/stm32f7xx_hal_i2c.o
 .debug_info    0x0000fc55      0x92e ./Drivers/STM32F7xx_HAL_Driver/Src/stm32f7xx_hal_i2c_ex.o
 .debug_info    0x00010583     0x1599 ./Drivers/STM32F7xx_HAL_Driver/Src/stm32f7xx_hal_pcd.o
 .debug_info    0x00011b1c      0x7a3 ./Drivers/STM32F7xx_HAL_Driver/Src/stm32f7xx_hal_pcd_ex.o
 .debug_info    0x000122bf      0x90e ./Drivers/STM32F7xx_HAL_Driver/Src/stm32f7xx_hal_pwr.o
 .debug_info    0x00012bcd      0x8cd ./Drivers/STM32F7xx_HAL_Driver/Src/stm32f7xx_hal_pwr_ex.o
 .debug_info    0x0001349a      0x94b ./Drivers/STM32F7xx_HAL_Driver/Src/stm32f7xx_hal_rcc.o
 .debug_info    0x00013de5      0x6e1 ./Drivers/STM32F7xx_HAL_Driver/Src/stm32f7xx_hal_rcc_ex.o
 .debug_info    0x000144c6     0x2ad5 ./Drivers/STM32F7xx_HAL_Driver/Src/stm32f7xx_hal_tim.o
 .debug_info    0x00016f9b     0x16bb ./Drivers/STM32F7xx_HAL_Driver/Src/stm32f7xx_hal_tim_ex.o
 .debug_info    0x00018656     0x3b13 ./Drivers/STM32F7xx_HAL_Driver/Src/stm32f7xx_hal_uart.o
 .debug_info    0x0001c169     0x19fc ./Drivers/STM32F7xx_HAL_Driver/Src/stm32f7xx_ll_usb.o

.debug_abbrev   0x00000000     0x3863
 .debug_abbrev  0x00000000      0x2c4 ./Core/Src/bldc_interface.o
 .debug_abbrev  0x000002c4      0x10a ./Core/Src/bldc_interface_uart.o
 .debug_abbrev  0x000003ce      0x131 ./Core/Src/buffer.o
 .debug_abbrev  0x000004ff       0xa8 ./Core/Src/crc.o
 .debug_abbrev  0x000005a7      0x356 ./Core/Src/main.o
 .debug_abbrev  0x000008fd      0x166 ./Core/Src/packet.o
 .debug_abbrev  0x00000a63      0x2bf ./Core/Src/stm32f7xx_hal_msp.o
 .debug_abbrev  0x00000d22      0x1b6 ./Core/Src/stm32f7xx_it.o
 .debug_abbrev  0x00000ed8      0x13b ./Core/Src/system_stm32f7xx.o
 .debug_abbrev  0x00001013       0x24 ./Core/Startup/startup_stm32f767zitx.o
 .debug_abbrev  0x00001037      0x213 ./Drivers/STM32F7xx_HAL_Driver/Src/stm32f7xx_hal.o
 .debug_abbrev  0x0000124a      0x31e ./Drivers/STM32F7xx_HAL_Driver/Src/stm32f7xx_hal_cortex.o
 .debug_abbrev  0x00001568      0x264 ./Drivers/STM32F7xx_HAL_Driver/Src/stm32f7xx_hal_dma.o
 .debug_abbrev  0x000017cc      0x35a ./Drivers/STM32F7xx_HAL_Driver/Src/stm32f7xx_hal_eth.o
 .debug_abbrev  0x00001b26      0x1d4 ./Drivers/STM32F7xx_HAL_Driver/Src/stm32f7xx_hal_gpio.o
 .debug_abbrev  0x00001cfa      0x260 ./Drivers/STM32F7xx_HAL_Driver/Src/stm32f7xx_hal_i2c.o
 .debug_abbrev  0x00001f5a      0x19c ./Drivers/STM32F7xx_HAL_Driver/Src/stm32f7xx_hal_i2c_ex.o
 .debug_abbrev  0x000020f6      0x2ee ./Drivers/STM32F7xx_HAL_Driver/Src/stm32f7xx_hal_pcd.o
 .debug_abbrev  0x000023e4      0x1ca ./Drivers/STM32F7xx_HAL_Driver/Src/stm32f7xx_hal_pcd_ex.o
 .debug_abbrev  0x000025ae      0x1c5 ./Drivers/STM32F7xx_HAL_Driver/Src/stm32f7xx_hal_pwr.o
 .debug_abbrev  0x00002773      0x1d5 ./Drivers/STM32F7xx_HAL_Driver/Src/stm32f7xx_hal_pwr_ex.o
 .debug_abbrev  0x00002948      0x2de ./Drivers/STM32F7xx_HAL_Driver/Src/stm32f7xx_hal_rcc.o
 .debug_abbrev  0x00002c26      0x1c9 ./Drivers/STM32F7xx_HAL_Driver/Src/stm32f7xx_hal_rcc_ex.o
 .debug_abbrev  0x00002def      0x278 ./Drivers/STM32F7xx_HAL_Driver/Src/stm32f7xx_hal_tim.o
 .debug_abbrev  0x00003067      0x283 ./Drivers/STM32F7xx_HAL_Driver/Src/stm32f7xx_hal_tim_ex.o
 .debug_abbrev  0x000032ea      0x2e6 ./Drivers/STM32F7xx_HAL_Driver/Src/stm32f7xx_hal_uart.o
 .debug_abbrev  0x000035d0      0x293 ./Drivers/STM32F7xx_HAL_Driver/Src/stm32f7xx_ll_usb.o

.debug_aranges  0x00000000     0x1958
 .debug_aranges
                0x00000000      0x160 ./Core/Src/bldc_interface.o
 .debug_aranges
                0x00000160       0x40 ./Core/Src/bldc_interface_uart.o
 .debug_aranges
                0x000001a0       0xb8 ./Core/Src/buffer.o
 .debug_aranges
                0x00000258       0x20 ./Core/Src/crc.o
 .debug_aranges
                0x00000278       0xb0 ./Core/Src/main.o
 .debug_aranges
                0x00000328       0x38 ./Core/Src/packet.o
 .debug_aranges
                0x00000360       0x70 ./Core/Src/stm32f7xx_hal_msp.o
 .debug_aranges
                0x000003d0       0xa0 ./Core/Src/stm32f7xx_it.o
 .debug_aranges
                0x00000470       0x28 ./Core/Src/system_stm32f7xx.o
 .debug_aranges
                0x00000498       0x28 ./Core/Startup/startup_stm32f767zitx.o
 .debug_aranges
                0x000004c0      0x110 ./Drivers/STM32F7xx_HAL_Driver/Src/stm32f7xx_hal.o
 .debug_aranges
                0x000005d0      0x128 ./Drivers/STM32F7xx_HAL_Driver/Src/stm32f7xx_hal_cortex.o
 .debug_aranges
                0x000006f8       0x90 ./Drivers/STM32F7xx_HAL_Driver/Src/stm32f7xx_hal_dma.o
 .debug_aranges
                0x00000788      0x1e8 ./Drivers/STM32F7xx_HAL_Driver/Src/stm32f7xx_hal_eth.o
 .debug_aranges
                0x00000970       0x58 ./Drivers/STM32F7xx_HAL_Driver/Src/stm32f7xx_hal_gpio.o
 .debug_aranges
                0x000009c8      0x2a0 ./Drivers/STM32F7xx_HAL_Driver/Src/stm32f7xx_hal_i2c.o
 .debug_aranges
                0x00000c68       0x38 ./Drivers/STM32F7xx_HAL_Driver/Src/stm32f7xx_hal_i2c_ex.o
 .debug_aranges
                0x00000ca0      0x148 ./Drivers/STM32F7xx_HAL_Driver/Src/stm32f7xx_hal_pcd.o
 .debug_aranges
                0x00000de8       0x48 ./Drivers/STM32F7xx_HAL_Driver/Src/stm32f7xx_hal_pcd_ex.o
 .debug_aranges
                0x00000e30       0xa0 ./Drivers/STM32F7xx_HAL_Driver/Src/stm32f7xx_hal_pwr.o
 .debug_aranges
                0x00000ed0       0x80 ./Drivers/STM32F7xx_HAL_Driver/Src/stm32f7xx_hal_pwr_ex.o
 .debug_aranges
                0x00000f50       0x88 ./Drivers/STM32F7xx_HAL_Driver/Src/stm32f7xx_hal_rcc.o
 .debug_aranges
                0x00000fd8       0x50 ./Drivers/STM32F7xx_HAL_Driver/Src/stm32f7xx_hal_rcc_ex.o
 .debug_aranges
                0x00001028      0x3e0 ./Drivers/STM32F7xx_HAL_Driver/Src/stm32f7xx_hal_tim.o
 .debug_aranges
                0x00001408      0x180 ./Drivers/STM32F7xx_HAL_Driver/Src/stm32f7xx_hal_tim_ex.o
 .debug_aranges
                0x00001588      0x230 ./Drivers/STM32F7xx_HAL_Driver/Src/stm32f7xx_hal_uart.o
 .debug_aranges
                0x000017b8      0x1a0 ./Drivers/STM32F7xx_HAL_Driver/Src/stm32f7xx_ll_usb.o

.debug_rnglists
                0x00000000     0x13c3
 .debug_rnglists
                0x00000000      0x107 ./Core/Src/bldc_interface.o
 .debug_rnglists
                0x00000107       0x2b ./Core/Src/bldc_interface_uart.o
 .debug_rnglists
                0x00000132       0x8b ./Core/Src/buffer.o
 .debug_rnglists
                0x000001bd       0x13 ./Core/Src/crc.o
 .debug_rnglists
                0x000001d0       0x86 ./Core/Src/main.o
 .debug_rnglists
                0x00000256       0x28 ./Core/Src/packet.o
 .debug_rnglists
                0x0000027e       0x54 ./Core/Src/stm32f7xx_hal_msp.o
 .debug_rnglists
                0x000002d2       0x73 ./Core/Src/stm32f7xx_it.o
 .debug_rnglists
                0x00000345       0x1a ./Core/Src/system_stm32f7xx.o
 .debug_rnglists
                0x0000035f       0x19 ./Core/Startup/startup_stm32f767zitx.o
 .debug_rnglists
                0x00000378       0xc7 ./Drivers/STM32F7xx_HAL_Driver/Src/stm32f7xx_hal.o
 .debug_rnglists
                0x0000043f       0xda ./Drivers/STM32F7xx_HAL_Driver/Src/stm32f7xx_hal_cortex.o
 .debug_rnglists
                0x00000519       0x70 ./Drivers/STM32F7xx_HAL_Driver/Src/stm32f7xx_hal_dma.o
 .debug_rnglists
                0x00000589      0x183 ./Drivers/STM32F7xx_HAL_Driver/Src/stm32f7xx_hal_eth.o
 .debug_rnglists
                0x0000070c       0x3f ./Drivers/STM32F7xx_HAL_Driver/Src/stm32f7xx_hal_gpio.o
 .debug_rnglists
                0x0000074b      0x228 ./Drivers/STM32F7xx_HAL_Driver/Src/stm32f7xx_hal_i2c.o
 .debug_rnglists
                0x00000973       0x27 ./Drivers/STM32F7xx_HAL_Driver/Src/stm32f7xx_hal_i2c_ex.o
 .debug_rnglists
                0x0000099a       0xfa ./Drivers/STM32F7xx_HAL_Driver/Src/stm32f7xx_hal_pcd.o
 .debug_rnglists
                0x00000a94       0x32 ./Drivers/STM32F7xx_HAL_Driver/Src/stm32f7xx_hal_pcd_ex.o
 .debug_rnglists
                0x00000ac6       0x74 ./Drivers/STM32F7xx_HAL_Driver/Src/stm32f7xx_hal_pwr.o
 .debug_rnglists
                0x00000b3a       0x5f ./Drivers/STM32F7xx_HAL_Driver/Src/stm32f7xx_hal_pwr_ex.o
 .debug_rnglists
                0x00000b99       0x67 ./Drivers/STM32F7xx_HAL_Driver/Src/stm32f7xx_hal_rcc.o
 .debug_rnglists
                0x00000c00       0x3c ./Drivers/STM32F7xx_HAL_Driver/Src/stm32f7xx_hal_rcc_ex.o
 .debug_rnglists
                0x00000c3c      0x328 ./Drivers/STM32F7xx_HAL_Driver/Src/stm32f7xx_hal_tim.o
 .debug_rnglists
                0x00000f64      0x138 ./Drivers/STM32F7xx_HAL_Driver/Src/stm32f7xx_hal_tim_ex.o
 .debug_rnglists
                0x0000109c      0x1e0 ./Drivers/STM32F7xx_HAL_Driver/Src/stm32f7xx_hal_uart.o
 .debug_rnglists
                0x0000127c      0x147 ./Drivers/STM32F7xx_HAL_Driver/Src/stm32f7xx_ll_usb.o

.debug_macro    0x00000000    0x2a681
 .debug_macro   0x00000000      0x15d ./Core/Src/bldc_interface.o
 .debug_macro   0x0000015d      0xaf0 ./Core/Src/bldc_interface.o
 .debug_macro   0x00000c4d       0x22 ./Core/Src/bldc_interface.o
 .debug_macro   0x00000c6f       0x8e ./Core/Src/bldc_interface.o
 .debug_macro   0x00000cfd       0x51 ./Core/Src/bldc_interface.o
 .debug_macro   0x00000d4e      0x103 ./Core/Src/bldc_interface.o
 .debug_macro   0x00000e51       0x6a ./Core/Src/bldc_interface.o
 .debug_macro   0x00000ebb      0x1df ./Core/Src/bldc_interface.o
 .debug_macro   0x0000109a       0x22 ./Core/Src/bldc_interface.o
 .debug_macro   0x000010bc       0x61 ./Core/Src/bldc_interface.o
 .debug_macro   0x0000111d       0x29 ./Core/Src/bldc_interface.o
 .debug_macro   0x00001146       0x43 ./Core/Src/bldc_interface.o
 .debug_macro   0x00001189       0x34 ./Core/Src/bldc_interface.o
 .debug_macro   0x000011bd      0x190 ./Core/Src/bldc_interface.o
 .debug_macro   0x0000134d      0x370 ./Core/Src/bldc_interface.o
 .debug_macro   0x000016bd       0x16 ./Core/Src/bldc_interface.o
 .debug_macro   0x000016d3       0x4a ./Core/Src/bldc_interface.o
 .debug_macro   0x0000171d       0x34 ./Core/Src/bldc_interface.o
 .debug_macro   0x00001751       0x10 ./Core/Src/bldc_interface.o
 .debug_macro   0x00001761       0x58 ./Core/Src/bldc_interface.o
 .debug_macro   0x000017b9       0x8e ./Core/Src/bldc_interface.o
 .debug_macro   0x00001847       0x1c ./Core/Src/bldc_interface.o
 .debug_macro   0x00001863      0x185 ./Core/Src/bldc_interface.o
 .debug_macro   0x000019e8       0x10 ./Core/Src/bldc_interface.o
 .debug_macro   0x000019f8       0x3c ./Core/Src/bldc_interface.o
 .debug_macro   0x00001a34       0x20 ./Core/Src/bldc_interface.o
 .debug_macro   0x00001a54       0x9f ./Core/Src/bldc_interface_uart.o
 .debug_macro   0x00001af3       0x16 ./Core/Src/bldc_interface_uart.o
 .debug_macro   0x00001b09      0x126 ./Core/Src/buffer.o
 .debug_macro   0x00001c2f      0x19b ./Core/Src/buffer.o
 .debug_macro   0x00001dca       0x1b ./Core/Src/crc.o
 .debug_macro   0x00001de5      0x39b ./Core/Src/main.o
 .debug_macro   0x00002180      0x29f ./Core/Src/main.o
 .debug_macro   0x0000241f       0x2e ./Core/Src/main.o
 .debug_macro   0x0000244d       0x3b ./Core/Src/main.o
 .debug_macro   0x00002488       0x1c ./Core/Src/main.o
 .debug_macro   0x000024a4       0x22 ./Core/Src/main.o
 .debug_macro   0x000024c6       0xd9 ./Core/Src/main.o
 .debug_macro   0x0000259f     0x12cd ./Core/Src/main.o
 .debug_macro   0x0000386c      0x11f ./Core/Src/main.o
 .debug_macro   0x0000398b       0x19 ./Core/Src/main.o
 .debug_macro   0x000039a4    0x1aa23 ./Core/Src/main.o
 .debug_macro   0x0001e3c7       0x6d ./Core/Src/main.o
 .debug_macro   0x0001e434     0x375e ./Core/Src/main.o
 .debug_macro   0x00021b92       0x63 ./Core/Src/main.o
 .debug_macro   0x00021bf5     0x1add ./Core/Src/main.o
 .debug_macro   0x000236d2      0x6c4 ./Core/Src/main.o
 .debug_macro   0x00023d96      0x18b ./Core/Src/main.o
 .debug_macro   0x00023f21      0x115 ./Core/Src/main.o
 .debug_macro   0x00024036      0x26e ./Core/Src/main.o
 .debug_macro   0x000242a4       0xa5 ./Core/Src/main.o
 .debug_macro   0x00024349      0x24f ./Core/Src/main.o
 .debug_macro   0x00024598       0x71 ./Core/Src/main.o
 .debug_macro   0x00024609       0x58 ./Core/Src/main.o
 .debug_macro   0x00024661      0x236 ./Core/Src/main.o
 .debug_macro   0x00024897      0xb99 ./Core/Src/main.o
 .debug_macro   0x00025430      0x14e ./Core/Src/main.o
 .debug_macro   0x0002557e      0x3db ./Core/Src/main.o
 .debug_macro   0x00025959       0x12 ./Core/Src/main.o
 .debug_macro   0x0002596b      0x22c ./Core/Src/main.o
 .debug_macro   0x00025b97       0x61 ./Core/Src/main.o
 .debug_macro   0x00025bf8       0xa5 ./Core/Src/main.o
 .debug_macro   0x00025c9d      0x12e ./Core/Src/main.o
 .debug_macro   0x00025dcb      0x108 ./Core/Src/main.o
 .debug_macro   0x00025ed3       0x35 ./Core/Src/main.o
 .debug_macro   0x00025f08      0xa91 ./Core/Src/main.o
 .debug_macro   0x00026999       0xa9 ./Core/Src/main.o
 .debug_macro   0x00026a42      0x5ba ./Core/Src/main.o
 .debug_macro   0x00026ffc       0x44 ./Core/Src/main.o
 .debug_macro   0x00027040      0x2cb ./Core/Src/main.o
 .debug_macro   0x0002730b       0xba ./Core/Src/main.o
 .debug_macro   0x000273c5      0x15b ./Core/Src/main.o
 .debug_macro   0x00027520      0x13c ./Core/Src/main.o
 .debug_macro   0x0002765c       0x1c ./Core/Src/main.o
 .debug_macro   0x00027678       0x1c ./Core/Src/main.o
 .debug_macro   0x00027694       0x10 ./Core/Src/main.o
 .debug_macro   0x000276a4       0x1c ./Core/Src/main.o
 .debug_macro   0x000276c0       0x16 ./Core/Src/main.o
 .debug_macro   0x000276d6      0x146 ./Core/Src/main.o
 .debug_macro   0x0002781c      0x149 ./Core/Src/packet.o
 .debug_macro   0x00027965       0x5b ./Core/Src/packet.o
 .debug_macro   0x000279c0       0x94 ./Core/Src/packet.o
 .debug_macro   0x00027a54       0x57 ./Core/Src/packet.o
 .debug_macro   0x00027aab      0x220 ./Core/Src/stm32f7xx_hal_msp.o
 .debug_macro   0x00027ccb      0x22a ./Core/Src/stm32f7xx_it.o
 .debug_macro   0x00027ef5      0x211 ./Core/Src/system_stm32f7xx.o
 .debug_macro   0x00028106      0x235 ./Drivers/STM32F7xx_HAL_Driver/Src/stm32f7xx_hal.o
 .debug_macro   0x0002833b      0x211 ./Drivers/STM32F7xx_HAL_Driver/Src/stm32f7xx_hal_cortex.o
 .debug_macro   0x0002854c      0x217 ./Drivers/STM32F7xx_HAL_Driver/Src/stm32f7xx_hal_dma.o
 .debug_macro   0x00028763      0x2eb ./Drivers/STM32F7xx_HAL_Driver/Src/stm32f7xx_hal_eth.o
 .debug_macro   0x00028a4e      0x217 ./Drivers/STM32F7xx_HAL_Driver/Src/stm32f7xx_hal_gpio.o
 .debug_macro   0x00028c65      0x2dd ./Drivers/STM32F7xx_HAL_Driver/Src/stm32f7xx_hal_i2c.o
 .debug_macro   0x00028f42      0x211 ./Drivers/STM32F7xx_HAL_Driver/Src/stm32f7xx_hal_i2c_ex.o
 .debug_macro   0x00029153      0x21d ./Drivers/STM32F7xx_HAL_Driver/Src/stm32f7xx_hal_pcd.o
 .debug_macro   0x00029370      0x211 ./Drivers/STM32F7xx_HAL_Driver/Src/stm32f7xx_hal_pcd_ex.o
 .debug_macro   0x00029581      0x22f ./Drivers/STM32F7xx_HAL_Driver/Src/stm32f7xx_hal_pwr.o
 .debug_macro   0x000297b0      0x229 ./Drivers/STM32F7xx_HAL_Driver/Src/stm32f7xx_hal_pwr_ex.o
 .debug_macro   0x000299d9      0x235 ./Drivers/STM32F7xx_HAL_Driver/Src/stm32f7xx_hal_rcc.o
 .debug_macro   0x00029c0e      0x211 ./Drivers/STM32F7xx_HAL_Driver/Src/stm32f7xx_hal_rcc_ex.o
 .debug_macro   0x00029e1f      0x212 ./Drivers/STM32F7xx_HAL_Driver/Src/stm32f7xx_hal_tim.o
 .debug_macro   0x0002a031      0x211 ./Drivers/STM32F7xx_HAL_Driver/Src/stm32f7xx_hal_tim_ex.o
 .debug_macro   0x0002a242      0x22e ./Drivers/STM32F7xx_HAL_Driver/Src/stm32f7xx_hal_uart.o
 .debug_macro   0x0002a470      0x211 ./Drivers/STM32F7xx_HAL_Driver/Src/stm32f7xx_ll_usb.o

.debug_line     0x00000000    0x1e471
 .debug_line    0x00000000     0x1780 ./Core/Src/bldc_interface.o
 .debug_line    0x00001780      0x4cd ./Core/Src/bldc_interface_uart.o
 .debug_line    0x00001c4d      0xabf ./Core/Src/buffer.o
 .debug_line    0x0000270c       0x81 ./Core/Src/crc.o
 .debug_line    0x0000278d      0xf7d ./Core/Src/main.o
 .debug_line    0x0000370a      0x74a ./Core/Src/packet.o
 .debug_line    0x00003e54      0xbfc ./Core/Src/stm32f7xx_hal_msp.o
 .debug_line    0x00004a50      0x93e ./Core/Src/stm32f7xx_it.o
 .debug_line    0x0000538e      0x843 ./Core/Src/system_stm32f7xx.o
 .debug_line    0x00005bd1       0x7a ./Core/Startup/startup_stm32f767zitx.o
 .debug_line    0x00005c4b      0xb26 ./Drivers/STM32F7xx_HAL_Driver/Src/stm32f7xx_hal.o
 .debug_line    0x00006771      0xd76 ./Drivers/STM32F7xx_HAL_Driver/Src/stm32f7xx_hal_cortex.o
 .debug_line    0x000074e7     0x1043 ./Drivers/STM32F7xx_HAL_Driver/Src/stm32f7xx_hal_dma.o
 .debug_line    0x0000852a     0x1ad6 ./Drivers/STM32F7xx_HAL_Driver/Src/stm32f7xx_hal_eth.o
 .debug_line    0x0000a000      0xc50 ./Drivers/STM32F7xx_HAL_Driver/Src/stm32f7xx_hal_gpio.o
 .debug_line    0x0000ac50     0x382d ./Drivers/STM32F7xx_HAL_Driver/Src/stm32f7xx_hal_i2c.o
 .debug_line    0x0000e47d      0x8a1 ./Drivers/STM32F7xx_HAL_Driver/Src/stm32f7xx_hal_i2c_ex.o
 .debug_line    0x0000ed1e     0x14ca ./Drivers/STM32F7xx_HAL_Driver/Src/stm32f7xx_hal_pcd.o
 .debug_line    0x000101e8      0x8e1 ./Drivers/STM32F7xx_HAL_Driver/Src/stm32f7xx_hal_pcd_ex.o
 .debug_line    0x00010ac9      0x9f6 ./Drivers/STM32F7xx_HAL_Driver/Src/stm32f7xx_hal_pwr.o
 .debug_line    0x000114bf      0xac6 ./Drivers/STM32F7xx_HAL_Driver/Src/stm32f7xx_hal_pwr_ex.o
 .debug_line    0x00011f85     0x102d ./Drivers/STM32F7xx_HAL_Driver/Src/stm32f7xx_hal_rcc.o
 .debug_line    0x00012fb2      0xf79 ./Drivers/STM32F7xx_HAL_Driver/Src/stm32f7xx_hal_rcc_ex.o
 .debug_line    0x00013f2b     0x3d91 ./Drivers/STM32F7xx_HAL_Driver/Src/stm32f7xx_hal_tim.o
 .debug_line    0x00017cbc     0x1bfc ./Drivers/STM32F7xx_HAL_Driver/Src/stm32f7xx_hal_tim_ex.o
 .debug_line    0x000198b8     0x2de2 ./Drivers/STM32F7xx_HAL_Driver/Src/stm32f7xx_hal_uart.o
 .debug_line    0x0001c69a     0x1dd7 ./Drivers/STM32F7xx_HAL_Driver/Src/stm32f7xx_ll_usb.o

.debug_str      0x00000000   0x10780a
 .debug_str     0x00000000   0x10780a ./Core/Src/bldc_interface.o
                               0x9294 (size before relaxing)
 .debug_str     0x0010780a     0x3fee ./Core/Src/bldc_interface_uart.o
 .debug_str     0x0010780a     0x7d9d ./Core/Src/buffer.o
 .debug_str     0x0010780a     0x2f1b ./Core/Src/crc.o
 .debug_str     0x0010780a    0xffed7 ./Core/Src/main.o
 .debug_str     0x0010780a     0x74d2 ./Core/Src/packet.o
 .debug_str     0x0010780a    0xfb9af ./Core/Src/stm32f7xx_hal_msp.o
 .debug_str     0x0010780a    0xfa3da ./Core/Src/stm32f7xx_it.o
 .debug_str     0x0010780a    0xf97f4 ./Core/Src/system_stm32f7xx.o
 .debug_str     0x0010780a       0x92 ./Core/Startup/startup_stm32f767zitx.o
 .debug_str     0x0010780a    0xfa234 ./Drivers/STM32F7xx_HAL_Driver/Src/stm32f7xx_hal.o
 .debug_str     0x0010780a    0xfa216 ./Drivers/STM32F7xx_HAL_Driver/Src/stm32f7xx_hal_cortex.o
 .debug_str     0x0010780a    0xf9b33 ./Drivers/STM32F7xx_HAL_Driver/Src/stm32f7xx_hal_dma.o
 .debug_str     0x0010780a    0xfb030 ./Drivers/STM32F7xx_HAL_Driver/Src/stm32f7xx_hal_eth.o
 .debug_str     0x0010780a    0xf98b2 ./Drivers/STM32F7xx_HAL_Driver/Src/stm32f7xx_hal_gpio.o
 .debug_str     0x0010780a    0xfaa07 ./Drivers/STM32F7xx_HAL_Driver/Src/stm32f7xx_hal_i2c.o
 .debug_str     0x0010780a    0xf9c86 ./Drivers/STM32F7xx_HAL_Driver/Src/stm32f7xx_hal_i2c_ex.o
 .debug_str     0x0010780a    0xfa22d ./Drivers/STM32F7xx_HAL_Driver/Src/stm32f7xx_hal_pcd.o
 .debug_str     0x0010780a    0xf9b2f ./Drivers/STM32F7xx_HAL_Driver/Src/stm32f7xx_hal_pcd_ex.o
 .debug_str     0x0010780a    0xf9a95 ./Drivers/STM32F7xx_HAL_Driver/Src/stm32f7xx_hal_pwr.o
 .debug_str     0x0010780a    0xf9a63 ./Drivers/STM32F7xx_HAL_Driver/Src/stm32f7xx_hal_pwr_ex.o
 .debug_str     0x0010780a    0xf9b6f ./Drivers/STM32F7xx_HAL_Driver/Src/stm32f7xx_hal_rcc.o
 .debug_str     0x0010780a    0xf9ad2 ./Drivers/STM32F7xx_HAL_Driver/Src/stm32f7xx_hal_rcc_ex.o
 .debug_str     0x0010780a    0xfab17 ./Drivers/STM32F7xx_HAL_Driver/Src/stm32f7xx_hal_tim.o
 .debug_str     0x0010780a    0xfa41d ./Drivers/STM32F7xx_HAL_Driver/Src/stm32f7xx_hal_tim_ex.o
 .debug_str     0x0010780a    0xfa4bd ./Drivers/STM32F7xx_HAL_Driver/Src/stm32f7xx_hal_uart.o
 .debug_str     0x0010780a    0xfa10a ./Drivers/STM32F7xx_HAL_Driver/Src/stm32f7xx_ll_usb.o

.comment        0x00000000       0x43
 .comment       0x00000000       0x43 ./Core/Src/bldc_interface.o
                                 0x44 (size before relaxing)
 .comment       0x00000043       0x44 ./Core/Src/bldc_interface_uart.o
 .comment       0x00000043       0x44 ./Core/Src/buffer.o
 .comment       0x00000043       0x44 ./Core/Src/crc.o
 .comment       0x00000043       0x44 ./Core/Src/main.o
 .comment       0x00000043       0x44 ./Core/Src/packet.o
 .comment       0x00000043       0x44 ./Core/Src/stm32f7xx_hal_msp.o
 .comment       0x00000043       0x44 ./Core/Src/stm32f7xx_it.o
 .comment       0x00000043       0x44 ./Core/Src/system_stm32f7xx.o
 .comment       0x00000043       0x44 ./Drivers/STM32F7xx_HAL_Driver/Src/stm32f7xx_hal.o
 .comment       0x00000043       0x44 ./Drivers/STM32F7xx_HAL_Driver/Src/stm32f7xx_hal_cortex.o
 .comment       0x00000043       0x44 ./Drivers/STM32F7xx_HAL_Driver/Src/stm32f7xx_hal_dma.o
 .comment       0x00000043       0x44 ./Drivers/STM32F7xx_HAL_Driver/Src/stm32f7xx_hal_eth.o
 .comment       0x00000043       0x44 ./Drivers/STM32F7xx_HAL_Driver/Src/stm32f7xx_hal_gpio.o
 .comment       0x00000043       0x44 ./Drivers/STM32F7xx_HAL_Driver/Src/stm32f7xx_hal_i2c.o
 .comment       0x00000043       0x44 ./Drivers/STM32F7xx_HAL_Driver/Src/stm32f7xx_hal_i2c_ex.o
 .comment       0x00000043       0x44 ./Drivers/STM32F7xx_HAL_Driver/Src/stm32f7xx_hal_pcd.o
 .comment       0x00000043       0x44 ./Drivers/STM32F7xx_HAL_Driver/Src/stm32f7xx_hal_pcd_ex.o
 .comment       0x00000043       0x44 ./Drivers/STM32F7xx_HAL_Driver/Src/stm32f7xx_hal_pwr.o
 .comment       0x00000043       0x44 ./Drivers/STM32F7xx_HAL_Driver/Src/stm32f7xx_hal_pwr_ex.o
 .comment       0x00000043       0x44 ./Drivers/STM32F7xx_HAL_Driver/Src/stm32f7xx_hal_rcc.o
 .comment       0x00000043       0x44 ./Drivers/STM32F7xx_HAL_Driver/Src/stm32f7xx_hal_rcc_ex.o
 .comment       0x00000043       0x44 ./Drivers/STM32F7xx_HAL_Driver/Src/stm32f7xx_hal_tim.o
 .comment       0x00000043       0x44 ./Drivers/STM32F7xx_HAL_Driver/Src/stm32f7xx_hal_tim_ex.o
 .comment       0x00000043       0x44 ./Drivers/STM32F7xx_HAL_Driver/Src/stm32f7xx_hal_uart.o
 .comment       0x00000043       0x44 ./Drivers/STM32F7xx_HAL_Driver/Src/stm32f7xx_ll_usb.o

.debug_frame    0x00000000     0x6eb0
 .debug_frame   0x00000000      0x624 ./Core/Src/bldc_interface.o
 .debug_frame   0x00000624       0xbc ./Core/Src/bldc_interface_uart.o
 .debug_frame   0x000006e0      0x340 ./Core/Src/buffer.o
 .debug_frame   0x00000a20       0x38 ./Core/Src/crc.o
 .debug_frame   0x00000a58      0x270 ./Core/Src/main.o
 .debug_frame   0x00000cc8       0xb0 ./Core/Src/packet.o
 .debug_frame   0x00000d78      0x1ac ./Core/Src/stm32f7xx_hal_msp.o
 .debug_frame   0x00000f24      0x1e4 ./Core/Src/stm32f7xx_it.o
 .debug_frame   0x00001108       0x58 ./Core/Src/system_stm32f7xx.o
 .debug_frame   0x00001160      0x3f4 ./Drivers/STM32F7xx_HAL_Driver/Src/stm32f7xx_hal.o
 .debug_frame   0x00001554      0x4e8 ./Drivers/STM32F7xx_HAL_Driver/Src/stm32f7xx_hal_cortex.o
 .debug_frame   0x00001a3c      0x250 ./Drivers/STM32F7xx_HAL_Driver/Src/stm32f7xx_hal_dma.o
 .debug_frame   0x00001c8c      0x8c0 ./Drivers/STM32F7xx_HAL_Driver/Src/stm32f7xx_hal_eth.o
 .debug_frame   0x0000254c      0x14c ./Drivers/STM32F7xx_HAL_Driver/Src/stm32f7xx_hal_gpio.o
 .debug_frame   0x00002698      0xc38 ./Drivers/STM32F7xx_HAL_Driver/Src/stm32f7xx_hal_i2c.o
 .debug_frame   0x000032d0       0xb0 ./Drivers/STM32F7xx_HAL_Driver/Src/stm32f7xx_hal_i2c_ex.o
 .debug_frame   0x00003380      0x5b8 ./Drivers/STM32F7xx_HAL_Driver/Src/stm32f7xx_hal_pcd.o
 .debug_frame   0x00003938      0x100 ./Drivers/STM32F7xx_HAL_Driver/Src/stm32f7xx_hal_pcd_ex.o
 .debug_frame   0x00003a38      0x254 ./Drivers/STM32F7xx_HAL_Driver/Src/stm32f7xx_hal_pwr.o
 .debug_frame   0x00003c8c      0x1c8 ./Drivers/STM32F7xx_HAL_Driver/Src/stm32f7xx_hal_pwr_ex.o
 .debug_frame   0x00003e54      0x1f8 ./Drivers/STM32F7xx_HAL_Driver/Src/stm32f7xx_hal_rcc.o
 .debug_frame   0x0000404c      0x118 ./Drivers/STM32F7xx_HAL_Driver/Src/stm32f7xx_hal_rcc_ex.o
 .debug_frame   0x00004164     0x121c ./Drivers/STM32F7xx_HAL_Driver/Src/stm32f7xx_hal_tim.o
 .debug_frame   0x00005380      0x6b0 ./Drivers/STM32F7xx_HAL_Driver/Src/stm32f7xx_hal_tim_ex.o
 .debug_frame   0x00005a30      0xa10 ./Drivers/STM32F7xx_HAL_Driver/Src/stm32f7xx_hal_uart.o
 .debug_frame   0x00006440      0x7c0 ./Drivers/STM32F7xx_HAL_Driver/Src/stm32f7xx_ll_usb.o
 .debug_frame   0x00006c00      0x144 C:/ST/STM32CubeIDE_1.19.0/STM32CubeIDE/plugins/com.st.stm32cube.ide.mcu.externaltools.gnu-tools-for-stm32.13.3.rel1.win32_1.0.0.202411081344/tools/bin/../lib/gcc/arm-none-eabi/13.3.1/../../../../arm-none-eabi/lib/thumb/v7e-m+dp/hard\libc_nano.a(libc_a-findfp.o)
 .debug_frame   0x00006d44       0x20 C:/ST/STM32CubeIDE_1.19.0/STM32CubeIDE/plugins/com.st.stm32cube.ide.mcu.externaltools.gnu-tools-for-stm32.13.3.rel1.win32_1.0.0.202411081344/tools/bin/../lib/gcc/arm-none-eabi/13.3.1/../../../../arm-none-eabi/lib/thumb/v7e-m+dp/hard\libc_nano.a(libc_a-memset.o)
 .debug_frame   0x00006d64       0x20 C:/ST/STM32CubeIDE_1.19.0/STM32CubeIDE/plugins/com.st.stm32cube.ide.mcu.externaltools.gnu-tools-for-stm32.13.3.rel1.win32_1.0.0.202411081344/tools/bin/../lib/gcc/arm-none-eabi/13.3.1/../../../../arm-none-eabi/lib/thumb/v7e-m+dp/hard\libc_nano.a(libc_a-errno.o)
 .debug_frame   0x00006d84       0x2c C:/ST/STM32CubeIDE_1.19.0/STM32CubeIDE/plugins/com.st.stm32cube.ide.mcu.externaltools.gnu-tools-for-stm32.13.3.rel1.win32_1.0.0.202411081344/tools/bin/../lib/gcc/arm-none-eabi/13.3.1/../../../../arm-none-eabi/lib/thumb/v7e-m+dp/hard\libc_nano.a(libc_a-init.o)
 .debug_frame   0x00006db0       0x28 C:/ST/STM32CubeIDE_1.19.0/STM32CubeIDE/plugins/com.st.stm32cube.ide.mcu.externaltools.gnu-tools-for-stm32.13.3.rel1.win32_1.0.0.202411081344/tools/bin/../lib/gcc/arm-none-eabi/13.3.1/../../../../arm-none-eabi/lib/thumb/v7e-m+dp/hard\libc_nano.a(libc_a-memcpy-stub.o)
 .debug_frame   0x00006dd8       0x38 C:/ST/STM32CubeIDE_1.19.0/STM32CubeIDE/plugins/com.st.stm32cube.ide.mcu.externaltools.gnu-tools-for-stm32.13.3.rel1.win32_1.0.0.202411081344/tools/bin/../lib/gcc/arm-none-eabi/13.3.1/../../../../arm-none-eabi/lib/thumb/v7e-m+dp/hard\libc_nano.a(libm_a-sf_ldexp.o)
 .debug_frame   0x00006e10       0x20 C:/ST/STM32CubeIDE_1.19.0/STM32CubeIDE/plugins/com.st.stm32cube.ide.mcu.externaltools.gnu-tools-for-stm32.13.3.rel1.win32_1.0.0.202411081344/tools/bin/../lib/gcc/arm-none-eabi/13.3.1/../../../../arm-none-eabi/lib/thumb/v7e-m+dp/hard\libc_nano.a(libm_a-sf_scalbn.o)
 .debug_frame   0x00006e30       0x20 C:/ST/STM32CubeIDE_1.19.0/STM32CubeIDE/plugins/com.st.stm32cube.ide.mcu.externaltools.gnu-tools-for-stm32.13.3.rel1.win32_1.0.0.202411081344/tools/bin/../lib/gcc/arm-none-eabi/13.3.1/../../../../arm-none-eabi/lib/thumb/v7e-m+dp/hard\libc_nano.a(libm_a-sf_finite.o)