../Core/Src/main.c:121:5:main	64	static
../Core/Src/main.c:276:6:SystemClock_Config	88	static
../Core/Src/main.c:334:13:MX_ETH_Init	8	static
../Core/Src/main.c:383:13:MX_TIM4_Init	40	static
../Core/Src/main.c:429:13:MX_TIM9_Init	24	static
../Core/Src/main.c:467:13:MX_UART4_Init	8	static
../Core/Src/main.c:502:13:MX_UART5_Init	8	static
../Core/Src/main.c:537:13:MX_UART7_Init	8	static
../Core/Src/main.c:572:13:MX_USART3_UART_Init	8	static
../Core/Src/main.c:607:13:MX_USART6_UART_Init	8	static
../Core/Src/main.c:642:13:MX_USB_OTG_FS_PCD_Init	8	static
../Core/Src/main.c:677:13:MX_GPIO_Init	56	static
../Core/Src/main.c:744:6:send_left	16	static
../Core/Src/main.c:747:6:send_right	16	static
../Core/Src/main.c:757:6:HAL_UART_RxCpltCallback	16	static
../Core/Src/main.c:775:6:HAL_TIM_PeriodElapsedCallback	16	static
../Core/Src/main.c:789:6:Error_Handler	4	static,ignoring_inline_asm
